[2026-05-02T09:46:29.019+0000] {local_task_job_runner.py:123} INFO - ::group::Pre task execution logs
[2026-05-02T09:46:29.050+0000] {taskinstance.py:2614} INFO - Dependencies all met for dep_context=non-requeueable deps ti=<TaskInstance: orders_kafka_to_s3.consume_orders manual__2026-05-02T09:46:16.886037+00:00 [queued]>
[2026-05-02T09:46:29.066+0000] {taskinstance.py:2614} INFO - Dependencies all met for dep_context=requeueable deps ti=<TaskInstance: orders_kafka_to_s3.consume_orders manual__2026-05-02T09:46:16.886037+00:00 [queued]>
[2026-05-02T09:46:29.066+0000] {taskinstance.py:2867} INFO - Starting attempt 1 of 1
[2026-05-02T09:46:29.087+0000] {taskinstance.py:2890} INFO - Executing <Task(PythonOperator): consume_orders> on 2026-05-02 09:46:16.886037+00:00
[2026-05-02T09:46:29.096+0000] {warnings.py:112} WARNING - /home/***/.local/lib/python3.12/site-packages/***/task/task_runner/standard_task_runner.py:70: DeprecationWarning: This process (pid=775) is multi-threaded, use of fork() may lead to deadlocks in the child.
  pid = os.fork()

[2026-05-02T09:46:29.099+0000] {standard_task_runner.py:72} INFO - Started process 776 to run task
[2026-05-02T09:46:29.099+0000] {standard_task_runner.py:104} INFO - Running: ['***', 'tasks', 'run', 'orders_kafka_to_s3', 'consume_orders', 'manual__2026-05-02T09:46:16.886037+00:00', '--job-id', '68', '--raw', '--subdir', 'DAGS_FOLDER/main.py', '--cfg-path', '/tmp/tmp44dfr717']
[2026-05-02T09:46:29.103+0000] {standard_task_runner.py:105} INFO - Job 68: Subtask consume_orders
[2026-05-02T09:46:29.188+0000] {task_command.py:467} INFO - Running <TaskInstance: orders_kafka_to_s3.consume_orders manual__2026-05-02T09:46:16.886037+00:00 [running]> on host 548e02207ef4
[2026-05-02T09:46:29.305+0000] {taskinstance.py:3134} INFO - Exporting env vars: AIRFLOW_CTX_DAG_OWNER='kafka_streaming' AIRFLOW_CTX_DAG_ID='orders_kafka_to_s3' AIRFLOW_CTX_TASK_ID='consume_orders' AIRFLOW_CTX_EXECUTION_DATE='2026-05-02T09:46:16.886037+00:00' AIRFLOW_CTX_TRY_NUMBER='1' AIRFLOW_CTX_DAG_RUN_ID='manual__2026-05-02T09:46:16.886037+00:00'
[2026-05-02T09:46:29.309+0000] {taskinstance.py:732} INFO - ::endgroup::
[2026-05-02T09:46:29.365+0000] {base.py:84} INFO - Retrieving connection 'aws_default'
[2026-05-02T09:46:30.472+0000] {consumer.py:186} INFO - Consumer started. batch_size=8  batch_timeout=30s  idle_exit=30s
[2026-05-02T09:46:33.700+0000] {consumer.py:222} INFO - Flushing batch #0000 (8 rows) — size
[2026-05-02T09:46:35.643+0000] {consumer.py:150} INFO - ✔ Batch #0000 → s3://streamstore-081653452945-ap-south-1-an/streamstore/year_2026_month_05_day_02_batch_20260502_094633_0000.csv  (8 rows, 0.4 KB)
[2026-05-02T09:47:04.655+0000] {consumer.py:213} INFO - Idle for 30s — exiting.
[2026-05-02T09:47:04.683+0000] {consumer.py:257} INFO - Consumer done. rows=8  files=1
[2026-05-02T09:47:04.695+0000] {python.py:240} INFO - Done. Returned value was: {'total_rows': 8, 'total_files': 1}
[2026-05-02T09:47:04.742+0000] {taskinstance.py:341} INFO - ::group::Post task execution logs
[2026-05-02T09:47:04.743+0000] {taskinstance.py:353} INFO - Marking task as SUCCESS. dag_id=orders_kafka_to_s3, task_id=consume_orders, run_id=manual__2026-05-02T09:46:16.886037+00:00, execution_date=20260502T094616, start_date=20260502T094629, end_date=20260502T094704
[2026-05-02T09:47:04.868+0000] {local_task_job_runner.py:266} INFO - Task exited with return code 0
[2026-05-02T09:47:04.921+0000] {taskinstance.py:3901} INFO - 1 downstream tasks scheduled from follow-on schedule check
[2026-05-02T09:47:04.928+0000] {local_task_job_runner.py:245} INFO - ::endgroup::
