[2026-04-30T09:06:44.281+0000] {local_task_job_runner.py:123} INFO - ::group::Pre task execution logs
[2026-04-30T09:06:44.304+0000] {taskinstance.py:2614} INFO - Dependencies all met for dep_context=non-requeueable deps ti=<TaskInstance: orders_kafka_to_s3.produce_orders manual__2026-04-30T09:06:41.958003+00:00 [queued]>
[2026-04-30T09:06:44.314+0000] {taskinstance.py:2614} INFO - Dependencies all met for dep_context=requeueable deps ti=<TaskInstance: orders_kafka_to_s3.produce_orders manual__2026-04-30T09:06:41.958003+00:00 [queued]>
[2026-04-30T09:06:44.315+0000] {taskinstance.py:2867} INFO - Starting attempt 1 of 1
[2026-04-30T09:06:44.336+0000] {taskinstance.py:2890} INFO - Executing <Task(PythonOperator): produce_orders> on 2026-04-30 09:06:41.958003+00:00
[2026-04-30T09:06:44.346+0000] {warnings.py:112} WARNING - /home/***/.local/lib/python3.12/site-packages/***/task/task_runner/standard_task_runner.py:70: DeprecationWarning: This process (pid=748) is multi-threaded, use of fork() may lead to deadlocks in the child.
  pid = os.fork()

[2026-04-30T09:06:44.349+0000] {standard_task_runner.py:72} INFO - Started process 749 to run task
[2026-04-30T09:06:44.351+0000] {standard_task_runner.py:104} INFO - Running: ['***', 'tasks', 'run', 'orders_kafka_to_s3', 'produce_orders', 'manual__2026-04-30T09:06:41.958003+00:00', '--job-id', '11', '--raw', '--subdir', 'DAGS_FOLDER/main.py', '--cfg-path', '/tmp/tmpv2qd59xd']
[2026-04-30T09:06:44.354+0000] {standard_task_runner.py:105} INFO - Job 11: Subtask produce_orders
[2026-04-30T09:06:44.446+0000] {task_command.py:467} INFO - Running <TaskInstance: orders_kafka_to_s3.produce_orders manual__2026-04-30T09:06:41.958003+00:00 [running]> on host 2060b8b3abe6
[2026-04-30T09:06:44.868+0000] {taskinstance.py:3134} INFO - Exporting env vars: AIRFLOW_CTX_DAG_OWNER='kafka_streaming' AIRFLOW_CTX_DAG_ID='orders_kafka_to_s3' AIRFLOW_CTX_TASK_ID='produce_orders' AIRFLOW_CTX_EXECUTION_DATE='2026-04-30T09:06:41.958003+00:00' AIRFLOW_CTX_TRY_NUMBER='1' AIRFLOW_CTX_DAG_RUN_ID='manual__2026-04-30T09:06:41.958003+00:00'
[2026-04-30T09:06:44.871+0000] {taskinstance.py:732} INFO - ::endgroup::
[2026-04-30T09:06:44.971+0000] {producer.py:98} INFO - Producer starting at offset 24 — will send 8 rows
[2026-04-30T09:06:45.030+0000] {producer.py:83} INFO - Delivered to orders_topic [0]
[2026-04-30T09:06:45.031+0000] {producer.py:83} INFO - Delivered to orders_topic [0]
[2026-04-30T09:06:45.032+0000] {producer.py:83} INFO - Delivered to orders_topic [0]
[2026-04-30T09:06:45.033+0000] {producer.py:83} INFO - Delivered to orders_topic [0]
[2026-04-30T09:06:45.034+0000] {producer.py:83} INFO - Delivered to orders_topic [0]
[2026-04-30T09:06:45.034+0000] {producer.py:83} INFO - Delivered to orders_topic [0]
[2026-04-30T09:06:45.035+0000] {producer.py:83} INFO - Delivered to orders_topic [0]
[2026-04-30T09:06:45.036+0000] {producer.py:83} INFO - Delivered to orders_topic [0]
[2026-04-30T09:06:45.051+0000] {crypto.py:82} WARNING - empty cryptography key - values will not be stored encrypted.
[2026-04-30T09:06:45.059+0000] {producer.py:145} INFO - Producer done. Rows sent: 8  |  Next offset: 32
[2026-04-30T09:06:45.061+0000] {python.py:240} INFO - Done. Returned value was: {'rows_sent': 8, 'next_offset': 32}
[2026-04-30T09:06:45.111+0000] {taskinstance.py:341} INFO - ::group::Post task execution logs
[2026-04-30T09:06:45.112+0000] {taskinstance.py:353} INFO - Marking task as SUCCESS. dag_id=orders_kafka_to_s3, task_id=produce_orders, run_id=manual__2026-04-30T09:06:41.958003+00:00, execution_date=20260430T090641, start_date=20260430T090644, end_date=20260430T090645
[2026-04-30T09:06:45.301+0000] {local_task_job_runner.py:266} INFO - Task exited with return code 0
[2026-04-30T09:06:45.347+0000] {taskinstance.py:3901} INFO - 1 downstream tasks scheduled from follow-on schedule check
[2026-04-30T09:06:45.350+0000] {local_task_job_runner.py:245} INFO - ::endgroup::
