[2026-04-30T09:06:47.484+0000] {local_task_job_runner.py:123} INFO - ::group::Pre task execution logs
[2026-04-30T09:06:47.535+0000] {taskinstance.py:2614} INFO - Dependencies all met for dep_context=non-requeueable deps ti=<TaskInstance: orders_kafka_to_s3.consume_orders manual__2026-04-30T09:06:41.958003+00:00 [queued]>
[2026-04-30T09:06:47.559+0000] {taskinstance.py:2614} INFO - Dependencies all met for dep_context=requeueable deps ti=<TaskInstance: orders_kafka_to_s3.consume_orders manual__2026-04-30T09:06:41.958003+00:00 [queued]>
[2026-04-30T09:06:47.560+0000] {taskinstance.py:2867} INFO - Starting attempt 1 of 1
[2026-04-30T09:06:47.588+0000] {taskinstance.py:2890} INFO - Executing <Task(PythonOperator): consume_orders> on 2026-04-30 09:06:41.958003+00:00
[2026-04-30T09:06:47.597+0000] {warnings.py:112} WARNING - /home/***/.local/lib/python3.12/site-packages/***/task/task_runner/standard_task_runner.py:70: DeprecationWarning: This process (pid=755) is multi-threaded, use of fork() may lead to deadlocks in the child.
  pid = os.fork()

[2026-04-30T09:06:47.601+0000] {standard_task_runner.py:72} INFO - Started process 756 to run task
[2026-04-30T09:06:47.601+0000] {standard_task_runner.py:104} INFO - Running: ['***', 'tasks', 'run', 'orders_kafka_to_s3', 'consume_orders', 'manual__2026-04-30T09:06:41.958003+00:00', '--job-id', '12', '--raw', '--subdir', 'DAGS_FOLDER/main.py', '--cfg-path', '/tmp/tmpiu8b92pr']
[2026-04-30T09:06:47.603+0000] {standard_task_runner.py:105} INFO - Job 12: Subtask consume_orders
[2026-04-30T09:06:47.715+0000] {task_command.py:467} INFO - Running <TaskInstance: orders_kafka_to_s3.consume_orders manual__2026-04-30T09:06:41.958003+00:00 [running]> on host 2060b8b3abe6
[2026-04-30T09:06:47.820+0000] {taskinstance.py:3134} INFO - Exporting env vars: AIRFLOW_CTX_DAG_OWNER='kafka_streaming' AIRFLOW_CTX_DAG_ID='orders_kafka_to_s3' AIRFLOW_CTX_TASK_ID='consume_orders' AIRFLOW_CTX_EXECUTION_DATE='2026-04-30T09:06:41.958003+00:00' AIRFLOW_CTX_TRY_NUMBER='1' AIRFLOW_CTX_DAG_RUN_ID='manual__2026-04-30T09:06:41.958003+00:00'
[2026-04-30T09:06:47.823+0000] {taskinstance.py:732} INFO - ::endgroup::
[2026-04-30T09:06:47.863+0000] {base.py:84} INFO - Retrieving connection 'aws_default'
[2026-04-30T09:06:48.123+0000] {consumer.py:177} INFO - Consumer started. batch_size=8  batch_timeout=30s  idle_exit=30s
[2026-04-30T09:06:52.018+0000] {consumer.py:212} INFO - Flushing batch #0000 (8 rows) — size
[2026-04-30T09:06:52.083+0000] {consumer.py:238} INFO - Consumer done. rows=0  files=0
[2026-04-30T09:06:52.084+0000] {taskinstance.py:3313} ERROR - Task failed with exception
Traceback (most recent call last):
  File "/home/airflow/.local/lib/python3.12/site-packages/airflow/models/taskinstance.py", line 763, in _execute_task
    result = _execute_callable(context=context, **execute_callable_kwargs)
             ^^^^^^^^^^^^^^^^^^^^^^^^^^^^^^^^^^^^^^^^^^^^^^^^^^^^^^^^^^^^^
  File "/home/airflow/.local/lib/python3.12/site-packages/airflow/models/taskinstance.py", line 734, in _execute_callable
    return ExecutionCallableRunner(
           ^^^^^^^^^^^^^^^^^^^^^^^^
  File "/home/airflow/.local/lib/python3.12/site-packages/airflow/utils/operator_helpers.py", line 252, in run
    return self.func(*args, **kwargs)
           ^^^^^^^^^^^^^^^^^^^^^^^^^^
  File "/home/airflow/.local/lib/python3.12/site-packages/airflow/models/baseoperator.py", line 424, in wrapper
    return func(self, *args, **kwargs)
           ^^^^^^^^^^^^^^^^^^^^^^^^^^^
  File "/home/airflow/.local/lib/python3.12/site-packages/airflow/operators/python.py", line 238, in execute
    return_value = self.execute_callable()
                   ^^^^^^^^^^^^^^^^^^^^^^^
  File "/home/airflow/.local/lib/python3.12/site-packages/airflow/operators/python.py", line 256, in execute_callable
    return runner.run(*self.op_args, **self.op_kwargs)
           ^^^^^^^^^^^^^^^^^^^^^^^^^^^^^^^^^^^^^^^^^^^
  File "/home/airflow/.local/lib/python3.12/site-packages/airflow/utils/operator_helpers.py", line 252, in run
    return self.func(*args, **kwargs)
           ^^^^^^^^^^^^^^^^^^^^^^^^^^
  File "/opt/airflow/services/consumer.py", line 213, in consume_orders
    key = _flush_to_s3(s3_client, bucket, batch, batch_id)
          ^^^^^^^^^^^^^^^^^^^^^^^^^^^^^^^^^^^^^^^^^^^^^^^^
  File "/opt/airflow/services/consumer.py", line 138, in _flush_to_s3
    csv_bytes = _batch_to_csv_bytes(batch)
                ^^^^^^^^^^^^^^^^^^^^^^^^^^
  File "/opt/airflow/services/consumer.py", line 127, in _batch_to_csv_bytes
    writer = csv.DictWriter(buf, fieldnames=list(batch[0].keys()), lineterminator="\n")
                                                 ^^^^^^^^^^^^^
AttributeError: 'bytes' object has no attribute 'keys'
[2026-04-30T09:06:52.119+0000] {taskinstance.py:1226} INFO - Marking task as FAILED. dag_id=orders_kafka_to_s3, task_id=consume_orders, run_id=manual__2026-04-30T09:06:41.958003+00:00, execution_date=20260430T090641, start_date=20260430T090647, end_date=20260430T090652
[2026-04-30T09:06:52.176+0000] {taskinstance.py:341} INFO - ::group::Post task execution logs
[2026-04-30T09:06:52.179+0000] {standard_task_runner.py:124} ERROR - Failed to execute job 12 for task consume_orders ('bytes' object has no attribute 'keys'; 756)
Traceback (most recent call last):
  File "/home/airflow/.local/lib/python3.12/site-packages/airflow/task/task_runner/standard_task_runner.py", line 117, in _start_by_fork
    ret = args.func(args, dag=self.dag)
          ^^^^^^^^^^^^^^^^^^^^^^^^^^^^^
  File "/home/airflow/.local/lib/python3.12/site-packages/airflow/cli/cli_config.py", line 49, in command
    return func(*args, **kwargs)
           ^^^^^^^^^^^^^^^^^^^^^
  File "/home/airflow/.local/lib/python3.12/site-packages/airflow/utils/cli.py", line 116, in wrapper
    return f(*args, **kwargs)
           ^^^^^^^^^^^^^^^^^^
  File "/home/airflow/.local/lib/python3.12/site-packages/airflow/cli/commands/task_command.py", line 483, in task_run
    task_return_code = _run_task_by_selected_method(args, _dag, ti)
                       ^^^^^^^^^^^^^^^^^^^^^^^^^^^^^^^^^^^^^^^^^^^^
  File "/home/airflow/.local/lib/python3.12/site-packages/airflow/cli/commands/task_command.py", line 256, in _run_task_by_selected_method
    return _run_raw_task(args, ti)
           ^^^^^^^^^^^^^^^^^^^^^^^
  File "/home/airflow/.local/lib/python3.12/site-packages/airflow/cli/commands/task_command.py", line 341, in _run_raw_task
    return ti._run_raw_task(
           ^^^^^^^^^^^^^^^^^
  File "/home/airflow/.local/lib/python3.12/site-packages/airflow/utils/session.py", line 97, in wrapper
    return func(*args, session=session, **kwargs)
           ^^^^^^^^^^^^^^^^^^^^^^^^^^^^^^^^^^^^^^
  File "/home/airflow/.local/lib/python3.12/site-packages/airflow/models/taskinstance.py", line 3006, in _run_raw_task
    return _run_raw_task(
           ^^^^^^^^^^^^^^
  File "/home/airflow/.local/lib/python3.12/site-packages/airflow/models/taskinstance.py", line 274, in _run_raw_task
    TaskInstance._execute_task_with_callbacks(
  File "/home/airflow/.local/lib/python3.12/site-packages/airflow/models/taskinstance.py", line 3161, in _execute_task_with_callbacks
    result = self._execute_task(context, task_orig)
             ^^^^^^^^^^^^^^^^^^^^^^^^^^^^^^^^^^^^^^
  File "/home/airflow/.local/lib/python3.12/site-packages/airflow/models/taskinstance.py", line 3185, in _execute_task
    return _execute_task(self, context, task_orig)
           ^^^^^^^^^^^^^^^^^^^^^^^^^^^^^^^^^^^^^^^
  File "/home/airflow/.local/lib/python3.12/site-packages/airflow/models/taskinstance.py", line 763, in _execute_task
    result = _execute_callable(context=context, **execute_callable_kwargs)
             ^^^^^^^^^^^^^^^^^^^^^^^^^^^^^^^^^^^^^^^^^^^^^^^^^^^^^^^^^^^^^
  File "/home/airflow/.local/lib/python3.12/site-packages/airflow/models/taskinstance.py", line 734, in _execute_callable
    return ExecutionCallableRunner(
           ^^^^^^^^^^^^^^^^^^^^^^^^
  File "/home/airflow/.local/lib/python3.12/site-packages/airflow/utils/operator_helpers.py", line 252, in run
    return self.func(*args, **kwargs)
           ^^^^^^^^^^^^^^^^^^^^^^^^^^
  File "/home/airflow/.local/lib/python3.12/site-packages/airflow/models/baseoperator.py", line 424, in wrapper
    return func(self, *args, **kwargs)
           ^^^^^^^^^^^^^^^^^^^^^^^^^^^
  File "/home/airflow/.local/lib/python3.12/site-packages/airflow/operators/python.py", line 238, in execute
    return_value = self.execute_callable()
                   ^^^^^^^^^^^^^^^^^^^^^^^
  File "/home/airflow/.local/lib/python3.12/site-packages/airflow/operators/python.py", line 256, in execute_callable
    return runner.run(*self.op_args, **self.op_kwargs)
           ^^^^^^^^^^^^^^^^^^^^^^^^^^^^^^^^^^^^^^^^^^^
  File "/home/airflow/.local/lib/python3.12/site-packages/airflow/utils/operator_helpers.py", line 252, in run
    return self.func(*args, **kwargs)
           ^^^^^^^^^^^^^^^^^^^^^^^^^^
  File "/opt/airflow/services/consumer.py", line 213, in consume_orders
    key = _flush_to_s3(s3_client, bucket, batch, batch_id)
          ^^^^^^^^^^^^^^^^^^^^^^^^^^^^^^^^^^^^^^^^^^^^^^^^
  File "/opt/airflow/services/consumer.py", line 138, in _flush_to_s3
    csv_bytes = _batch_to_csv_bytes(batch)
                ^^^^^^^^^^^^^^^^^^^^^^^^^^
  File "/opt/airflow/services/consumer.py", line 127, in _batch_to_csv_bytes
    writer = csv.DictWriter(buf, fieldnames=list(batch[0].keys()), lineterminator="\n")
                                                 ^^^^^^^^^^^^^
AttributeError: 'bytes' object has no attribute 'keys'
[2026-04-30T09:06:52.240+0000] {local_task_job_runner.py:266} INFO - Task exited with return code 1
[2026-04-30T09:06:52.281+0000] {taskinstance.py:3901} INFO - 0 downstream tasks scheduled from follow-on schedule check
[2026-04-30T09:06:52.288+0000] {local_task_job_runner.py:245} INFO - ::endgroup::
