[2026-05-04T08:00:10.773+0000] {local_task_job_runner.py:123} INFO - ::group::Pre task execution logs
[2026-05-04T08:00:10.857+0000] {taskinstance.py:2614} INFO - Dependencies all met for dep_context=non-requeueable deps ti=<TaskInstance: kafka_to_s3.produce_data scheduled__2026-05-03T00:00:00+00:00 [queued]>
[2026-05-04T08:00:10.889+0000] {taskinstance.py:2614} INFO - Dependencies all met for dep_context=requeueable deps ti=<TaskInstance: kafka_to_s3.produce_data scheduled__2026-05-03T00:00:00+00:00 [queued]>
[2026-05-04T08:00:10.891+0000] {taskinstance.py:2867} INFO - Starting attempt 1 of 1
[2026-05-04T08:00:10.943+0000] {taskinstance.py:2890} INFO - Executing <Task(PythonOperator): produce_data> on 2026-05-03 00:00:00+00:00
[2026-05-04T08:00:10.973+0000] {standard_task_runner.py:104} INFO - Running: ['***', 'tasks', 'run', 'kafka_to_s3', 'produce_data', 'scheduled__2026-05-03T00:00:00+00:00', '--job-id', '95', '--raw', '--subdir', 'DAGS_FOLDER/main.py', '--cfg-path', '/tmp/tmppu975ve5']
[2026-05-04T08:00:10.967+0000] {warnings.py:112} WARNING - /home/***/.local/lib/python3.12/site-packages/***/task/task_runner/standard_task_runner.py:70: DeprecationWarning: This process (pid=2104) is multi-threaded, use of fork() may lead to deadlocks in the child.
  pid = os.fork()

[2026-05-04T08:00:10.980+0000] {standard_task_runner.py:105} INFO - Job 95: Subtask produce_data
[2026-05-04T08:00:10.981+0000] {standard_task_runner.py:72} INFO - Started process 2106 to run task
[2026-05-04T08:00:11.156+0000] {task_command.py:467} INFO - Running <TaskInstance: kafka_to_s3.produce_data scheduled__2026-05-03T00:00:00+00:00 [running]> on host 3e44dd26e004
[2026-05-04T08:00:11.408+0000] {taskinstance.py:3134} INFO - Exporting env vars: AIRFLOW_CTX_DAG_OWNER='kafka_streaming' AIRFLOW_CTX_DAG_ID='kafka_to_s3' AIRFLOW_CTX_TASK_ID='produce_data' AIRFLOW_CTX_EXECUTION_DATE='2026-05-03T00:00:00+00:00' AIRFLOW_CTX_TRY_NUMBER='1' AIRFLOW_CTX_DAG_RUN_ID='scheduled__2026-05-03T00:00:00+00:00'
[2026-05-04T08:00:11.413+0000] {taskinstance.py:732} INFO - ::endgroup::
[2026-05-04T08:00:11.503+0000] {producer.py:98} INFO - Producer starting at offset 248 — will send 8 rows
[2026-05-04T08:00:11.692+0000] {producer.py:83} INFO - Delivered to stream_store_topic [0]
[2026-05-04T08:00:11.698+0000] {producer.py:83} INFO - Delivered to stream_store_topic [0]
[2026-05-04T08:00:11.698+0000] {producer.py:83} INFO - Delivered to stream_store_topic [0]
[2026-05-04T08:00:11.699+0000] {producer.py:83} INFO - Delivered to stream_store_topic [0]
[2026-05-04T08:00:11.699+0000] {producer.py:83} INFO - Delivered to stream_store_topic [0]
[2026-05-04T08:00:11.700+0000] {producer.py:83} INFO - Delivered to stream_store_topic [0]
[2026-05-04T08:00:11.701+0000] {producer.py:83} INFO - Delivered to stream_store_topic [0]
[2026-05-04T08:00:11.702+0000] {producer.py:83} INFO - Delivered to stream_store_topic [0]
[2026-05-04T08:00:11.714+0000] {crypto.py:82} WARNING - empty cryptography key - values will not be stored encrypted.
[2026-05-04T08:00:11.722+0000] {producer.py:145} INFO - Producer done. Rows sent: 8  |  Next offset: 256
[2026-05-04T08:00:11.723+0000] {python.py:240} INFO - Done. Returned value was: {'rows_sent': 8, 'next_offset': 256}
[2026-05-04T08:00:11.769+0000] {taskinstance.py:341} INFO - ::group::Post task execution logs
[2026-05-04T08:00:11.770+0000] {taskinstance.py:353} INFO - Marking task as SUCCESS. dag_id=kafka_to_s3, task_id=produce_data, run_id=scheduled__2026-05-03T00:00:00+00:00, execution_date=20260503T000000, start_date=20260504T080010, end_date=20260504T080011
[2026-05-04T08:00:11.876+0000] {local_task_job_runner.py:266} INFO - Task exited with return code 0
[2026-05-04T08:00:11.926+0000] {taskinstance.py:3901} INFO - 1 downstream tasks scheduled from follow-on schedule check
[2026-05-04T08:00:11.932+0000] {local_task_job_runner.py:245} INFO - ::endgroup::
[2026-05-04T11:15:20.590+0000] {local_task_job_runner.py:123} INFO - ::group::Pre task execution logs
[2026-05-04T11:15:20.672+0000] {taskinstance.py:2614} INFO - Dependencies all met for dep_context=non-requeueable deps ti=<TaskInstance: kafka_to_s3.produce_data scheduled__2026-05-03T00:00:00+00:00 [queued]>
[2026-05-04T11:15:20.694+0000] {taskinstance.py:2614} INFO - Dependencies all met for dep_context=requeueable deps ti=<TaskInstance: kafka_to_s3.produce_data scheduled__2026-05-03T00:00:00+00:00 [queued]>
[2026-05-04T11:15:20.695+0000] {taskinstance.py:2867} INFO - Starting attempt 1 of 1
[2026-05-04T11:15:20.746+0000] {taskinstance.py:2890} INFO - Executing <Task(PythonOperator): produce_data> on 2026-05-03 00:00:00+00:00
[2026-05-04T11:15:20.785+0000] {warnings.py:112} WARNING - /home/***/.local/lib/python3.12/site-packages/***/task/task_runner/standard_task_runner.py:70: DeprecationWarning: This process (pid=80) is multi-threaded, use of fork() may lead to deadlocks in the child.
  pid = os.fork()

[2026-05-04T11:15:20.793+0000] {standard_task_runner.py:72} INFO - Started process 82 to run task
[2026-05-04T11:15:20.802+0000] {standard_task_runner.py:104} INFO - Running: ['***', 'tasks', 'run', 'kafka_to_s3', 'produce_data', 'scheduled__2026-05-03T00:00:00+00:00', '--job-id', '2', '--raw', '--subdir', 'DAGS_FOLDER/main.py', '--cfg-path', '/tmp/tmp14e6_x8g']
[2026-05-04T11:15:20.805+0000] {standard_task_runner.py:105} INFO - Job 2: Subtask produce_data
[2026-05-04T11:15:21.408+0000] {task_command.py:467} INFO - Running <TaskInstance: kafka_to_s3.produce_data scheduled__2026-05-03T00:00:00+00:00 [running]> on host bd3dcff855c5
[2026-05-04T11:15:21.808+0000] {taskinstance.py:3134} INFO - Exporting env vars: AIRFLOW_CTX_DAG_OWNER='kafka_streaming' AIRFLOW_CTX_DAG_ID='kafka_to_s3' AIRFLOW_CTX_TASK_ID='produce_data' AIRFLOW_CTX_EXECUTION_DATE='2026-05-03T00:00:00+00:00' AIRFLOW_CTX_TRY_NUMBER='1' AIRFLOW_CTX_DAG_RUN_ID='scheduled__2026-05-03T00:00:00+00:00'
[2026-05-04T11:15:21.817+0000] {taskinstance.py:732} INFO - ::endgroup::
[2026-05-04T11:15:21.928+0000] {producer.py:98} INFO - Producer starting at offset 0 — will send 8 rows
[2026-05-04T11:15:22.083+0000] {producer.py:136} ERROR - CSV not found: /opt/***/dataset/stream_data.csv
[2026-05-04T11:15:22.085+0000] {taskinstance.py:3313} ERROR - Task failed with exception
Traceback (most recent call last):
  File "/home/airflow/.local/lib/python3.12/site-packages/airflow/models/taskinstance.py", line 768, in _execute_task
    result = _execute_callable(context=context, **execute_callable_kwargs)
             ^^^^^^^^^^^^^^^^^^^^^^^^^^^^^^^^^^^^^^^^^^^^^^^^^^^^^^^^^^^^^
  File "/home/airflow/.local/lib/python3.12/site-packages/airflow/models/taskinstance.py", line 734, in _execute_callable
    return ExecutionCallableRunner(
           ^^^^^^^^^^^^^^^^^^^^^^^^
  File "/home/airflow/.local/lib/python3.12/site-packages/airflow/utils/operator_helpers.py", line 252, in run
    return self.func(*args, **kwargs)
           ^^^^^^^^^^^^^^^^^^^^^^^^^^
  File "/home/airflow/.local/lib/python3.12/site-packages/airflow/models/baseoperator.py", line 424, in wrapper
    return func(self, *args, **kwargs)
           ^^^^^^^^^^^^^^^^^^^^^^^^^^^
  File "/home/airflow/.local/lib/python3.12/site-packages/airflow/operators/python.py", line 238, in execute
    return_value = self.execute_callable()
                   ^^^^^^^^^^^^^^^^^^^^^^^
  File "/home/airflow/.local/lib/python3.12/site-packages/airflow/operators/python.py", line 256, in execute_callable
    return runner.run(*self.op_args, **self.op_kwargs)
           ^^^^^^^^^^^^^^^^^^^^^^^^^^^^^^^^^^^^^^^^^^^
  File "/home/airflow/.local/lib/python3.12/site-packages/airflow/utils/operator_helpers.py", line 252, in run
    return self.func(*args, **kwargs)
           ^^^^^^^^^^^^^^^^^^^^^^^^^^
  File "/opt/airflow/services/producer.py", line 110, in produce_data
    with open(ORDER_CSV_PATH, newline="", encoding="utf-8") as fh:
         ^^^^^^^^^^^^^^^^^^^^^^^^^^^^^^^^^^^^^^^^^^^^^^^^^^
FileNotFoundError: [Errno 2] No such file or directory: '/opt/airflow/dataset/stream_data.csv'
[2026-05-04T11:15:22.206+0000] {taskinstance.py:1226} INFO - Marking task as FAILED. dag_id=kafka_to_s3, task_id=produce_data, run_id=scheduled__2026-05-03T00:00:00+00:00, execution_date=20260503T000000, start_date=20260504T111520, end_date=20260504T111522
[2026-05-04T11:15:22.335+0000] {taskinstance.py:341} INFO - ::group::Post task execution logs
[2026-05-04T11:15:22.336+0000] {standard_task_runner.py:124} ERROR - Failed to execute job 2 for task produce_data ([Errno 2] No such file or directory: '/opt/airflow/dataset/stream_data.csv'; 82)
Traceback (most recent call last):
  File "/home/airflow/.local/lib/python3.12/site-packages/airflow/task/task_runner/standard_task_runner.py", line 117, in _start_by_fork
    ret = args.func(args, dag=self.dag)
          ^^^^^^^^^^^^^^^^^^^^^^^^^^^^^
  File "/home/airflow/.local/lib/python3.12/site-packages/airflow/cli/cli_config.py", line 49, in command
    return func(*args, **kwargs)
           ^^^^^^^^^^^^^^^^^^^^^
  File "/home/airflow/.local/lib/python3.12/site-packages/airflow/utils/cli.py", line 116, in wrapper
    return f(*args, **kwargs)
           ^^^^^^^^^^^^^^^^^^
  File "/home/airflow/.local/lib/python3.12/site-packages/airflow/cli/commands/task_command.py", line 483, in task_run
    task_return_code = _run_task_by_selected_method(args, _dag, ti)
                       ^^^^^^^^^^^^^^^^^^^^^^^^^^^^^^^^^^^^^^^^^^^^
  File "/home/airflow/.local/lib/python3.12/site-packages/airflow/cli/commands/task_command.py", line 256, in _run_task_by_selected_method
    return _run_raw_task(args, ti)
           ^^^^^^^^^^^^^^^^^^^^^^^
  File "/home/airflow/.local/lib/python3.12/site-packages/airflow/cli/commands/task_command.py", line 341, in _run_raw_task
    return ti._run_raw_task(
           ^^^^^^^^^^^^^^^^^
  File "/home/airflow/.local/lib/python3.12/site-packages/airflow/utils/session.py", line 97, in wrapper
    return func(*args, session=session, **kwargs)
           ^^^^^^^^^^^^^^^^^^^^^^^^^^^^^^^^^^^^^^
  File "/home/airflow/.local/lib/python3.12/site-packages/airflow/models/taskinstance.py", line 3006, in _run_raw_task
    return _run_raw_task(
           ^^^^^^^^^^^^^^
  File "/home/airflow/.local/lib/python3.12/site-packages/airflow/models/taskinstance.py", line 274, in _run_raw_task
    TaskInstance._execute_task_with_callbacks(
  File "/home/airflow/.local/lib/python3.12/site-packages/airflow/models/taskinstance.py", line 3161, in _execute_task_with_callbacks
    result = self._execute_task(context, task_orig)
             ^^^^^^^^^^^^^^^^^^^^^^^^^^^^^^^^^^^^^^
  File "/home/airflow/.local/lib/python3.12/site-packages/airflow/models/taskinstance.py", line 3185, in _execute_task
    return _execute_task(self, context, task_orig)
           ^^^^^^^^^^^^^^^^^^^^^^^^^^^^^^^^^^^^^^^
  File "/home/airflow/.local/lib/python3.12/site-packages/airflow/models/taskinstance.py", line 768, in _execute_task
    result = _execute_callable(context=context, **execute_callable_kwargs)
             ^^^^^^^^^^^^^^^^^^^^^^^^^^^^^^^^^^^^^^^^^^^^^^^^^^^^^^^^^^^^^
  File "/home/airflow/.local/lib/python3.12/site-packages/airflow/models/taskinstance.py", line 734, in _execute_callable
    return ExecutionCallableRunner(
           ^^^^^^^^^^^^^^^^^^^^^^^^
  File "/home/airflow/.local/lib/python3.12/site-packages/airflow/utils/operator_helpers.py", line 252, in run
    return self.func(*args, **kwargs)
           ^^^^^^^^^^^^^^^^^^^^^^^^^^
  File "/home/airflow/.local/lib/python3.12/site-packages/airflow/models/baseoperator.py", line 424, in wrapper
    return func(self, *args, **kwargs)
           ^^^^^^^^^^^^^^^^^^^^^^^^^^^
  File "/home/airflow/.local/lib/python3.12/site-packages/airflow/operators/python.py", line 238, in execute
    return_value = self.execute_callable()
                   ^^^^^^^^^^^^^^^^^^^^^^^
  File "/home/airflow/.local/lib/python3.12/site-packages/airflow/operators/python.py", line 256, in execute_callable
    return runner.run(*self.op_args, **self.op_kwargs)
           ^^^^^^^^^^^^^^^^^^^^^^^^^^^^^^^^^^^^^^^^^^^
  File "/home/airflow/.local/lib/python3.12/site-packages/airflow/utils/operator_helpers.py", line 252, in run
    return self.func(*args, **kwargs)
           ^^^^^^^^^^^^^^^^^^^^^^^^^^
  File "/opt/airflow/services/producer.py", line 110, in produce_data
    with open(ORDER_CSV_PATH, newline="", encoding="utf-8") as fh:
         ^^^^^^^^^^^^^^^^^^^^^^^^^^^^^^^^^^^^^^^^^^^^^^^^^^
FileNotFoundError: [Errno 2] No such file or directory: '/opt/airflow/dataset/stream_data.csv'
[2026-05-04T11:15:22.395+0000] {local_task_job_runner.py:266} INFO - Task exited with return code 1
[2026-05-04T11:15:22.441+0000] {taskinstance.py:3901} INFO - 0 downstream tasks scheduled from follow-on schedule check
[2026-05-04T11:15:22.449+0000] {local_task_job_runner.py:245} INFO - ::endgroup::
