[2026-05-06T11:57:38.096+0000] {local_task_job_runner.py:123} INFO - ::group::Pre task execution logs
[2026-05-06T11:57:38.182+0000] {taskinstance.py:2614} INFO - Dependencies all met for dep_context=non-requeueable deps ti=<TaskInstance: kafka_to_s3.load_data_to_redshift manual__2026-05-06T11:56:52.268434+00:00 [queued]>
[2026-05-06T11:57:38.233+0000] {taskinstance.py:2614} INFO - Dependencies all met for dep_context=requeueable deps ti=<TaskInstance: kafka_to_s3.load_data_to_redshift manual__2026-05-06T11:56:52.268434+00:00 [queued]>
[2026-05-06T11:57:38.236+0000] {taskinstance.py:2867} INFO - Starting attempt 1 of 1
[2026-05-06T11:57:38.294+0000] {taskinstance.py:2890} INFO - Executing <Task(PythonOperator): load_data_to_redshift> on 2026-05-06 11:56:52.268434+00:00
[2026-05-06T11:57:38.323+0000] {warnings.py:112} WARNING - /home/***/.local/lib/python3.12/site-packages/***/task/task_runner/standard_task_runner.py:70: DeprecationWarning: This process (pid=234) is multi-threaded, use of fork() may lead to deadlocks in the child.
  pid = os.fork()

[2026-05-06T11:57:38.332+0000] {standard_task_runner.py:72} INFO - Started process 235 to run task
[2026-05-06T11:57:38.333+0000] {standard_task_runner.py:104} INFO - Running: ['***', 'tasks', 'run', 'kafka_to_s3', 'load_data_to_redshift', 'manual__2026-05-06T11:56:52.268434+00:00', '--job-id', '134', '--raw', '--subdir', 'DAGS_FOLDER/main.py', '--cfg-path', '/tmp/tmph8phsgq2']
[2026-05-06T11:57:38.339+0000] {standard_task_runner.py:105} INFO - Job 134: Subtask load_data_to_redshift
[2026-05-06T11:57:38.588+0000] {task_command.py:467} INFO - Running <TaskInstance: kafka_to_s3.load_data_to_redshift manual__2026-05-06T11:56:52.268434+00:00 [running]> on host aed342af3888
[2026-05-06T11:57:38.962+0000] {taskinstance.py:3134} INFO - Exporting env vars: AIRFLOW_CTX_DAG_OWNER='kafka_streaming' AIRFLOW_CTX_DAG_ID='kafka_to_s3' AIRFLOW_CTX_TASK_ID='load_data_to_redshift' AIRFLOW_CTX_EXECUTION_DATE='2026-05-06T11:56:52.268434+00:00' AIRFLOW_CTX_TRY_NUMBER='1' AIRFLOW_CTX_DAG_RUN_ID='manual__2026-05-06T11:56:52.268434+00:00'
[2026-05-06T11:57:38.968+0000] {taskinstance.py:732} INFO - ::endgroup::
[2026-05-06T11:57:39.043+0000] {redshift_loader.py:25} INFO - Step 1: Connecting to Redshift...
[2026-05-06T11:57:39.096+0000] {base.py:84} INFO - Retrieving connection 'redshift_conn'
[2026-05-06T11:57:47.475+0000] {redshift_loader.py:46} INFO - Connected to Redshift successfully
[2026-05-06T11:57:47.478+0000] {redshift_loader.py:80} INFO - Step 2: Creating table if not exists...
[2026-05-06T11:57:48.753+0000] {logging_mixin.py:190} INFO - ✔ Table ensured
[2026-05-06T11:57:48.754+0000] {redshift_loader.py:87} INFO - Table ensured successfully
[2026-05-06T11:57:48.800+0000] {redshift_loader.py:108} INFO - Step 3: Copying data from S3 to Redshift...
[2026-05-06T11:57:51.016+0000] {logging_mixin.py:190} INFO - ✔ COPY completed successfully from S3 to Redshift
[2026-05-06T11:57:51.019+0000] {redshift_loader.py:115} INFO - COPY completed successfully
[2026-05-06T11:57:51.022+0000] {redshift_loader.py:128} INFO - Redshift connection closed
[2026-05-06T11:57:51.025+0000] {python.py:240} INFO - Done. Returned value was: None
[2026-05-06T11:57:51.076+0000] {taskinstance.py:341} INFO - ::group::Post task execution logs
[2026-05-06T11:57:51.080+0000] {taskinstance.py:353} INFO - Marking task as SUCCESS. dag_id=kafka_to_s3, task_id=load_data_to_redshift, run_id=manual__2026-05-06T11:56:52.268434+00:00, execution_date=20260506T115652, start_date=20260506T115738, end_date=20260506T115751
[2026-05-06T11:57:51.259+0000] {local_task_job_runner.py:266} INFO - Task exited with return code 0
[2026-05-06T11:57:51.329+0000] {taskinstance.py:3901} INFO - 1 downstream tasks scheduled from follow-on schedule check
[2026-05-06T11:57:51.334+0000] {local_task_job_runner.py:245} INFO - ::endgroup::
