[2026-05-08T00:00:06.199+0000] {local_task_job_runner.py:123} INFO - ::group::Pre task execution logs
[2026-05-08T00:00:06.277+0000] {taskinstance.py:2614} INFO - Dependencies all met for dep_context=non-requeueable deps ti=<TaskInstance: kafka_to_s3.produce_data scheduled__2026-05-07T00:00:00+00:00 [queued]>
[2026-05-08T00:00:06.305+0000] {taskinstance.py:2614} INFO - Dependencies all met for dep_context=requeueable deps ti=<TaskInstance: kafka_to_s3.produce_data scheduled__2026-05-07T00:00:00+00:00 [queued]>
[2026-05-08T00:00:06.307+0000] {taskinstance.py:2867} INFO - Starting attempt 1 of 1
[2026-05-08T00:00:06.349+0000] {taskinstance.py:2890} INFO - Executing <Task(PythonOperator): produce_data> on 2026-05-07 00:00:00+00:00
[2026-05-08T00:00:06.376+0000] {warnings.py:112} WARNING - /home/***/.local/lib/python3.12/site-packages/***/task/task_runner/standard_task_runner.py:70: DeprecationWarning: This process (pid=4038) is multi-threaded, use of fork() may lead to deadlocks in the child.
  pid = os.fork()

[2026-05-08T00:00:06.385+0000] {standard_task_runner.py:104} INFO - Running: ['***', 'tasks', 'run', 'kafka_to_s3', 'produce_data', 'scheduled__2026-05-07T00:00:00+00:00', '--job-id', '180', '--raw', '--subdir', 'DAGS_FOLDER/main.py', '--cfg-path', '/tmp/tmpxoln4ko_']
[2026-05-08T00:00:06.388+0000] {standard_task_runner.py:72} INFO - Started process 4039 to run task
[2026-05-08T00:00:06.390+0000] {standard_task_runner.py:105} INFO - Job 180: Subtask produce_data
[2026-05-08T00:00:06.580+0000] {task_command.py:467} INFO - Running <TaskInstance: kafka_to_s3.produce_data scheduled__2026-05-07T00:00:00+00:00 [running]> on host d50ffedd74f8
[2026-05-08T00:00:06.833+0000] {taskinstance.py:3134} INFO - Exporting env vars: AIRFLOW_CTX_DAG_OWNER='kafka_streaming' AIRFLOW_CTX_DAG_ID='kafka_to_s3' AIRFLOW_CTX_TASK_ID='produce_data' AIRFLOW_CTX_EXECUTION_DATE='2026-05-07T00:00:00+00:00' AIRFLOW_CTX_TRY_NUMBER='1' AIRFLOW_CTX_DAG_RUN_ID='scheduled__2026-05-07T00:00:00+00:00'
[2026-05-08T00:00:06.837+0000] {taskinstance.py:732} INFO - ::endgroup::
[2026-05-08T00:00:06.949+0000] {producer.py:98} INFO - Producer starting at offset 416 — will send 8 rows
[2026-05-08T00:00:07.727+0000] {producer.py:83} INFO - Delivered to stream_store_topic [0]
[2026-05-08T00:00:07.728+0000] {producer.py:83} INFO - Delivered to stream_store_topic [0]
[2026-05-08T00:00:07.729+0000] {producer.py:83} INFO - Delivered to stream_store_topic [0]
[2026-05-08T00:00:07.730+0000] {producer.py:83} INFO - Delivered to stream_store_topic [0]
[2026-05-08T00:00:07.730+0000] {producer.py:83} INFO - Delivered to stream_store_topic [0]
[2026-05-08T00:00:07.731+0000] {producer.py:83} INFO - Delivered to stream_store_topic [0]
[2026-05-08T00:00:07.732+0000] {producer.py:83} INFO - Delivered to stream_store_topic [0]
[2026-05-08T00:00:07.733+0000] {producer.py:83} INFO - Delivered to stream_store_topic [0]
[2026-05-08T00:00:07.753+0000] {crypto.py:82} WARNING - empty cryptography key - values will not be stored encrypted.
[2026-05-08T00:00:07.762+0000] {producer.py:145} INFO - Producer done. Rows sent: 8  |  Next offset: 424
[2026-05-08T00:00:07.766+0000] {python.py:240} INFO - Done. Returned value was: {'rows_sent': 8, 'next_offset': 424}
[2026-05-08T00:00:07.860+0000] {taskinstance.py:341} INFO - ::group::Post task execution logs
[2026-05-08T00:00:07.862+0000] {taskinstance.py:353} INFO - Marking task as SUCCESS. dag_id=kafka_to_s3, task_id=produce_data, run_id=scheduled__2026-05-07T00:00:00+00:00, execution_date=20260507T000000, start_date=20260508T000006, end_date=20260508T000007
[2026-05-08T00:00:08.000+0000] {local_task_job_runner.py:266} INFO - Task exited with return code 0
[2026-05-08T00:00:08.103+0000] {taskinstance.py:3901} INFO - 1 downstream tasks scheduled from follow-on schedule check
[2026-05-08T00:00:08.109+0000] {local_task_job_runner.py:245} INFO - ::endgroup::
