[2026-05-03T16:12:54.293+0000] {local_task_job_runner.py:123} INFO - ::group::Pre task execution logs
[2026-05-03T16:12:54.330+0000] {taskinstance.py:2614} INFO - Dependencies all met for dep_context=non-requeueable deps ti=<TaskInstance: orders_kafka_to_s3.load_orders_to_redshift scheduled__2026-05-02T00:00:00+00:00 [queued]>
[2026-05-03T16:12:54.349+0000] {taskinstance.py:2614} INFO - Dependencies all met for dep_context=requeueable deps ti=<TaskInstance: orders_kafka_to_s3.load_orders_to_redshift scheduled__2026-05-02T00:00:00+00:00 [queued]>
[2026-05-03T16:12:54.350+0000] {taskinstance.py:2867} INFO - Starting attempt 1 of 1
[2026-05-03T16:12:54.376+0000] {taskinstance.py:2890} INFO - Executing <Task(PythonOperator): load_orders_to_redshift> on 2026-05-02 00:00:00+00:00
[2026-05-03T16:12:54.386+0000] {warnings.py:112} WARNING - /home/***/.local/lib/python3.12/site-packages/***/task/task_runner/standard_task_runner.py:70: DeprecationWarning: This process (pid=69) is multi-threaded, use of fork() may lead to deadlocks in the child.
  pid = os.fork()

[2026-05-03T16:12:54.389+0000] {standard_task_runner.py:72} INFO - Started process 70 to run task
[2026-05-03T16:12:54.389+0000] {standard_task_runner.py:104} INFO - Running: ['***', 'tasks', 'run', 'orders_kafka_to_s3', 'load_orders_to_redshift', 'scheduled__2026-05-02T00:00:00+00:00', '--job-id', '81', '--raw', '--subdir', 'DAGS_FOLDER/main.py', '--cfg-path', '/tmp/tmpfpbg62ci']
[2026-05-03T16:12:54.392+0000] {standard_task_runner.py:105} INFO - Job 81: Subtask load_orders_to_redshift
[2026-05-03T16:12:54.498+0000] {task_command.py:467} INFO - Running <TaskInstance: orders_kafka_to_s3.load_orders_to_redshift scheduled__2026-05-02T00:00:00+00:00 [running]> on host 3e44dd26e004
[2026-05-03T16:12:54.652+0000] {taskinstance.py:3134} INFO - Exporting env vars: AIRFLOW_CTX_DAG_OWNER='kafka_streaming' AIRFLOW_CTX_DAG_ID='orders_kafka_to_s3' AIRFLOW_CTX_TASK_ID='load_orders_to_redshift' AIRFLOW_CTX_EXECUTION_DATE='2026-05-02T00:00:00+00:00' AIRFLOW_CTX_TRY_NUMBER='1' AIRFLOW_CTX_DAG_RUN_ID='scheduled__2026-05-02T00:00:00+00:00'
[2026-05-03T16:12:54.654+0000] {taskinstance.py:732} INFO - ::endgroup::
[2026-05-03T16:12:54.766+0000] {redshift_loader.py:25} INFO - Step 1: Connecting to Redshift...
[2026-05-03T16:12:54.846+0000] {base.py:84} INFO - Retrieving connection 'redshift_conn'
[2026-05-03T16:13:22.128+0000] {redshift_loader.py:46} INFO - Connected to Redshift successfully
[2026-05-03T16:13:22.131+0000] {redshift_loader.py:62} INFO - Step 2: Creating table if not exists...
[2026-05-03T16:13:23.499+0000] {logging_mixin.py:190} INFO - ✔ Table ensured
[2026-05-03T16:13:23.503+0000] {redshift_loader.py:69} INFO - Table ensured successfully
[2026-05-03T16:13:23.590+0000] {redshift_loader.py:90} INFO - Step 3: Copying data from S3 to Redshift...
[2026-05-03T16:13:26.068+0000] {logging_mixin.py:190} INFO - ✔ COPY completed successfully from S3 to Redshift
[2026-05-03T16:13:26.071+0000] {redshift_loader.py:97} INFO - COPY completed successfully
[2026-05-03T16:13:26.074+0000] {redshift_loader.py:110} INFO - Redshift connection closed
[2026-05-03T16:13:26.077+0000] {python.py:240} INFO - Done. Returned value was: None
[2026-05-03T16:13:26.129+0000] {taskinstance.py:341} INFO - ::group::Post task execution logs
[2026-05-03T16:13:26.132+0000] {taskinstance.py:353} INFO - Marking task as SUCCESS. dag_id=orders_kafka_to_s3, task_id=load_orders_to_redshift, run_id=scheduled__2026-05-02T00:00:00+00:00, execution_date=20260502T000000, start_date=20260503T161254, end_date=20260503T161326
[2026-05-03T16:13:26.282+0000] {local_task_job_runner.py:266} INFO - Task exited with return code 0
[2026-05-03T16:13:26.318+0000] {taskinstance.py:3901} INFO - 0 downstream tasks scheduled from follow-on schedule check
[2026-05-03T16:13:26.323+0000] {local_task_job_runner.py:245} INFO - ::endgroup::
