[2026-05-06T12:01:43.923+0000] {local_task_job_runner.py:123} INFO - ::group::Pre task execution logs
[2026-05-06T12:01:44.000+0000] {taskinstance.py:2614} INFO - Dependencies all met for dep_context=non-requeueable deps ti=<TaskInstance: kafka_to_s3.produce_data manual__2026-05-06T12:01:40.561745+00:00 [queued]>
[2026-05-06T12:01:44.040+0000] {taskinstance.py:2614} INFO - Dependencies all met for dep_context=requeueable deps ti=<TaskInstance: kafka_to_s3.produce_data manual__2026-05-06T12:01:40.561745+00:00 [queued]>
[2026-05-06T12:01:44.043+0000] {taskinstance.py:2867} INFO - Starting attempt 1 of 1
[2026-05-06T12:01:44.148+0000] {taskinstance.py:2890} INFO - Executing <Task(PythonOperator): produce_data> on 2026-05-06 12:01:40.561745+00:00
[2026-05-06T12:01:44.165+0000] {warnings.py:112} WARNING - /home/***/.local/lib/python3.12/site-packages/***/task/task_runner/standard_task_runner.py:70: DeprecationWarning: This process (pid=282) is multi-threaded, use of fork() may lead to deadlocks in the child.
  pid = os.fork()

[2026-05-06T12:01:44.174+0000] {standard_task_runner.py:72} INFO - Started process 283 to run task
[2026-05-06T12:01:44.177+0000] {standard_task_runner.py:104} INFO - Running: ['***', 'tasks', 'run', 'kafka_to_s3', 'produce_data', 'manual__2026-05-06T12:01:40.561745+00:00', '--job-id', '136', '--raw', '--subdir', 'DAGS_FOLDER/main.py', '--cfg-path', '/tmp/tmpzlt362er']
[2026-05-06T12:01:44.181+0000] {standard_task_runner.py:105} INFO - Job 136: Subtask produce_data
[2026-05-06T12:01:44.334+0000] {task_command.py:467} INFO - Running <TaskInstance: kafka_to_s3.produce_data manual__2026-05-06T12:01:40.561745+00:00 [running]> on host aed342af3888
[2026-05-06T12:01:44.497+0000] {taskinstance.py:3134} INFO - Exporting env vars: AIRFLOW_CTX_DAG_OWNER='kafka_streaming' AIRFLOW_CTX_DAG_ID='kafka_to_s3' AIRFLOW_CTX_TASK_ID='produce_data' AIRFLOW_CTX_EXECUTION_DATE='2026-05-06T12:01:40.561745+00:00' AIRFLOW_CTX_TRY_NUMBER='1' AIRFLOW_CTX_DAG_RUN_ID='manual__2026-05-06T12:01:40.561745+00:00'
[2026-05-06T12:01:44.499+0000] {taskinstance.py:732} INFO - ::endgroup::
[2026-05-06T12:01:44.547+0000] {producer.py:98} INFO - Producer starting at offset 336 — will send 8 rows
[2026-05-06T12:01:45.568+0000] {producer.py:83} INFO - Delivered to stream_store_topic [0]
[2026-05-06T12:01:45.570+0000] {producer.py:83} INFO - Delivered to stream_store_topic [0]
[2026-05-06T12:01:45.571+0000] {producer.py:83} INFO - Delivered to stream_store_topic [0]
[2026-05-06T12:01:45.572+0000] {producer.py:83} INFO - Delivered to stream_store_topic [0]
[2026-05-06T12:01:45.574+0000] {producer.py:83} INFO - Delivered to stream_store_topic [0]
[2026-05-06T12:01:45.575+0000] {producer.py:83} INFO - Delivered to stream_store_topic [0]
[2026-05-06T12:01:45.576+0000] {producer.py:83} INFO - Delivered to stream_store_topic [0]
[2026-05-06T12:01:45.577+0000] {producer.py:83} INFO - Delivered to stream_store_topic [0]
[2026-05-06T12:01:45.600+0000] {crypto.py:82} WARNING - empty cryptography key - values will not be stored encrypted.
[2026-05-06T12:01:45.612+0000] {producer.py:145} INFO - Producer done. Rows sent: 8  |  Next offset: 344
[2026-05-06T12:01:45.615+0000] {python.py:240} INFO - Done. Returned value was: {'rows_sent': 8, 'next_offset': 344}
[2026-05-06T12:01:45.701+0000] {taskinstance.py:341} INFO - ::group::Post task execution logs
[2026-05-06T12:01:45.703+0000] {taskinstance.py:353} INFO - Marking task as SUCCESS. dag_id=kafka_to_s3, task_id=produce_data, run_id=manual__2026-05-06T12:01:40.561745+00:00, execution_date=20260506T120140, start_date=20260506T120144, end_date=20260506T120145
[2026-05-06T12:01:45.802+0000] {local_task_job_runner.py:266} INFO - Task exited with return code 0
[2026-05-06T12:01:45.915+0000] {taskinstance.py:3901} INFO - 1 downstream tasks scheduled from follow-on schedule check
[2026-05-06T12:01:45.921+0000] {local_task_job_runner.py:245} INFO - ::endgroup::
