[2026-05-01T09:29:33.610+0000] {local_task_job_runner.py:123} INFO - ::group::Pre task execution logs
[2026-05-01T09:29:33.700+0000] {taskinstance.py:2614} INFO - Dependencies all met for dep_context=non-requeueable deps ti=<TaskInstance: orders_kafka_to_s3.produce_orders manual__2026-05-01T09:29:30.204702+00:00 [queued]>
[2026-05-01T09:29:33.747+0000] {taskinstance.py:2614} INFO - Dependencies all met for dep_context=requeueable deps ti=<TaskInstance: orders_kafka_to_s3.produce_orders manual__2026-05-01T09:29:30.204702+00:00 [queued]>
[2026-05-01T09:29:33.749+0000] {taskinstance.py:2867} INFO - Starting attempt 1 of 1
[2026-05-01T09:29:33.829+0000] {taskinstance.py:2890} INFO - Executing <Task(PythonOperator): produce_orders> on 2026-05-01 09:29:30.204702+00:00
[2026-05-01T09:29:33.858+0000] {warnings.py:112} WARNING - /home/***/.local/lib/python3.12/site-packages/***/task/task_runner/standard_task_runner.py:70: DeprecationWarning: This process (pid=1627) is multi-threaded, use of fork() may lead to deadlocks in the child.
  pid = os.fork()

[2026-05-01T09:29:33.870+0000] {standard_task_runner.py:72} INFO - Started process 1628 to run task
[2026-05-01T09:29:33.871+0000] {standard_task_runner.py:104} INFO - Running: ['***', 'tasks', 'run', 'orders_kafka_to_s3', 'produce_orders', 'manual__2026-05-01T09:29:30.204702+00:00', '--job-id', '45', '--raw', '--subdir', 'DAGS_FOLDER/main.py', '--cfg-path', '/tmp/tmp255awryu']
[2026-05-01T09:29:33.879+0000] {standard_task_runner.py:105} INFO - Job 45: Subtask produce_orders
[2026-05-01T09:29:34.235+0000] {task_command.py:467} INFO - Running <TaskInstance: orders_kafka_to_s3.produce_orders manual__2026-05-01T09:29:30.204702+00:00 [running]> on host cc69f44e695c
[2026-05-01T09:29:34.689+0000] {taskinstance.py:3134} INFO - Exporting env vars: AIRFLOW_CTX_DAG_OWNER='kafka_streaming' AIRFLOW_CTX_DAG_ID='orders_kafka_to_s3' AIRFLOW_CTX_TASK_ID='produce_orders' AIRFLOW_CTX_EXECUTION_DATE='2026-05-01T09:29:30.204702+00:00' AIRFLOW_CTX_TRY_NUMBER='1' AIRFLOW_CTX_DAG_RUN_ID='manual__2026-05-01T09:29:30.204702+00:00'
[2026-05-01T09:29:34.694+0000] {taskinstance.py:732} INFO - ::endgroup::
[2026-05-01T09:29:34.796+0000] {producer.py:98} INFO - Producer starting at offset 120 — will send 8 rows
[2026-05-01T09:29:35.820+0000] {producer.py:83} INFO - Delivered to orders_topic [0]
[2026-05-01T09:29:35.821+0000] {producer.py:83} INFO - Delivered to orders_topic [0]
[2026-05-01T09:29:35.823+0000] {producer.py:83} INFO - Delivered to orders_topic [0]
[2026-05-01T09:29:35.825+0000] {producer.py:83} INFO - Delivered to orders_topic [0]
[2026-05-01T09:29:35.826+0000] {producer.py:83} INFO - Delivered to orders_topic [0]
[2026-05-01T09:29:35.827+0000] {producer.py:83} INFO - Delivered to orders_topic [0]
[2026-05-01T09:29:35.829+0000] {producer.py:83} INFO - Delivered to orders_topic [0]
[2026-05-01T09:29:35.830+0000] {producer.py:83} INFO - Delivered to orders_topic [0]
[2026-05-01T09:29:35.843+0000] {crypto.py:82} WARNING - empty cryptography key - values will not be stored encrypted.
[2026-05-01T09:29:35.853+0000] {producer.py:145} INFO - Producer done. Rows sent: 8  |  Next offset: 128
[2026-05-01T09:29:35.856+0000] {python.py:240} INFO - Done. Returned value was: {'rows_sent': 8, 'next_offset': 128}
[2026-05-01T09:29:35.914+0000] {taskinstance.py:341} INFO - ::group::Post task execution logs
[2026-05-01T09:29:35.916+0000] {taskinstance.py:353} INFO - Marking task as SUCCESS. dag_id=orders_kafka_to_s3, task_id=produce_orders, run_id=manual__2026-05-01T09:29:30.204702+00:00, execution_date=20260501T092930, start_date=20260501T092933, end_date=20260501T092935
[2026-05-01T09:29:36.025+0000] {local_task_job_runner.py:266} INFO - Task exited with return code 0
[2026-05-01T09:29:36.108+0000] {taskinstance.py:3901} INFO - 1 downstream tasks scheduled from follow-on schedule check
[2026-05-01T09:29:36.115+0000] {local_task_job_runner.py:245} INFO - ::endgroup::
