[2026-05-08T00:00:49.109+0000] {local_task_job_runner.py:123} INFO - ::group::Pre task execution logs
[2026-05-08T00:00:49.149+0000] {taskinstance.py:2614} INFO - Dependencies all met for dep_context=non-requeueable deps ti=<TaskInstance: kafka_to_s3.load_data_to_redshift scheduled__2026-05-07T00:00:00+00:00 [queued]>
[2026-05-08T00:00:49.167+0000] {taskinstance.py:2614} INFO - Dependencies all met for dep_context=requeueable deps ti=<TaskInstance: kafka_to_s3.load_data_to_redshift scheduled__2026-05-07T00:00:00+00:00 [queued]>
[2026-05-08T00:00:49.168+0000] {taskinstance.py:2867} INFO - Starting attempt 1 of 1
[2026-05-08T00:00:49.191+0000] {taskinstance.py:2890} INFO - Executing <Task(PythonOperator): load_data_to_redshift> on 2026-05-07 00:00:00+00:00
[2026-05-08T00:00:49.214+0000] {warnings.py:112} WARNING - /home/***/.local/lib/python3.12/site-packages/***/task/task_runner/standard_task_runner.py:70: DeprecationWarning: This process (pid=4058) is multi-threaded, use of fork() may lead to deadlocks in the child.
  pid = os.fork()

[2026-05-08T00:00:49.218+0000] {standard_task_runner.py:72} INFO - Started process 4059 to run task
[2026-05-08T00:00:49.219+0000] {standard_task_runner.py:104} INFO - Running: ['***', 'tasks', 'run', 'kafka_to_s3', 'load_data_to_redshift', 'scheduled__2026-05-07T00:00:00+00:00', '--job-id', '182', '--raw', '--subdir', 'DAGS_FOLDER/main.py', '--cfg-path', '/tmp/tmp2fpdc82c']
[2026-05-08T00:00:49.222+0000] {standard_task_runner.py:105} INFO - Job 182: Subtask load_data_to_redshift
[2026-05-08T00:00:49.411+0000] {task_command.py:467} INFO - Running <TaskInstance: kafka_to_s3.load_data_to_redshift scheduled__2026-05-07T00:00:00+00:00 [running]> on host d50ffedd74f8
[2026-05-08T00:00:49.587+0000] {taskinstance.py:3134} INFO - Exporting env vars: AIRFLOW_CTX_DAG_OWNER='kafka_streaming' AIRFLOW_CTX_DAG_ID='kafka_to_s3' AIRFLOW_CTX_TASK_ID='load_data_to_redshift' AIRFLOW_CTX_EXECUTION_DATE='2026-05-07T00:00:00+00:00' AIRFLOW_CTX_TRY_NUMBER='1' AIRFLOW_CTX_DAG_RUN_ID='scheduled__2026-05-07T00:00:00+00:00'
[2026-05-08T00:00:49.590+0000] {taskinstance.py:732} INFO - ::endgroup::
[2026-05-08T00:00:49.633+0000] {redshift_loader.py:25} INFO - Step 1: Connecting to Redshift...
[2026-05-08T00:00:49.677+0000] {base.py:84} INFO - Retrieving connection 'redshift_conn'
[2026-05-08T00:00:52.354+0000] {redshift_loader.py:46} INFO - Connected to Redshift successfully
[2026-05-08T00:00:52.356+0000] {redshift_loader.py:68} INFO - Step 2: Creating table if not exists...
[2026-05-08T00:00:53.386+0000] {logging_mixin.py:190} INFO - ✔ Table ensured
[2026-05-08T00:00:53.388+0000] {redshift_loader.py:75} INFO - Table ensured successfully
[2026-05-08T00:00:53.411+0000] {redshift_loader.py:93} INFO - Step 3: Copying data from S3 to Redshift...
[2026-05-08T00:00:54.786+0000] {logging_mixin.py:190} INFO - ✔ COPY completed successfully from S3 to Redshift
[2026-05-08T00:00:54.787+0000] {redshift_loader.py:100} INFO - COPY completed successfully
[2026-05-08T00:00:54.788+0000] {redshift_loader.py:113} INFO - Redshift connection closed
[2026-05-08T00:00:54.789+0000] {python.py:240} INFO - Done. Returned value was: None
[2026-05-08T00:00:54.804+0000] {taskinstance.py:341} INFO - ::group::Post task execution logs
[2026-05-08T00:00:54.804+0000] {taskinstance.py:353} INFO - Marking task as SUCCESS. dag_id=kafka_to_s3, task_id=load_data_to_redshift, run_id=scheduled__2026-05-07T00:00:00+00:00, execution_date=20260507T000000, start_date=20260508T000049, end_date=20260508T000054
[2026-05-08T00:00:54.869+0000] {local_task_job_runner.py:266} INFO - Task exited with return code 0
[2026-05-08T00:00:54.904+0000] {taskinstance.py:3901} INFO - 1 downstream tasks scheduled from follow-on schedule check
[2026-05-08T00:00:54.907+0000] {local_task_job_runner.py:245} INFO - ::endgroup::
