[2026-05-04T08:44:00.925+0000] {local_task_job_runner.py:123} INFO - ::group::Pre task execution logs
[2026-05-04T08:44:01.009+0000] {taskinstance.py:2614} INFO - Dependencies all met for dep_context=non-requeueable deps ti=<TaskInstance: kafka_to_s3.produce_data manual__2026-05-04T08:43:46.206012+00:00 [queued]>
[2026-05-04T08:44:01.041+0000] {taskinstance.py:2614} INFO - Dependencies all met for dep_context=requeueable deps ti=<TaskInstance: kafka_to_s3.produce_data manual__2026-05-04T08:43:46.206012+00:00 [queued]>
[2026-05-04T08:44:01.042+0000] {taskinstance.py:2867} INFO - Starting attempt 1 of 1
[2026-05-04T08:44:01.095+0000] {taskinstance.py:2890} INFO - Executing <Task(PythonOperator): produce_data> on 2026-05-04 08:43:46.206012+00:00
[2026-05-04T08:44:01.119+0000] {warnings.py:112} WARNING - /home/***/.local/lib/python3.12/site-packages/***/task/task_runner/standard_task_runner.py:70: DeprecationWarning: This process (pid=2686) is multi-threaded, use of fork() may lead to deadlocks in the child.
  pid = os.fork()

[2026-05-04T08:44:01.126+0000] {standard_task_runner.py:104} INFO - Running: ['***', 'tasks', 'run', 'kafka_to_s3', 'produce_data', 'manual__2026-05-04T08:43:46.206012+00:00', '--job-id', '104', '--raw', '--subdir', 'DAGS_FOLDER/main.py', '--cfg-path', '/tmp/tmp70m44ydr']
[2026-05-04T08:44:01.139+0000] {standard_task_runner.py:72} INFO - Started process 2687 to run task
[2026-05-04T08:44:01.140+0000] {standard_task_runner.py:105} INFO - Job 104: Subtask produce_data
[2026-05-04T08:44:01.355+0000] {task_command.py:467} INFO - Running <TaskInstance: kafka_to_s3.produce_data manual__2026-05-04T08:43:46.206012+00:00 [running]> on host 3e44dd26e004
[2026-05-04T08:44:01.622+0000] {taskinstance.py:3134} INFO - Exporting env vars: AIRFLOW_CTX_DAG_OWNER='kafka_streaming' AIRFLOW_CTX_DAG_ID='kafka_to_s3' AIRFLOW_CTX_TASK_ID='produce_data' AIRFLOW_CTX_EXECUTION_DATE='2026-05-04T08:43:46.206012+00:00' AIRFLOW_CTX_TRY_NUMBER='1' AIRFLOW_CTX_DAG_RUN_ID='manual__2026-05-04T08:43:46.206012+00:00'
[2026-05-04T08:44:01.626+0000] {taskinstance.py:732} INFO - ::endgroup::
[2026-05-04T08:44:01.745+0000] {producer.py:98} INFO - Producer starting at offset 272 — will send 8 rows
[2026-05-04T08:44:02.341+0000] {producer.py:83} INFO - Delivered to stream_store_topic [0]
[2026-05-04T08:44:02.343+0000] {producer.py:83} INFO - Delivered to stream_store_topic [0]
[2026-05-04T08:44:02.344+0000] {producer.py:83} INFO - Delivered to stream_store_topic [0]
[2026-05-04T08:44:02.345+0000] {producer.py:83} INFO - Delivered to stream_store_topic [0]
[2026-05-04T08:44:02.346+0000] {producer.py:83} INFO - Delivered to stream_store_topic [0]
[2026-05-04T08:44:02.348+0000] {producer.py:83} INFO - Delivered to stream_store_topic [0]
[2026-05-04T08:44:02.349+0000] {producer.py:83} INFO - Delivered to stream_store_topic [0]
[2026-05-04T08:44:02.350+0000] {producer.py:83} INFO - Delivered to stream_store_topic [0]
[2026-05-04T08:44:02.372+0000] {crypto.py:82} WARNING - empty cryptography key - values will not be stored encrypted.
[2026-05-04T08:44:02.384+0000] {producer.py:145} INFO - Producer done. Rows sent: 8  |  Next offset: 280
[2026-05-04T08:44:02.392+0000] {python.py:240} INFO - Done. Returned value was: {'rows_sent': 8, 'next_offset': 280}
[2026-05-04T08:44:02.498+0000] {taskinstance.py:341} INFO - ::group::Post task execution logs
[2026-05-04T08:44:02.500+0000] {taskinstance.py:353} INFO - Marking task as SUCCESS. dag_id=kafka_to_s3, task_id=produce_data, run_id=manual__2026-05-04T08:43:46.206012+00:00, execution_date=20260504T084346, start_date=20260504T084401, end_date=20260504T084402
[2026-05-04T08:44:02.643+0000] {local_task_job_runner.py:266} INFO - Task exited with return code 0
[2026-05-04T08:44:02.764+0000] {taskinstance.py:3901} INFO - 1 downstream tasks scheduled from follow-on schedule check
[2026-05-04T08:44:02.768+0000] {local_task_job_runner.py:245} INFO - ::endgroup::
