[2026-05-08T00:00:07.835+0000] {processor.py:186} INFO - Started process (PID=4209) to work on /opt/airflow/dags/main.py
[2026-05-08T00:00:07.841+0000] {processor.py:914} INFO - Processing file /opt/airflow/dags/main.py for tasks to queue
[2026-05-08T00:00:07.853+0000] {logging_mixin.py:190} INFO - [2026-05-08T00:00:07.851+0000] {dagbag.py:588} INFO - Filling up the DagBag from /opt/airflow/dags/main.py
[2026-05-08T00:00:08.234+0000] {processor.py:925} INFO - DAG(s) 'kafka_to_s3' retrieved from /opt/airflow/dags/main.py
[2026-05-08T00:00:08.305+0000] {logging_mixin.py:190} INFO - [2026-05-08T00:00:08.305+0000] {dag.py:3239} INFO - Sync 1 DAGs
[2026-05-08T00:00:08.359+0000] {logging_mixin.py:190} INFO - [2026-05-08T00:00:08.359+0000] {dag.py:4180} INFO - Setting next_dagrun for kafka_to_s3 to 2026-05-08 00:00:00+00:00, run_after=2026-05-09 00:00:00+00:00
[2026-05-08T00:00:08.409+0000] {processor.py:208} INFO - Processing /opt/airflow/dags/main.py took 0.619 seconds
[2026-05-08T00:00:38.521+0000] {processor.py:186} INFO - Started process (PID=4216) to work on /opt/airflow/dags/main.py
[2026-05-08T00:00:38.522+0000] {processor.py:914} INFO - Processing file /opt/airflow/dags/main.py for tasks to queue
[2026-05-08T00:00:38.526+0000] {logging_mixin.py:190} INFO - [2026-05-08T00:00:38.526+0000] {dagbag.py:588} INFO - Filling up the DagBag from /opt/airflow/dags/main.py
[2026-05-08T00:00:38.730+0000] {processor.py:925} INFO - DAG(s) 'kafka_to_s3' retrieved from /opt/airflow/dags/main.py
[2026-05-08T00:00:38.777+0000] {logging_mixin.py:190} INFO - [2026-05-08T00:00:38.776+0000] {dag.py:3239} INFO - Sync 1 DAGs
[2026-05-08T00:00:38.820+0000] {logging_mixin.py:190} INFO - [2026-05-08T00:00:38.820+0000] {dag.py:4180} INFO - Setting next_dagrun for kafka_to_s3 to 2026-05-08 00:00:00+00:00, run_after=2026-05-09 00:00:00+00:00
[2026-05-08T00:00:38.851+0000] {processor.py:208} INFO - Processing /opt/airflow/dags/main.py took 0.340 seconds
[2026-05-08T00:01:09.779+0000] {processor.py:186} INFO - Started process (PID=4223) to work on /opt/airflow/dags/main.py
[2026-05-08T00:01:09.781+0000] {processor.py:914} INFO - Processing file /opt/airflow/dags/main.py for tasks to queue
[2026-05-08T00:01:09.786+0000] {logging_mixin.py:190} INFO - [2026-05-08T00:01:09.786+0000] {dagbag.py:588} INFO - Filling up the DagBag from /opt/airflow/dags/main.py
[2026-05-08T00:01:10.158+0000] {processor.py:925} INFO - DAG(s) 'kafka_to_s3' retrieved from /opt/airflow/dags/main.py
[2026-05-08T00:01:10.210+0000] {logging_mixin.py:190} INFO - [2026-05-08T00:01:10.209+0000] {dag.py:3239} INFO - Sync 1 DAGs
[2026-05-08T00:01:10.256+0000] {logging_mixin.py:190} INFO - [2026-05-08T00:01:10.255+0000] {dag.py:4180} INFO - Setting next_dagrun for kafka_to_s3 to 2026-05-08 00:00:00+00:00, run_after=2026-05-09 00:00:00+00:00
[2026-05-08T00:01:10.285+0000] {processor.py:208} INFO - Processing /opt/airflow/dags/main.py took 0.515 seconds
[2026-05-08T00:01:41.863+0000] {processor.py:186} INFO - Started process (PID=4230) to work on /opt/airflow/dags/main.py
[2026-05-08T00:01:41.872+0000] {processor.py:914} INFO - Processing file /opt/airflow/dags/main.py for tasks to queue
[2026-05-08T00:01:41.885+0000] {logging_mixin.py:190} INFO - [2026-05-08T00:01:41.884+0000] {dagbag.py:588} INFO - Filling up the DagBag from /opt/airflow/dags/main.py
[2026-05-08T00:01:42.700+0000] {processor.py:925} INFO - DAG(s) 'kafka_to_s3' retrieved from /opt/airflow/dags/main.py
[2026-05-08T00:01:42.777+0000] {logging_mixin.py:190} INFO - [2026-05-08T00:01:42.777+0000] {dag.py:3239} INFO - Sync 1 DAGs
[2026-05-08T00:01:42.844+0000] {logging_mixin.py:190} INFO - [2026-05-08T00:01:42.844+0000] {dag.py:4180} INFO - Setting next_dagrun for kafka_to_s3 to 2026-05-08 00:00:00+00:00, run_after=2026-05-09 00:00:00+00:00
[2026-05-08T00:01:42.948+0000] {processor.py:208} INFO - Processing /opt/airflow/dags/main.py took 1.201 seconds
[2026-05-08T00:02:13.068+0000] {processor.py:186} INFO - Started process (PID=4238) to work on /opt/airflow/dags/main.py
[2026-05-08T00:02:13.071+0000] {processor.py:914} INFO - Processing file /opt/airflow/dags/main.py for tasks to queue
[2026-05-08T00:02:13.082+0000] {logging_mixin.py:190} INFO - [2026-05-08T00:02:13.080+0000] {dagbag.py:588} INFO - Filling up the DagBag from /opt/airflow/dags/main.py
[2026-05-08T00:02:13.420+0000] {processor.py:925} INFO - DAG(s) 'kafka_to_s3' retrieved from /opt/airflow/dags/main.py
[2026-05-08T00:02:13.520+0000] {logging_mixin.py:190} INFO - [2026-05-08T00:02:13.519+0000] {dag.py:3239} INFO - Sync 1 DAGs
[2026-05-08T00:02:13.644+0000] {logging_mixin.py:190} INFO - [2026-05-08T00:02:13.644+0000] {dag.py:4180} INFO - Setting next_dagrun for kafka_to_s3 to 2026-05-08 00:00:00+00:00, run_after=2026-05-09 00:00:00+00:00
[2026-05-08T00:02:13.719+0000] {processor.py:208} INFO - Processing /opt/airflow/dags/main.py took 0.675 seconds
[2026-05-08T00:02:43.954+0000] {processor.py:186} INFO - Started process (PID=4245) to work on /opt/airflow/dags/main.py
[2026-05-08T00:02:43.956+0000] {processor.py:914} INFO - Processing file /opt/airflow/dags/main.py for tasks to queue
[2026-05-08T00:02:43.964+0000] {logging_mixin.py:190} INFO - [2026-05-08T00:02:43.963+0000] {dagbag.py:588} INFO - Filling up the DagBag from /opt/airflow/dags/main.py
[2026-05-08T00:02:44.308+0000] {processor.py:925} INFO - DAG(s) 'kafka_to_s3' retrieved from /opt/airflow/dags/main.py
[2026-05-08T00:02:44.389+0000] {logging_mixin.py:190} INFO - [2026-05-08T00:02:44.388+0000] {dag.py:3239} INFO - Sync 1 DAGs
[2026-05-08T00:02:44.450+0000] {logging_mixin.py:190} INFO - [2026-05-08T00:02:44.449+0000] {dag.py:4180} INFO - Setting next_dagrun for kafka_to_s3 to 2026-05-08 00:00:00+00:00, run_after=2026-05-09 00:00:00+00:00
[2026-05-08T00:02:44.496+0000] {processor.py:208} INFO - Processing /opt/airflow/dags/main.py took 0.559 seconds
[2026-05-08T00:03:14.661+0000] {processor.py:186} INFO - Started process (PID=4252) to work on /opt/airflow/dags/main.py
[2026-05-08T00:03:14.663+0000] {processor.py:914} INFO - Processing file /opt/airflow/dags/main.py for tasks to queue
[2026-05-08T00:03:14.670+0000] {logging_mixin.py:190} INFO - [2026-05-08T00:03:14.669+0000] {dagbag.py:588} INFO - Filling up the DagBag from /opt/airflow/dags/main.py
[2026-05-08T00:03:15.102+0000] {processor.py:925} INFO - DAG(s) 'kafka_to_s3' retrieved from /opt/airflow/dags/main.py
[2026-05-08T00:03:15.175+0000] {logging_mixin.py:190} INFO - [2026-05-08T00:03:15.174+0000] {dag.py:3239} INFO - Sync 1 DAGs
[2026-05-08T00:03:15.251+0000] {logging_mixin.py:190} INFO - [2026-05-08T00:03:15.251+0000] {dag.py:4180} INFO - Setting next_dagrun for kafka_to_s3 to 2026-05-08 00:00:00+00:00, run_after=2026-05-09 00:00:00+00:00
[2026-05-08T00:03:15.303+0000] {processor.py:208} INFO - Processing /opt/airflow/dags/main.py took 0.661 seconds
[2026-05-08T00:03:45.484+0000] {processor.py:186} INFO - Started process (PID=4259) to work on /opt/airflow/dags/main.py
[2026-05-08T00:03:45.487+0000] {processor.py:914} INFO - Processing file /opt/airflow/dags/main.py for tasks to queue
[2026-05-08T00:03:45.491+0000] {logging_mixin.py:190} INFO - [2026-05-08T00:03:45.490+0000] {dagbag.py:588} INFO - Filling up the DagBag from /opt/airflow/dags/main.py
[2026-05-08T00:03:45.749+0000] {processor.py:925} INFO - DAG(s) 'kafka_to_s3' retrieved from /opt/airflow/dags/main.py
[2026-05-08T00:03:45.797+0000] {logging_mixin.py:190} INFO - [2026-05-08T00:03:45.796+0000] {dag.py:3239} INFO - Sync 1 DAGs
[2026-05-08T00:03:45.838+0000] {logging_mixin.py:190} INFO - [2026-05-08T00:03:45.837+0000] {dag.py:4180} INFO - Setting next_dagrun for kafka_to_s3 to 2026-05-08 00:00:00+00:00, run_after=2026-05-09 00:00:00+00:00
[2026-05-08T00:03:45.875+0000] {processor.py:208} INFO - Processing /opt/airflow/dags/main.py took 0.402 seconds
[2026-05-08T00:04:16.071+0000] {processor.py:186} INFO - Started process (PID=4265) to work on /opt/airflow/dags/main.py
[2026-05-08T00:04:16.073+0000] {processor.py:914} INFO - Processing file /opt/airflow/dags/main.py for tasks to queue
[2026-05-08T00:04:16.078+0000] {logging_mixin.py:190} INFO - [2026-05-08T00:04:16.077+0000] {dagbag.py:588} INFO - Filling up the DagBag from /opt/airflow/dags/main.py
[2026-05-08T00:04:16.396+0000] {processor.py:925} INFO - DAG(s) 'kafka_to_s3' retrieved from /opt/airflow/dags/main.py
[2026-05-08T00:04:16.452+0000] {logging_mixin.py:190} INFO - [2026-05-08T00:04:16.451+0000] {dag.py:3239} INFO - Sync 1 DAGs
[2026-05-08T00:04:16.507+0000] {logging_mixin.py:190} INFO - [2026-05-08T00:04:16.507+0000] {dag.py:4180} INFO - Setting next_dagrun for kafka_to_s3 to 2026-05-08 00:00:00+00:00, run_after=2026-05-09 00:00:00+00:00
[2026-05-08T00:04:16.544+0000] {processor.py:208} INFO - Processing /opt/airflow/dags/main.py took 0.489 seconds
[2026-05-08T00:04:46.683+0000] {processor.py:186} INFO - Started process (PID=4272) to work on /opt/airflow/dags/main.py
[2026-05-08T00:04:46.685+0000] {processor.py:914} INFO - Processing file /opt/airflow/dags/main.py for tasks to queue
[2026-05-08T00:04:46.689+0000] {logging_mixin.py:190} INFO - [2026-05-08T00:04:46.688+0000] {dagbag.py:588} INFO - Filling up the DagBag from /opt/airflow/dags/main.py
[2026-05-08T00:04:46.895+0000] {processor.py:925} INFO - DAG(s) 'kafka_to_s3' retrieved from /opt/airflow/dags/main.py
[2026-05-08T00:04:46.932+0000] {logging_mixin.py:190} INFO - [2026-05-08T00:04:46.932+0000] {dag.py:3239} INFO - Sync 1 DAGs
[2026-05-08T00:04:46.967+0000] {logging_mixin.py:190} INFO - [2026-05-08T00:04:46.967+0000] {dag.py:4180} INFO - Setting next_dagrun for kafka_to_s3 to 2026-05-08 00:00:00+00:00, run_after=2026-05-09 00:00:00+00:00
[2026-05-08T00:04:46.999+0000] {processor.py:208} INFO - Processing /opt/airflow/dags/main.py took 0.326 seconds
[2026-05-08T00:05:17.090+0000] {processor.py:186} INFO - Started process (PID=4279) to work on /opt/airflow/dags/main.py
[2026-05-08T00:05:17.093+0000] {processor.py:914} INFO - Processing file /opt/airflow/dags/main.py for tasks to queue
[2026-05-08T00:05:17.100+0000] {logging_mixin.py:190} INFO - [2026-05-08T00:05:17.099+0000] {dagbag.py:588} INFO - Filling up the DagBag from /opt/airflow/dags/main.py
[2026-05-08T00:05:17.600+0000] {processor.py:925} INFO - DAG(s) 'kafka_to_s3' retrieved from /opt/airflow/dags/main.py
[2026-05-08T00:05:18.312+0000] {logging_mixin.py:190} INFO - [2026-05-08T00:05:18.312+0000] {dag.py:3239} INFO - Sync 1 DAGs
[2026-05-08T00:05:18.831+0000] {logging_mixin.py:190} INFO - [2026-05-08T00:05:18.831+0000] {dag.py:4180} INFO - Setting next_dagrun for kafka_to_s3 to 2026-05-08 00:00:00+00:00, run_after=2026-05-09 00:00:00+00:00
[2026-05-08T00:05:18.967+0000] {processor.py:208} INFO - Processing /opt/airflow/dags/main.py took 1.895 seconds
[2026-05-08T00:05:49.121+0000] {processor.py:186} INFO - Started process (PID=4286) to work on /opt/airflow/dags/main.py
[2026-05-08T00:05:49.122+0000] {processor.py:914} INFO - Processing file /opt/airflow/dags/main.py for tasks to queue
[2026-05-08T00:05:49.125+0000] {logging_mixin.py:190} INFO - [2026-05-08T00:05:49.125+0000] {dagbag.py:588} INFO - Filling up the DagBag from /opt/airflow/dags/main.py
[2026-05-08T00:05:49.323+0000] {processor.py:925} INFO - DAG(s) 'kafka_to_s3' retrieved from /opt/airflow/dags/main.py
[2026-05-08T00:05:49.362+0000] {logging_mixin.py:190} INFO - [2026-05-08T00:05:49.362+0000] {dag.py:3239} INFO - Sync 1 DAGs
[2026-05-08T00:05:49.396+0000] {logging_mixin.py:190} INFO - [2026-05-08T00:05:49.394+0000] {dag.py:4180} INFO - Setting next_dagrun for kafka_to_s3 to 2026-05-08 00:00:00+00:00, run_after=2026-05-09 00:00:00+00:00
[2026-05-08T00:05:49.427+0000] {processor.py:208} INFO - Processing /opt/airflow/dags/main.py took 0.314 seconds
[2026-05-08T00:06:19.700+0000] {processor.py:186} INFO - Started process (PID=4293) to work on /opt/airflow/dags/main.py
[2026-05-08T00:06:19.702+0000] {processor.py:914} INFO - Processing file /opt/airflow/dags/main.py for tasks to queue
[2026-05-08T00:06:19.713+0000] {logging_mixin.py:190} INFO - [2026-05-08T00:06:19.710+0000] {dagbag.py:588} INFO - Filling up the DagBag from /opt/airflow/dags/main.py
[2026-05-08T00:06:20.080+0000] {processor.py:925} INFO - DAG(s) 'kafka_to_s3' retrieved from /opt/airflow/dags/main.py
[2026-05-08T00:06:20.141+0000] {logging_mixin.py:190} INFO - [2026-05-08T00:06:20.140+0000] {dag.py:3239} INFO - Sync 1 DAGs
[2026-05-08T00:06:20.225+0000] {logging_mixin.py:190} INFO - [2026-05-08T00:06:20.224+0000] {dag.py:4180} INFO - Setting next_dagrun for kafka_to_s3 to 2026-05-08 00:00:00+00:00, run_after=2026-05-09 00:00:00+00:00
[2026-05-08T00:06:20.298+0000] {processor.py:208} INFO - Processing /opt/airflow/dags/main.py took 0.615 seconds
[2026-05-08T00:06:50.891+0000] {processor.py:186} INFO - Started process (PID=4300) to work on /opt/airflow/dags/main.py
[2026-05-08T00:06:50.894+0000] {processor.py:914} INFO - Processing file /opt/airflow/dags/main.py for tasks to queue
[2026-05-08T00:06:50.899+0000] {logging_mixin.py:190} INFO - [2026-05-08T00:06:50.898+0000] {dagbag.py:588} INFO - Filling up the DagBag from /opt/airflow/dags/main.py
[2026-05-08T00:06:51.137+0000] {processor.py:925} INFO - DAG(s) 'kafka_to_s3' retrieved from /opt/airflow/dags/main.py
[2026-05-08T00:06:51.204+0000] {logging_mixin.py:190} INFO - [2026-05-08T00:06:51.203+0000] {dag.py:3239} INFO - Sync 1 DAGs
[2026-05-08T00:06:51.274+0000] {logging_mixin.py:190} INFO - [2026-05-08T00:06:51.274+0000] {dag.py:4180} INFO - Setting next_dagrun for kafka_to_s3 to 2026-05-08 00:00:00+00:00, run_after=2026-05-09 00:00:00+00:00
[2026-05-08T00:06:51.327+0000] {processor.py:208} INFO - Processing /opt/airflow/dags/main.py took 0.456 seconds
[2026-05-08T00:07:21.420+0000] {processor.py:186} INFO - Started process (PID=4306) to work on /opt/airflow/dags/main.py
[2026-05-08T00:07:21.421+0000] {processor.py:914} INFO - Processing file /opt/airflow/dags/main.py for tasks to queue
[2026-05-08T00:07:21.425+0000] {logging_mixin.py:190} INFO - [2026-05-08T00:07:21.424+0000] {dagbag.py:588} INFO - Filling up the DagBag from /opt/airflow/dags/main.py
[2026-05-08T00:07:21.613+0000] {processor.py:925} INFO - DAG(s) 'kafka_to_s3' retrieved from /opt/airflow/dags/main.py
[2026-05-08T00:07:21.670+0000] {logging_mixin.py:190} INFO - [2026-05-08T00:07:21.669+0000] {dag.py:3239} INFO - Sync 1 DAGs
[2026-05-08T00:07:21.721+0000] {logging_mixin.py:190} INFO - [2026-05-08T00:07:21.721+0000] {dag.py:4180} INFO - Setting next_dagrun for kafka_to_s3 to 2026-05-08 00:00:00+00:00, run_after=2026-05-09 00:00:00+00:00
[2026-05-08T00:07:21.752+0000] {processor.py:208} INFO - Processing /opt/airflow/dags/main.py took 0.342 seconds
[2026-05-08T00:07:53.042+0000] {processor.py:186} INFO - Started process (PID=4313) to work on /opt/airflow/dags/main.py
[2026-05-08T00:07:53.048+0000] {processor.py:914} INFO - Processing file /opt/airflow/dags/main.py for tasks to queue
[2026-05-08T00:07:53.055+0000] {logging_mixin.py:190} INFO - [2026-05-08T00:07:53.054+0000] {dagbag.py:588} INFO - Filling up the DagBag from /opt/airflow/dags/main.py
[2026-05-08T00:07:53.434+0000] {processor.py:925} INFO - DAG(s) 'kafka_to_s3' retrieved from /opt/airflow/dags/main.py
[2026-05-08T00:07:53.518+0000] {logging_mixin.py:190} INFO - [2026-05-08T00:07:53.517+0000] {dag.py:3239} INFO - Sync 1 DAGs
[2026-05-08T00:07:53.592+0000] {logging_mixin.py:190} INFO - [2026-05-08T00:07:53.591+0000] {dag.py:4180} INFO - Setting next_dagrun for kafka_to_s3 to 2026-05-08 00:00:00+00:00, run_after=2026-05-09 00:00:00+00:00
[2026-05-08T00:07:53.645+0000] {processor.py:208} INFO - Processing /opt/airflow/dags/main.py took 0.620 seconds
[2026-05-08T00:08:24.798+0000] {processor.py:186} INFO - Started process (PID=4320) to work on /opt/airflow/dags/main.py
[2026-05-08T00:08:24.801+0000] {processor.py:914} INFO - Processing file /opt/airflow/dags/main.py for tasks to queue
[2026-05-08T00:08:24.814+0000] {logging_mixin.py:190} INFO - [2026-05-08T00:08:24.812+0000] {dagbag.py:588} INFO - Filling up the DagBag from /opt/airflow/dags/main.py
[2026-05-08T00:08:25.229+0000] {processor.py:925} INFO - DAG(s) 'kafka_to_s3' retrieved from /opt/airflow/dags/main.py
[2026-05-08T00:08:25.324+0000] {logging_mixin.py:190} INFO - [2026-05-08T00:08:25.323+0000] {dag.py:3239} INFO - Sync 1 DAGs
[2026-05-08T00:08:25.426+0000] {logging_mixin.py:190} INFO - [2026-05-08T00:08:25.426+0000] {dag.py:4180} INFO - Setting next_dagrun for kafka_to_s3 to 2026-05-08 00:00:00+00:00, run_after=2026-05-09 00:00:00+00:00
[2026-05-08T00:08:25.502+0000] {processor.py:208} INFO - Processing /opt/airflow/dags/main.py took 0.726 seconds
[2026-05-08T00:08:56.836+0000] {processor.py:186} INFO - Started process (PID=4327) to work on /opt/airflow/dags/main.py
[2026-05-08T00:08:56.839+0000] {processor.py:914} INFO - Processing file /opt/airflow/dags/main.py for tasks to queue
[2026-05-08T00:08:56.848+0000] {logging_mixin.py:190} INFO - [2026-05-08T00:08:56.847+0000] {dagbag.py:588} INFO - Filling up the DagBag from /opt/airflow/dags/main.py
[2026-05-08T00:08:57.212+0000] {processor.py:925} INFO - DAG(s) 'kafka_to_s3' retrieved from /opt/airflow/dags/main.py
[2026-05-08T00:08:57.300+0000] {logging_mixin.py:190} INFO - [2026-05-08T00:08:57.299+0000] {dag.py:3239} INFO - Sync 1 DAGs
[2026-05-08T00:08:57.370+0000] {logging_mixin.py:190} INFO - [2026-05-08T00:08:57.370+0000] {dag.py:4180} INFO - Setting next_dagrun for kafka_to_s3 to 2026-05-08 00:00:00+00:00, run_after=2026-05-09 00:00:00+00:00
[2026-05-08T00:08:57.421+0000] {processor.py:208} INFO - Processing /opt/airflow/dags/main.py took 0.601 seconds
[2026-05-08T00:09:28.367+0000] {processor.py:186} INFO - Started process (PID=4334) to work on /opt/airflow/dags/main.py
[2026-05-08T00:09:28.369+0000] {processor.py:914} INFO - Processing file /opt/airflow/dags/main.py for tasks to queue
[2026-05-08T00:09:28.375+0000] {logging_mixin.py:190} INFO - [2026-05-08T00:09:28.374+0000] {dagbag.py:588} INFO - Filling up the DagBag from /opt/airflow/dags/main.py
[2026-05-08T00:09:28.617+0000] {processor.py:925} INFO - DAG(s) 'kafka_to_s3' retrieved from /opt/airflow/dags/main.py
[2026-05-08T00:09:28.661+0000] {logging_mixin.py:190} INFO - [2026-05-08T00:09:28.661+0000] {dag.py:3239} INFO - Sync 1 DAGs
[2026-05-08T00:09:28.701+0000] {logging_mixin.py:190} INFO - [2026-05-08T00:09:28.701+0000] {dag.py:4180} INFO - Setting next_dagrun for kafka_to_s3 to 2026-05-08 00:00:00+00:00, run_after=2026-05-09 00:00:00+00:00
[2026-05-08T00:09:28.729+0000] {processor.py:208} INFO - Processing /opt/airflow/dags/main.py took 0.374 seconds
[2026-05-08T00:10:00.006+0000] {processor.py:186} INFO - Started process (PID=4341) to work on /opt/airflow/dags/main.py
[2026-05-08T00:10:00.007+0000] {processor.py:914} INFO - Processing file /opt/airflow/dags/main.py for tasks to queue
[2026-05-08T00:10:00.016+0000] {logging_mixin.py:190} INFO - [2026-05-08T00:10:00.014+0000] {dagbag.py:588} INFO - Filling up the DagBag from /opt/airflow/dags/main.py
[2026-05-08T00:10:00.276+0000] {processor.py:925} INFO - DAG(s) 'kafka_to_s3' retrieved from /opt/airflow/dags/main.py
[2026-05-08T00:10:00.360+0000] {logging_mixin.py:190} INFO - [2026-05-08T00:10:00.360+0000] {dag.py:3239} INFO - Sync 1 DAGs
[2026-05-08T00:10:00.404+0000] {logging_mixin.py:190} INFO - [2026-05-08T00:10:00.404+0000] {dag.py:4180} INFO - Setting next_dagrun for kafka_to_s3 to 2026-05-08 00:00:00+00:00, run_after=2026-05-09 00:00:00+00:00
[2026-05-08T00:10:00.442+0000] {processor.py:208} INFO - Processing /opt/airflow/dags/main.py took 0.449 seconds
[2026-05-08T00:10:32.273+0000] {processor.py:186} INFO - Started process (PID=4348) to work on /opt/airflow/dags/main.py
[2026-05-08T00:10:32.275+0000] {processor.py:914} INFO - Processing file /opt/airflow/dags/main.py for tasks to queue
[2026-05-08T00:10:32.281+0000] {logging_mixin.py:190} INFO - [2026-05-08T00:10:32.281+0000] {dagbag.py:588} INFO - Filling up the DagBag from /opt/airflow/dags/main.py
[2026-05-08T00:10:32.513+0000] {processor.py:925} INFO - DAG(s) 'kafka_to_s3' retrieved from /opt/airflow/dags/main.py
[2026-05-08T00:10:32.552+0000] {logging_mixin.py:190} INFO - [2026-05-08T00:10:32.552+0000] {dag.py:3239} INFO - Sync 1 DAGs
[2026-05-08T00:10:32.590+0000] {logging_mixin.py:190} INFO - [2026-05-08T00:10:32.589+0000] {dag.py:4180} INFO - Setting next_dagrun for kafka_to_s3 to 2026-05-08 00:00:00+00:00, run_after=2026-05-09 00:00:00+00:00
[2026-05-08T00:10:32.622+0000] {processor.py:208} INFO - Processing /opt/airflow/dags/main.py took 0.360 seconds
[2026-05-08T00:11:04.812+0000] {processor.py:186} INFO - Started process (PID=4355) to work on /opt/airflow/dags/main.py
[2026-05-08T00:11:04.814+0000] {processor.py:914} INFO - Processing file /opt/airflow/dags/main.py for tasks to queue
[2026-05-08T00:11:04.818+0000] {logging_mixin.py:190} INFO - [2026-05-08T00:11:04.817+0000] {dagbag.py:588} INFO - Filling up the DagBag from /opt/airflow/dags/main.py
[2026-05-08T00:11:05.031+0000] {processor.py:925} INFO - DAG(s) 'kafka_to_s3' retrieved from /opt/airflow/dags/main.py
[2026-05-08T00:11:05.063+0000] {logging_mixin.py:190} INFO - [2026-05-08T00:11:05.063+0000] {dag.py:3239} INFO - Sync 1 DAGs
[2026-05-08T00:11:05.101+0000] {logging_mixin.py:190} INFO - [2026-05-08T00:11:05.101+0000] {dag.py:4180} INFO - Setting next_dagrun for kafka_to_s3 to 2026-05-08 00:00:00+00:00, run_after=2026-05-09 00:00:00+00:00
[2026-05-08T00:11:05.132+0000] {processor.py:208} INFO - Processing /opt/airflow/dags/main.py took 0.332 seconds
[2026-05-08T00:11:35.793+0000] {processor.py:186} INFO - Started process (PID=4362) to work on /opt/airflow/dags/main.py
[2026-05-08T00:11:35.796+0000] {processor.py:914} INFO - Processing file /opt/airflow/dags/main.py for tasks to queue
[2026-05-08T00:11:35.803+0000] {logging_mixin.py:190} INFO - [2026-05-08T00:11:35.803+0000] {dagbag.py:588} INFO - Filling up the DagBag from /opt/airflow/dags/main.py
[2026-05-08T00:11:35.981+0000] {processor.py:925} INFO - DAG(s) 'kafka_to_s3' retrieved from /opt/airflow/dags/main.py
[2026-05-08T00:11:36.014+0000] {logging_mixin.py:190} INFO - [2026-05-08T00:11:36.014+0000] {dag.py:3239} INFO - Sync 1 DAGs
[2026-05-08T00:11:36.042+0000] {logging_mixin.py:190} INFO - [2026-05-08T00:11:36.042+0000] {dag.py:4180} INFO - Setting next_dagrun for kafka_to_s3 to 2026-05-08 00:00:00+00:00, run_after=2026-05-09 00:00:00+00:00
[2026-05-08T00:11:36.067+0000] {processor.py:208} INFO - Processing /opt/airflow/dags/main.py took 0.286 seconds
[2026-05-08T00:12:07.747+0000] {processor.py:186} INFO - Started process (PID=4369) to work on /opt/airflow/dags/main.py
[2026-05-08T00:12:07.749+0000] {processor.py:914} INFO - Processing file /opt/airflow/dags/main.py for tasks to queue
[2026-05-08T00:12:07.758+0000] {logging_mixin.py:190} INFO - [2026-05-08T00:12:07.757+0000] {dagbag.py:588} INFO - Filling up the DagBag from /opt/airflow/dags/main.py
[2026-05-08T00:12:08.137+0000] {processor.py:925} INFO - DAG(s) 'kafka_to_s3' retrieved from /opt/airflow/dags/main.py
[2026-05-08T00:12:08.207+0000] {logging_mixin.py:190} INFO - [2026-05-08T00:12:08.206+0000] {dag.py:3239} INFO - Sync 1 DAGs
[2026-05-08T00:12:08.318+0000] {logging_mixin.py:190} INFO - [2026-05-08T00:12:08.317+0000] {dag.py:4180} INFO - Setting next_dagrun for kafka_to_s3 to 2026-05-08 00:00:00+00:00, run_after=2026-05-09 00:00:00+00:00
[2026-05-08T00:12:08.362+0000] {processor.py:208} INFO - Processing /opt/airflow/dags/main.py took 0.630 seconds
[2026-05-08T00:12:39.214+0000] {processor.py:186} INFO - Started process (PID=4376) to work on /opt/airflow/dags/main.py
[2026-05-08T00:12:39.216+0000] {processor.py:914} INFO - Processing file /opt/airflow/dags/main.py for tasks to queue
[2026-05-08T00:12:39.221+0000] {logging_mixin.py:190} INFO - [2026-05-08T00:12:39.221+0000] {dagbag.py:588} INFO - Filling up the DagBag from /opt/airflow/dags/main.py
[2026-05-08T00:12:39.436+0000] {processor.py:925} INFO - DAG(s) 'kafka_to_s3' retrieved from /opt/airflow/dags/main.py
[2026-05-08T00:12:39.473+0000] {logging_mixin.py:190} INFO - [2026-05-08T00:12:39.473+0000] {dag.py:3239} INFO - Sync 1 DAGs
[2026-05-08T00:12:39.505+0000] {logging_mixin.py:190} INFO - [2026-05-08T00:12:39.505+0000] {dag.py:4180} INFO - Setting next_dagrun for kafka_to_s3 to 2026-05-08 00:00:00+00:00, run_after=2026-05-09 00:00:00+00:00
[2026-05-08T00:12:39.534+0000] {processor.py:208} INFO - Processing /opt/airflow/dags/main.py took 0.336 seconds
[2026-05-08T00:13:11.603+0000] {processor.py:186} INFO - Started process (PID=4383) to work on /opt/airflow/dags/main.py
[2026-05-08T00:13:11.604+0000] {processor.py:914} INFO - Processing file /opt/airflow/dags/main.py for tasks to queue
[2026-05-08T00:13:11.608+0000] {logging_mixin.py:190} INFO - [2026-05-08T00:13:11.608+0000] {dagbag.py:588} INFO - Filling up the DagBag from /opt/airflow/dags/main.py
[2026-05-08T00:13:11.814+0000] {processor.py:925} INFO - DAG(s) 'kafka_to_s3' retrieved from /opt/airflow/dags/main.py
[2026-05-08T00:13:11.862+0000] {logging_mixin.py:190} INFO - [2026-05-08T00:13:11.862+0000] {dag.py:3239} INFO - Sync 1 DAGs
[2026-05-08T00:13:11.896+0000] {logging_mixin.py:190} INFO - [2026-05-08T00:13:11.895+0000] {dag.py:4180} INFO - Setting next_dagrun for kafka_to_s3 to 2026-05-08 00:00:00+00:00, run_after=2026-05-09 00:00:00+00:00
[2026-05-08T00:13:11.924+0000] {processor.py:208} INFO - Processing /opt/airflow/dags/main.py took 0.330 seconds
[2026-05-08T00:13:43.104+0000] {processor.py:186} INFO - Started process (PID=4390) to work on /opt/airflow/dags/main.py
[2026-05-08T00:13:43.106+0000] {processor.py:914} INFO - Processing file /opt/airflow/dags/main.py for tasks to queue
[2026-05-08T00:13:43.111+0000] {logging_mixin.py:190} INFO - [2026-05-08T00:13:43.110+0000] {dagbag.py:588} INFO - Filling up the DagBag from /opt/airflow/dags/main.py
[2026-05-08T00:13:43.338+0000] {processor.py:925} INFO - DAG(s) 'kafka_to_s3' retrieved from /opt/airflow/dags/main.py
[2026-05-08T00:13:43.376+0000] {logging_mixin.py:190} INFO - [2026-05-08T00:13:43.376+0000] {dag.py:3239} INFO - Sync 1 DAGs
[2026-05-08T00:13:43.411+0000] {logging_mixin.py:190} INFO - [2026-05-08T00:13:43.411+0000] {dag.py:4180} INFO - Setting next_dagrun for kafka_to_s3 to 2026-05-08 00:00:00+00:00, run_after=2026-05-09 00:00:00+00:00
[2026-05-08T00:13:43.440+0000] {processor.py:208} INFO - Processing /opt/airflow/dags/main.py took 0.351 seconds
[2026-05-08T00:14:15.341+0000] {processor.py:186} INFO - Started process (PID=4397) to work on /opt/airflow/dags/main.py
[2026-05-08T00:14:15.345+0000] {processor.py:914} INFO - Processing file /opt/airflow/dags/main.py for tasks to queue
[2026-05-08T00:14:15.353+0000] {logging_mixin.py:190} INFO - [2026-05-08T00:14:15.352+0000] {dagbag.py:588} INFO - Filling up the DagBag from /opt/airflow/dags/main.py
[2026-05-08T00:14:15.808+0000] {processor.py:925} INFO - DAG(s) 'kafka_to_s3' retrieved from /opt/airflow/dags/main.py
[2026-05-08T00:14:15.885+0000] {logging_mixin.py:190} INFO - [2026-05-08T00:14:15.884+0000] {dag.py:3239} INFO - Sync 1 DAGs
[2026-05-08T00:14:15.950+0000] {logging_mixin.py:190} INFO - [2026-05-08T00:14:15.949+0000] {dag.py:4180} INFO - Setting next_dagrun for kafka_to_s3 to 2026-05-08 00:00:00+00:00, run_after=2026-05-09 00:00:00+00:00
[2026-05-08T00:14:15.996+0000] {processor.py:208} INFO - Processing /opt/airflow/dags/main.py took 0.674 seconds
[2026-05-08T00:14:46.751+0000] {processor.py:186} INFO - Started process (PID=4405) to work on /opt/airflow/dags/main.py
[2026-05-08T00:14:46.753+0000] {processor.py:914} INFO - Processing file /opt/airflow/dags/main.py for tasks to queue
[2026-05-08T00:14:46.758+0000] {logging_mixin.py:190} INFO - [2026-05-08T00:14:46.758+0000] {dagbag.py:588} INFO - Filling up the DagBag from /opt/airflow/dags/main.py
[2026-05-08T00:14:47.071+0000] {processor.py:925} INFO - DAG(s) 'kafka_to_s3' retrieved from /opt/airflow/dags/main.py
[2026-05-08T00:14:47.126+0000] {logging_mixin.py:190} INFO - [2026-05-08T00:14:47.125+0000] {dag.py:3239} INFO - Sync 1 DAGs
[2026-05-08T00:14:47.174+0000] {logging_mixin.py:190} INFO - [2026-05-08T00:14:47.173+0000] {dag.py:4180} INFO - Setting next_dagrun for kafka_to_s3 to 2026-05-08 00:00:00+00:00, run_after=2026-05-09 00:00:00+00:00
[2026-05-08T00:14:47.215+0000] {processor.py:208} INFO - Processing /opt/airflow/dags/main.py took 0.479 seconds
[2026-05-08T00:15:19.834+0000] {processor.py:186} INFO - Started process (PID=4412) to work on /opt/airflow/dags/main.py
[2026-05-08T00:15:19.838+0000] {processor.py:914} INFO - Processing file /opt/airflow/dags/main.py for tasks to queue
[2026-05-08T00:15:19.846+0000] {logging_mixin.py:190} INFO - [2026-05-08T00:15:19.846+0000] {dagbag.py:588} INFO - Filling up the DagBag from /opt/airflow/dags/main.py
[2026-05-08T00:15:20.136+0000] {processor.py:925} INFO - DAG(s) 'kafka_to_s3' retrieved from /opt/airflow/dags/main.py
[2026-05-08T00:15:20.187+0000] {logging_mixin.py:190} INFO - [2026-05-08T00:15:20.186+0000] {dag.py:3239} INFO - Sync 1 DAGs
[2026-05-08T00:15:20.231+0000] {logging_mixin.py:190} INFO - [2026-05-08T00:15:20.231+0000] {dag.py:4180} INFO - Setting next_dagrun for kafka_to_s3 to 2026-05-08 00:00:00+00:00, run_after=2026-05-09 00:00:00+00:00
[2026-05-08T00:15:20.267+0000] {processor.py:208} INFO - Processing /opt/airflow/dags/main.py took 0.452 seconds
[2026-05-08T00:15:50.537+0000] {processor.py:186} INFO - Started process (PID=4419) to work on /opt/airflow/dags/main.py
[2026-05-08T00:15:50.541+0000] {processor.py:914} INFO - Processing file /opt/airflow/dags/main.py for tasks to queue
[2026-05-08T00:15:50.551+0000] {logging_mixin.py:190} INFO - [2026-05-08T00:15:50.550+0000] {dagbag.py:588} INFO - Filling up the DagBag from /opt/airflow/dags/main.py
[2026-05-08T00:15:50.833+0000] {processor.py:925} INFO - DAG(s) 'kafka_to_s3' retrieved from /opt/airflow/dags/main.py
[2026-05-08T00:15:50.889+0000] {logging_mixin.py:190} INFO - [2026-05-08T00:15:50.888+0000] {dag.py:3239} INFO - Sync 1 DAGs
[2026-05-08T00:15:50.933+0000] {logging_mixin.py:190} INFO - [2026-05-08T00:15:50.933+0000] {dag.py:4180} INFO - Setting next_dagrun for kafka_to_s3 to 2026-05-08 00:00:00+00:00, run_after=2026-05-09 00:00:00+00:00
[2026-05-08T00:15:50.971+0000] {processor.py:208} INFO - Processing /opt/airflow/dags/main.py took 0.455 seconds
[2026-05-08T00:16:22.179+0000] {processor.py:186} INFO - Started process (PID=4426) to work on /opt/airflow/dags/main.py
[2026-05-08T00:16:22.181+0000] {processor.py:914} INFO - Processing file /opt/airflow/dags/main.py for tasks to queue
[2026-05-08T00:16:22.185+0000] {logging_mixin.py:190} INFO - [2026-05-08T00:16:22.185+0000] {dagbag.py:588} INFO - Filling up the DagBag from /opt/airflow/dags/main.py
[2026-05-08T00:16:22.428+0000] {processor.py:925} INFO - DAG(s) 'kafka_to_s3' retrieved from /opt/airflow/dags/main.py
[2026-05-08T00:16:22.468+0000] {logging_mixin.py:190} INFO - [2026-05-08T00:16:22.468+0000] {dag.py:3239} INFO - Sync 1 DAGs
[2026-05-08T00:16:22.505+0000] {logging_mixin.py:190} INFO - [2026-05-08T00:16:22.504+0000] {dag.py:4180} INFO - Setting next_dagrun for kafka_to_s3 to 2026-05-08 00:00:00+00:00, run_after=2026-05-09 00:00:00+00:00
[2026-05-08T00:16:22.536+0000] {processor.py:208} INFO - Processing /opt/airflow/dags/main.py took 0.366 seconds
[2026-05-08T00:16:54.243+0000] {processor.py:186} INFO - Started process (PID=4433) to work on /opt/airflow/dags/main.py
[2026-05-08T00:16:54.244+0000] {processor.py:914} INFO - Processing file /opt/airflow/dags/main.py for tasks to queue
[2026-05-08T00:16:54.247+0000] {logging_mixin.py:190} INFO - [2026-05-08T00:16:54.246+0000] {dagbag.py:588} INFO - Filling up the DagBag from /opt/airflow/dags/main.py
[2026-05-08T00:16:54.437+0000] {processor.py:925} INFO - DAG(s) 'kafka_to_s3' retrieved from /opt/airflow/dags/main.py
[2026-05-08T00:16:54.467+0000] {logging_mixin.py:190} INFO - [2026-05-08T00:16:54.466+0000] {dag.py:3239} INFO - Sync 1 DAGs
[2026-05-08T00:16:54.495+0000] {logging_mixin.py:190} INFO - [2026-05-08T00:16:54.495+0000] {dag.py:4180} INFO - Setting next_dagrun for kafka_to_s3 to 2026-05-08 00:00:00+00:00, run_after=2026-05-09 00:00:00+00:00
[2026-05-08T00:16:54.517+0000] {processor.py:208} INFO - Processing /opt/airflow/dags/main.py took 0.284 seconds
[2026-05-08T00:17:26.342+0000] {processor.py:186} INFO - Started process (PID=4439) to work on /opt/airflow/dags/main.py
[2026-05-08T00:17:26.343+0000] {processor.py:914} INFO - Processing file /opt/airflow/dags/main.py for tasks to queue
[2026-05-08T00:17:26.347+0000] {logging_mixin.py:190} INFO - [2026-05-08T00:17:26.347+0000] {dagbag.py:588} INFO - Filling up the DagBag from /opt/airflow/dags/main.py
[2026-05-08T00:17:26.546+0000] {processor.py:925} INFO - DAG(s) 'kafka_to_s3' retrieved from /opt/airflow/dags/main.py
[2026-05-08T00:17:26.583+0000] {logging_mixin.py:190} INFO - [2026-05-08T00:17:26.583+0000] {dag.py:3239} INFO - Sync 1 DAGs
[2026-05-08T00:17:26.613+0000] {logging_mixin.py:190} INFO - [2026-05-08T00:17:26.613+0000] {dag.py:4180} INFO - Setting next_dagrun for kafka_to_s3 to 2026-05-08 00:00:00+00:00, run_after=2026-05-09 00:00:00+00:00
[2026-05-08T00:17:26.635+0000] {processor.py:208} INFO - Processing /opt/airflow/dags/main.py took 0.302 seconds
[2026-05-08T00:17:57.908+0000] {processor.py:186} INFO - Started process (PID=4446) to work on /opt/airflow/dags/main.py
[2026-05-08T00:17:57.909+0000] {processor.py:914} INFO - Processing file /opt/airflow/dags/main.py for tasks to queue
[2026-05-08T00:17:57.913+0000] {logging_mixin.py:190} INFO - [2026-05-08T00:17:57.913+0000] {dagbag.py:588} INFO - Filling up the DagBag from /opt/airflow/dags/main.py
[2026-05-08T00:17:58.104+0000] {processor.py:925} INFO - DAG(s) 'kafka_to_s3' retrieved from /opt/airflow/dags/main.py
[2026-05-08T00:17:58.144+0000] {logging_mixin.py:190} INFO - [2026-05-08T00:17:58.144+0000] {dag.py:3239} INFO - Sync 1 DAGs
[2026-05-08T00:17:58.175+0000] {logging_mixin.py:190} INFO - [2026-05-08T00:17:58.175+0000] {dag.py:4180} INFO - Setting next_dagrun for kafka_to_s3 to 2026-05-08 00:00:00+00:00, run_after=2026-05-09 00:00:00+00:00
[2026-05-08T00:17:58.200+0000] {processor.py:208} INFO - Processing /opt/airflow/dags/main.py took 0.300 seconds
[2026-05-08T00:18:30.032+0000] {processor.py:186} INFO - Started process (PID=4453) to work on /opt/airflow/dags/main.py
[2026-05-08T00:18:30.034+0000] {processor.py:914} INFO - Processing file /opt/airflow/dags/main.py for tasks to queue
[2026-05-08T00:18:30.038+0000] {logging_mixin.py:190} INFO - [2026-05-08T00:18:30.037+0000] {dagbag.py:588} INFO - Filling up the DagBag from /opt/airflow/dags/main.py
[2026-05-08T00:18:30.249+0000] {processor.py:925} INFO - DAG(s) 'kafka_to_s3' retrieved from /opt/airflow/dags/main.py
[2026-05-08T00:18:30.296+0000] {logging_mixin.py:190} INFO - [2026-05-08T00:18:30.296+0000] {dag.py:3239} INFO - Sync 1 DAGs
[2026-05-08T00:18:30.337+0000] {logging_mixin.py:190} INFO - [2026-05-08T00:18:30.337+0000] {dag.py:4180} INFO - Setting next_dagrun for kafka_to_s3 to 2026-05-08 00:00:00+00:00, run_after=2026-05-09 00:00:00+00:00
[2026-05-08T00:18:30.369+0000] {processor.py:208} INFO - Processing /opt/airflow/dags/main.py took 0.348 seconds
[2026-05-08T00:19:01.384+0000] {processor.py:186} INFO - Started process (PID=4460) to work on /opt/airflow/dags/main.py
[2026-05-08T00:19:01.386+0000] {processor.py:914} INFO - Processing file /opt/airflow/dags/main.py for tasks to queue
[2026-05-08T00:19:01.389+0000] {logging_mixin.py:190} INFO - [2026-05-08T00:19:01.389+0000] {dagbag.py:588} INFO - Filling up the DagBag from /opt/airflow/dags/main.py
[2026-05-08T00:19:01.598+0000] {processor.py:925} INFO - DAG(s) 'kafka_to_s3' retrieved from /opt/airflow/dags/main.py
[2026-05-08T00:19:01.630+0000] {logging_mixin.py:190} INFO - [2026-05-08T00:19:01.630+0000] {dag.py:3239} INFO - Sync 1 DAGs
[2026-05-08T00:19:01.665+0000] {logging_mixin.py:190} INFO - [2026-05-08T00:19:01.665+0000] {dag.py:4180} INFO - Setting next_dagrun for kafka_to_s3 to 2026-05-08 00:00:00+00:00, run_after=2026-05-09 00:00:00+00:00
[2026-05-08T00:19:01.696+0000] {processor.py:208} INFO - Processing /opt/airflow/dags/main.py took 0.320 seconds
[2026-05-08T00:19:33.510+0000] {processor.py:186} INFO - Started process (PID=4467) to work on /opt/airflow/dags/main.py
[2026-05-08T00:19:33.512+0000] {processor.py:914} INFO - Processing file /opt/airflow/dags/main.py for tasks to queue
[2026-05-08T00:19:33.517+0000] {logging_mixin.py:190} INFO - [2026-05-08T00:19:33.517+0000] {dagbag.py:588} INFO - Filling up the DagBag from /opt/airflow/dags/main.py
[2026-05-08T00:19:33.740+0000] {processor.py:925} INFO - DAG(s) 'kafka_to_s3' retrieved from /opt/airflow/dags/main.py
[2026-05-08T00:19:33.787+0000] {logging_mixin.py:190} INFO - [2026-05-08T00:19:33.787+0000] {dag.py:3239} INFO - Sync 1 DAGs
[2026-05-08T00:19:33.831+0000] {logging_mixin.py:190} INFO - [2026-05-08T00:19:33.830+0000] {dag.py:4180} INFO - Setting next_dagrun for kafka_to_s3 to 2026-05-08 00:00:00+00:00, run_after=2026-05-09 00:00:00+00:00
[2026-05-08T00:19:33.866+0000] {processor.py:208} INFO - Processing /opt/airflow/dags/main.py took 0.368 seconds
[2026-05-08T00:20:05.125+0000] {processor.py:186} INFO - Started process (PID=4474) to work on /opt/airflow/dags/main.py
[2026-05-08T00:20:05.127+0000] {processor.py:914} INFO - Processing file /opt/airflow/dags/main.py for tasks to queue
[2026-05-08T00:20:05.135+0000] {logging_mixin.py:190} INFO - [2026-05-08T00:20:05.133+0000] {dagbag.py:588} INFO - Filling up the DagBag from /opt/airflow/dags/main.py
[2026-05-08T00:20:05.387+0000] {processor.py:925} INFO - DAG(s) 'kafka_to_s3' retrieved from /opt/airflow/dags/main.py
[2026-05-08T00:20:05.434+0000] {logging_mixin.py:190} INFO - [2026-05-08T00:20:05.434+0000] {dag.py:3239} INFO - Sync 1 DAGs
[2026-05-08T00:20:05.482+0000] {logging_mixin.py:190} INFO - [2026-05-08T00:20:05.481+0000] {dag.py:4180} INFO - Setting next_dagrun for kafka_to_s3 to 2026-05-08 00:00:00+00:00, run_after=2026-05-09 00:00:00+00:00
[2026-05-08T00:20:05.522+0000] {processor.py:208} INFO - Processing /opt/airflow/dags/main.py took 0.412 seconds
[2026-05-08T00:20:37.186+0000] {processor.py:186} INFO - Started process (PID=4481) to work on /opt/airflow/dags/main.py
[2026-05-08T00:20:37.187+0000] {processor.py:914} INFO - Processing file /opt/airflow/dags/main.py for tasks to queue
[2026-05-08T00:20:37.192+0000] {logging_mixin.py:190} INFO - [2026-05-08T00:20:37.191+0000] {dagbag.py:588} INFO - Filling up the DagBag from /opt/airflow/dags/main.py
[2026-05-08T00:20:37.433+0000] {processor.py:925} INFO - DAG(s) 'kafka_to_s3' retrieved from /opt/airflow/dags/main.py
[2026-05-08T00:20:37.481+0000] {logging_mixin.py:190} INFO - [2026-05-08T00:20:37.481+0000] {dag.py:3239} INFO - Sync 1 DAGs
[2026-05-08T00:20:37.523+0000] {logging_mixin.py:190} INFO - [2026-05-08T00:20:37.523+0000] {dag.py:4180} INFO - Setting next_dagrun for kafka_to_s3 to 2026-05-08 00:00:00+00:00, run_after=2026-05-09 00:00:00+00:00
[2026-05-08T00:20:37.554+0000] {processor.py:208} INFO - Processing /opt/airflow/dags/main.py took 0.378 seconds
[2026-05-08T00:21:08.701+0000] {processor.py:186} INFO - Started process (PID=4488) to work on /opt/airflow/dags/main.py
[2026-05-08T00:21:08.702+0000] {processor.py:914} INFO - Processing file /opt/airflow/dags/main.py for tasks to queue
[2026-05-08T00:21:08.708+0000] {logging_mixin.py:190} INFO - [2026-05-08T00:21:08.708+0000] {dagbag.py:588} INFO - Filling up the DagBag from /opt/airflow/dags/main.py
[2026-05-08T00:21:08.933+0000] {processor.py:925} INFO - DAG(s) 'kafka_to_s3' retrieved from /opt/airflow/dags/main.py
[2026-05-08T00:21:08.982+0000] {logging_mixin.py:190} INFO - [2026-05-08T00:21:08.982+0000] {dag.py:3239} INFO - Sync 1 DAGs
[2026-05-08T00:21:09.036+0000] {logging_mixin.py:190} INFO - [2026-05-08T00:21:09.035+0000] {dag.py:4180} INFO - Setting next_dagrun for kafka_to_s3 to 2026-05-08 00:00:00+00:00, run_after=2026-05-09 00:00:00+00:00
[2026-05-08T00:21:09.074+0000] {processor.py:208} INFO - Processing /opt/airflow/dags/main.py took 0.386 seconds
[2026-05-08T00:21:40.883+0000] {processor.py:186} INFO - Started process (PID=4495) to work on /opt/airflow/dags/main.py
[2026-05-08T00:21:40.885+0000] {processor.py:914} INFO - Processing file /opt/airflow/dags/main.py for tasks to queue
[2026-05-08T00:21:40.890+0000] {logging_mixin.py:190} INFO - [2026-05-08T00:21:40.890+0000] {dagbag.py:588} INFO - Filling up the DagBag from /opt/airflow/dags/main.py
[2026-05-08T00:21:41.306+0000] {processor.py:925} INFO - DAG(s) 'kafka_to_s3' retrieved from /opt/airflow/dags/main.py
[2026-05-08T00:21:41.364+0000] {logging_mixin.py:190} INFO - [2026-05-08T00:21:41.364+0000] {dag.py:3239} INFO - Sync 1 DAGs
[2026-05-08T00:21:41.418+0000] {logging_mixin.py:190} INFO - [2026-05-08T00:21:41.417+0000] {dag.py:4180} INFO - Setting next_dagrun for kafka_to_s3 to 2026-05-08 00:00:00+00:00, run_after=2026-05-09 00:00:00+00:00
[2026-05-08T00:21:41.460+0000] {processor.py:208} INFO - Processing /opt/airflow/dags/main.py took 0.590 seconds
[2026-05-08T00:22:12.469+0000] {processor.py:186} INFO - Started process (PID=4503) to work on /opt/airflow/dags/main.py
[2026-05-08T00:22:12.472+0000] {processor.py:914} INFO - Processing file /opt/airflow/dags/main.py for tasks to queue
[2026-05-08T00:22:12.479+0000] {logging_mixin.py:190} INFO - [2026-05-08T00:22:12.479+0000] {dagbag.py:588} INFO - Filling up the DagBag from /opt/airflow/dags/main.py
[2026-05-08T00:22:12.864+0000] {processor.py:925} INFO - DAG(s) 'kafka_to_s3' retrieved from /opt/airflow/dags/main.py
[2026-05-08T00:22:12.935+0000] {logging_mixin.py:190} INFO - [2026-05-08T00:22:12.934+0000] {dag.py:3239} INFO - Sync 1 DAGs
[2026-05-08T00:22:12.989+0000] {logging_mixin.py:190} INFO - [2026-05-08T00:22:12.988+0000] {dag.py:4180} INFO - Setting next_dagrun for kafka_to_s3 to 2026-05-08 00:00:00+00:00, run_after=2026-05-09 00:00:00+00:00
[2026-05-08T00:22:13.031+0000] {processor.py:208} INFO - Processing /opt/airflow/dags/main.py took 0.581 seconds
[2026-05-08T00:22:44.621+0000] {processor.py:186} INFO - Started process (PID=4511) to work on /opt/airflow/dags/main.py
[2026-05-08T00:22:44.624+0000] {processor.py:914} INFO - Processing file /opt/airflow/dags/main.py for tasks to queue
[2026-05-08T00:22:44.638+0000] {logging_mixin.py:190} INFO - [2026-05-08T00:22:44.636+0000] {dagbag.py:588} INFO - Filling up the DagBag from /opt/airflow/dags/main.py
[2026-05-08T00:22:45.026+0000] {processor.py:925} INFO - DAG(s) 'kafka_to_s3' retrieved from /opt/airflow/dags/main.py
[2026-05-08T00:22:45.091+0000] {logging_mixin.py:190} INFO - [2026-05-08T00:22:45.090+0000] {dag.py:3239} INFO - Sync 1 DAGs
[2026-05-08T00:22:45.165+0000] {logging_mixin.py:190} INFO - [2026-05-08T00:22:45.165+0000] {dag.py:4180} INFO - Setting next_dagrun for kafka_to_s3 to 2026-05-08 00:00:00+00:00, run_after=2026-05-09 00:00:00+00:00
[2026-05-08T00:22:45.221+0000] {processor.py:208} INFO - Processing /opt/airflow/dags/main.py took 0.621 seconds
[2026-05-08T00:23:16.380+0000] {processor.py:186} INFO - Started process (PID=4518) to work on /opt/airflow/dags/main.py
[2026-05-08T00:23:16.381+0000] {processor.py:914} INFO - Processing file /opt/airflow/dags/main.py for tasks to queue
[2026-05-08T00:23:16.386+0000] {logging_mixin.py:190} INFO - [2026-05-08T00:23:16.386+0000] {dagbag.py:588} INFO - Filling up the DagBag from /opt/airflow/dags/main.py
[2026-05-08T00:23:16.606+0000] {processor.py:925} INFO - DAG(s) 'kafka_to_s3' retrieved from /opt/airflow/dags/main.py
[2026-05-08T00:23:16.674+0000] {logging_mixin.py:190} INFO - [2026-05-08T00:23:16.673+0000] {dag.py:3239} INFO - Sync 1 DAGs
[2026-05-08T00:23:16.810+0000] {logging_mixin.py:190} INFO - [2026-05-08T00:23:16.809+0000] {dag.py:4180} INFO - Setting next_dagrun for kafka_to_s3 to 2026-05-08 00:00:00+00:00, run_after=2026-05-09 00:00:00+00:00
[2026-05-08T00:23:16.842+0000] {processor.py:208} INFO - Processing /opt/airflow/dags/main.py took 0.482 seconds
[2026-05-08T00:23:47.840+0000] {processor.py:186} INFO - Started process (PID=4525) to work on /opt/airflow/dags/main.py
[2026-05-08T00:23:47.842+0000] {processor.py:914} INFO - Processing file /opt/airflow/dags/main.py for tasks to queue
[2026-05-08T00:23:47.845+0000] {logging_mixin.py:190} INFO - [2026-05-08T00:23:47.844+0000] {dagbag.py:588} INFO - Filling up the DagBag from /opt/airflow/dags/main.py
[2026-05-08T00:23:48.022+0000] {processor.py:925} INFO - DAG(s) 'kafka_to_s3' retrieved from /opt/airflow/dags/main.py
[2026-05-08T00:23:48.058+0000] {logging_mixin.py:190} INFO - [2026-05-08T00:23:48.058+0000] {dag.py:3239} INFO - Sync 1 DAGs
[2026-05-08T00:23:48.089+0000] {logging_mixin.py:190} INFO - [2026-05-08T00:23:48.089+0000] {dag.py:4180} INFO - Setting next_dagrun for kafka_to_s3 to 2026-05-08 00:00:00+00:00, run_after=2026-05-09 00:00:00+00:00
[2026-05-08T00:23:48.116+0000] {processor.py:208} INFO - Processing /opt/airflow/dags/main.py took 0.284 seconds
[2026-05-08T00:24:20.021+0000] {processor.py:186} INFO - Started process (PID=4532) to work on /opt/airflow/dags/main.py
[2026-05-08T00:24:20.023+0000] {processor.py:914} INFO - Processing file /opt/airflow/dags/main.py for tasks to queue
[2026-05-08T00:24:20.029+0000] {logging_mixin.py:190} INFO - [2026-05-08T00:24:20.028+0000] {dagbag.py:588} INFO - Filling up the DagBag from /opt/airflow/dags/main.py
[2026-05-08T00:24:20.287+0000] {processor.py:925} INFO - DAG(s) 'kafka_to_s3' retrieved from /opt/airflow/dags/main.py
[2026-05-08T00:24:20.333+0000] {logging_mixin.py:190} INFO - [2026-05-08T00:24:20.332+0000] {dag.py:3239} INFO - Sync 1 DAGs
[2026-05-08T00:24:20.384+0000] {logging_mixin.py:190} INFO - [2026-05-08T00:24:20.383+0000] {dag.py:4180} INFO - Setting next_dagrun for kafka_to_s3 to 2026-05-08 00:00:00+00:00, run_after=2026-05-09 00:00:00+00:00
[2026-05-08T00:24:20.430+0000] {processor.py:208} INFO - Processing /opt/airflow/dags/main.py took 0.420 seconds
[2026-05-08T00:24:51.553+0000] {processor.py:186} INFO - Started process (PID=4539) to work on /opt/airflow/dags/main.py
[2026-05-08T00:24:51.554+0000] {processor.py:914} INFO - Processing file /opt/airflow/dags/main.py for tasks to queue
[2026-05-08T00:24:51.559+0000] {logging_mixin.py:190} INFO - [2026-05-08T00:24:51.558+0000] {dagbag.py:588} INFO - Filling up the DagBag from /opt/airflow/dags/main.py
[2026-05-08T00:24:51.780+0000] {processor.py:925} INFO - DAG(s) 'kafka_to_s3' retrieved from /opt/airflow/dags/main.py
[2026-05-08T00:24:51.815+0000] {logging_mixin.py:190} INFO - [2026-05-08T00:24:51.815+0000] {dag.py:3239} INFO - Sync 1 DAGs
[2026-05-08T00:24:51.850+0000] {logging_mixin.py:190} INFO - [2026-05-08T00:24:51.850+0000] {dag.py:4180} INFO - Setting next_dagrun for kafka_to_s3 to 2026-05-08 00:00:00+00:00, run_after=2026-05-09 00:00:00+00:00
[2026-05-08T00:24:51.879+0000] {processor.py:208} INFO - Processing /opt/airflow/dags/main.py took 0.337 seconds
[2026-05-08T00:25:23.708+0000] {processor.py:186} INFO - Started process (PID=4546) to work on /opt/airflow/dags/main.py
[2026-05-08T00:25:23.711+0000] {processor.py:914} INFO - Processing file /opt/airflow/dags/main.py for tasks to queue
[2026-05-08T00:25:23.718+0000] {logging_mixin.py:190} INFO - [2026-05-08T00:25:23.717+0000] {dagbag.py:588} INFO - Filling up the DagBag from /opt/airflow/dags/main.py
[2026-05-08T00:25:23.981+0000] {processor.py:925} INFO - DAG(s) 'kafka_to_s3' retrieved from /opt/airflow/dags/main.py
[2026-05-08T00:25:24.033+0000] {logging_mixin.py:190} INFO - [2026-05-08T00:25:24.033+0000] {dag.py:3239} INFO - Sync 1 DAGs
[2026-05-08T00:25:24.069+0000] {logging_mixin.py:190} INFO - [2026-05-08T00:25:24.069+0000] {dag.py:4180} INFO - Setting next_dagrun for kafka_to_s3 to 2026-05-08 00:00:00+00:00, run_after=2026-05-09 00:00:00+00:00
[2026-05-08T00:25:24.103+0000] {processor.py:208} INFO - Processing /opt/airflow/dags/main.py took 0.416 seconds
[2026-05-08T00:25:55.227+0000] {processor.py:186} INFO - Started process (PID=4552) to work on /opt/airflow/dags/main.py
[2026-05-08T00:25:55.229+0000] {processor.py:914} INFO - Processing file /opt/airflow/dags/main.py for tasks to queue
[2026-05-08T00:25:55.233+0000] {logging_mixin.py:190} INFO - [2026-05-08T00:25:55.233+0000] {dagbag.py:588} INFO - Filling up the DagBag from /opt/airflow/dags/main.py
[2026-05-08T00:25:55.425+0000] {processor.py:925} INFO - DAG(s) 'kafka_to_s3' retrieved from /opt/airflow/dags/main.py
[2026-05-08T00:25:55.461+0000] {logging_mixin.py:190} INFO - [2026-05-08T00:25:55.461+0000] {dag.py:3239} INFO - Sync 1 DAGs
[2026-05-08T00:25:55.493+0000] {logging_mixin.py:190} INFO - [2026-05-08T00:25:55.493+0000] {dag.py:4180} INFO - Setting next_dagrun for kafka_to_s3 to 2026-05-08 00:00:00+00:00, run_after=2026-05-09 00:00:00+00:00
[2026-05-08T00:25:55.519+0000] {processor.py:208} INFO - Processing /opt/airflow/dags/main.py took 0.302 seconds
[2026-05-08T00:26:27.415+0000] {processor.py:186} INFO - Started process (PID=4559) to work on /opt/airflow/dags/main.py
[2026-05-08T00:26:27.418+0000] {processor.py:914} INFO - Processing file /opt/airflow/dags/main.py for tasks to queue
[2026-05-08T00:26:27.425+0000] {logging_mixin.py:190} INFO - [2026-05-08T00:26:27.424+0000] {dagbag.py:588} INFO - Filling up the DagBag from /opt/airflow/dags/main.py
[2026-05-08T00:26:27.765+0000] {processor.py:925} INFO - DAG(s) 'kafka_to_s3' retrieved from /opt/airflow/dags/main.py
[2026-05-08T00:26:27.831+0000] {logging_mixin.py:190} INFO - [2026-05-08T00:26:27.830+0000] {dag.py:3239} INFO - Sync 1 DAGs
[2026-05-08T00:26:27.926+0000] {logging_mixin.py:190} INFO - [2026-05-08T00:26:27.926+0000] {dag.py:4180} INFO - Setting next_dagrun for kafka_to_s3 to 2026-05-08 00:00:00+00:00, run_after=2026-05-09 00:00:00+00:00
[2026-05-08T00:26:27.993+0000] {processor.py:208} INFO - Processing /opt/airflow/dags/main.py took 0.596 seconds
[2026-05-08T00:26:58.906+0000] {processor.py:186} INFO - Started process (PID=4566) to work on /opt/airflow/dags/main.py
[2026-05-08T00:26:58.908+0000] {processor.py:914} INFO - Processing file /opt/airflow/dags/main.py for tasks to queue
[2026-05-08T00:26:58.916+0000] {logging_mixin.py:190} INFO - [2026-05-08T00:26:58.915+0000] {dagbag.py:588} INFO - Filling up the DagBag from /opt/airflow/dags/main.py
[2026-05-08T00:26:59.213+0000] {processor.py:925} INFO - DAG(s) 'kafka_to_s3' retrieved from /opt/airflow/dags/main.py
[2026-05-08T00:26:59.279+0000] {logging_mixin.py:190} INFO - [2026-05-08T00:26:59.279+0000] {dag.py:3239} INFO - Sync 1 DAGs
[2026-05-08T00:26:59.348+0000] {logging_mixin.py:190} INFO - [2026-05-08T00:26:59.347+0000] {dag.py:4180} INFO - Setting next_dagrun for kafka_to_s3 to 2026-05-08 00:00:00+00:00, run_after=2026-05-09 00:00:00+00:00
[2026-05-08T00:26:59.396+0000] {processor.py:208} INFO - Processing /opt/airflow/dags/main.py took 0.503 seconds
[2026-05-08T00:27:31.366+0000] {processor.py:186} INFO - Started process (PID=4573) to work on /opt/airflow/dags/main.py
[2026-05-08T00:27:31.368+0000] {processor.py:914} INFO - Processing file /opt/airflow/dags/main.py for tasks to queue
[2026-05-08T00:27:31.375+0000] {logging_mixin.py:190} INFO - [2026-05-08T00:27:31.374+0000] {dagbag.py:588} INFO - Filling up the DagBag from /opt/airflow/dags/main.py
[2026-05-08T00:27:31.596+0000] {processor.py:925} INFO - DAG(s) 'kafka_to_s3' retrieved from /opt/airflow/dags/main.py
[2026-05-08T00:27:31.638+0000] {logging_mixin.py:190} INFO - [2026-05-08T00:27:31.638+0000] {dag.py:3239} INFO - Sync 1 DAGs
[2026-05-08T00:27:31.679+0000] {logging_mixin.py:190} INFO - [2026-05-08T00:27:31.679+0000] {dag.py:4180} INFO - Setting next_dagrun for kafka_to_s3 to 2026-05-08 00:00:00+00:00, run_after=2026-05-09 00:00:00+00:00
[2026-05-08T00:27:31.711+0000] {processor.py:208} INFO - Processing /opt/airflow/dags/main.py took 0.356 seconds
[2026-05-08T00:28:02.787+0000] {processor.py:186} INFO - Started process (PID=4580) to work on /opt/airflow/dags/main.py
[2026-05-08T00:28:02.789+0000] {processor.py:914} INFO - Processing file /opt/airflow/dags/main.py for tasks to queue
[2026-05-08T00:28:02.797+0000] {logging_mixin.py:190} INFO - [2026-05-08T00:28:02.796+0000] {dagbag.py:588} INFO - Filling up the DagBag from /opt/airflow/dags/main.py
[2026-05-08T00:28:03.087+0000] {processor.py:925} INFO - DAG(s) 'kafka_to_s3' retrieved from /opt/airflow/dags/main.py
[2026-05-08T00:28:03.137+0000] {logging_mixin.py:190} INFO - [2026-05-08T00:28:03.137+0000] {dag.py:3239} INFO - Sync 1 DAGs
[2026-05-08T00:28:03.183+0000] {logging_mixin.py:190} INFO - [2026-05-08T00:28:03.183+0000] {dag.py:4180} INFO - Setting next_dagrun for kafka_to_s3 to 2026-05-08 00:00:00+00:00, run_after=2026-05-09 00:00:00+00:00
[2026-05-08T00:28:03.222+0000] {processor.py:208} INFO - Processing /opt/airflow/dags/main.py took 0.449 seconds
[2026-05-08T00:28:34.366+0000] {processor.py:186} INFO - Started process (PID=4587) to work on /opt/airflow/dags/main.py
[2026-05-08T00:28:34.369+0000] {processor.py:914} INFO - Processing file /opt/airflow/dags/main.py for tasks to queue
[2026-05-08T00:28:34.373+0000] {logging_mixin.py:190} INFO - [2026-05-08T00:28:34.373+0000] {dagbag.py:588} INFO - Filling up the DagBag from /opt/airflow/dags/main.py
[2026-05-08T00:28:34.625+0000] {processor.py:925} INFO - DAG(s) 'kafka_to_s3' retrieved from /opt/airflow/dags/main.py
[2026-05-08T00:28:34.686+0000] {logging_mixin.py:190} INFO - [2026-05-08T00:28:34.685+0000] {dag.py:3239} INFO - Sync 1 DAGs
[2026-05-08T00:28:34.727+0000] {logging_mixin.py:190} INFO - [2026-05-08T00:28:34.727+0000] {dag.py:4180} INFO - Setting next_dagrun for kafka_to_s3 to 2026-05-08 00:00:00+00:00, run_after=2026-05-09 00:00:00+00:00
[2026-05-08T00:28:34.763+0000] {processor.py:208} INFO - Processing /opt/airflow/dags/main.py took 0.413 seconds
[2026-05-08T00:29:06.479+0000] {processor.py:186} INFO - Started process (PID=4594) to work on /opt/airflow/dags/main.py
[2026-05-08T00:29:06.481+0000] {processor.py:914} INFO - Processing file /opt/airflow/dags/main.py for tasks to queue
[2026-05-08T00:29:06.485+0000] {logging_mixin.py:190} INFO - [2026-05-08T00:29:06.484+0000] {dagbag.py:588} INFO - Filling up the DagBag from /opt/airflow/dags/main.py
[2026-05-08T00:29:06.707+0000] {processor.py:925} INFO - DAG(s) 'kafka_to_s3' retrieved from /opt/airflow/dags/main.py
[2026-05-08T00:29:06.751+0000] {logging_mixin.py:190} INFO - [2026-05-08T00:29:06.750+0000] {dag.py:3239} INFO - Sync 1 DAGs
[2026-05-08T00:29:06.787+0000] {logging_mixin.py:190} INFO - [2026-05-08T00:29:06.786+0000] {dag.py:4180} INFO - Setting next_dagrun for kafka_to_s3 to 2026-05-08 00:00:00+00:00, run_after=2026-05-09 00:00:00+00:00
[2026-05-08T00:29:06.817+0000] {processor.py:208} INFO - Processing /opt/airflow/dags/main.py took 0.349 seconds
[2026-05-08T00:29:38.677+0000] {processor.py:186} INFO - Started process (PID=4601) to work on /opt/airflow/dags/main.py
[2026-05-08T00:29:38.680+0000] {processor.py:914} INFO - Processing file /opt/airflow/dags/main.py for tasks to queue
[2026-05-08T00:29:38.686+0000] {logging_mixin.py:190} INFO - [2026-05-08T00:29:38.685+0000] {dagbag.py:588} INFO - Filling up the DagBag from /opt/airflow/dags/main.py
[2026-05-08T00:29:38.964+0000] {processor.py:925} INFO - DAG(s) 'kafka_to_s3' retrieved from /opt/airflow/dags/main.py
[2026-05-08T00:29:39.039+0000] {logging_mixin.py:190} INFO - [2026-05-08T00:29:39.036+0000] {dag.py:3239} INFO - Sync 1 DAGs
[2026-05-08T00:29:39.109+0000] {logging_mixin.py:190} INFO - [2026-05-08T00:29:39.109+0000] {dag.py:4180} INFO - Setting next_dagrun for kafka_to_s3 to 2026-05-08 00:00:00+00:00, run_after=2026-05-09 00:00:00+00:00
[2026-05-08T00:29:39.145+0000] {processor.py:208} INFO - Processing /opt/airflow/dags/main.py took 0.480 seconds
[2026-05-08T00:30:10.093+0000] {processor.py:186} INFO - Started process (PID=4608) to work on /opt/airflow/dags/main.py
[2026-05-08T00:30:10.095+0000] {processor.py:914} INFO - Processing file /opt/airflow/dags/main.py for tasks to queue
[2026-05-08T00:30:10.099+0000] {logging_mixin.py:190} INFO - [2026-05-08T00:30:10.099+0000] {dagbag.py:588} INFO - Filling up the DagBag from /opt/airflow/dags/main.py
[2026-05-08T00:30:10.341+0000] {processor.py:925} INFO - DAG(s) 'kafka_to_s3' retrieved from /opt/airflow/dags/main.py
[2026-05-08T00:30:10.381+0000] {logging_mixin.py:190} INFO - [2026-05-08T00:30:10.381+0000] {dag.py:3239} INFO - Sync 1 DAGs
[2026-05-08T00:30:10.419+0000] {logging_mixin.py:190} INFO - [2026-05-08T00:30:10.418+0000] {dag.py:4180} INFO - Setting next_dagrun for kafka_to_s3 to 2026-05-08 00:00:00+00:00, run_after=2026-05-09 00:00:00+00:00
[2026-05-08T00:30:10.446+0000] {processor.py:208} INFO - Processing /opt/airflow/dags/main.py took 0.362 seconds
[2026-05-08T00:30:42.292+0000] {processor.py:186} INFO - Started process (PID=4615) to work on /opt/airflow/dags/main.py
[2026-05-08T00:30:42.294+0000] {processor.py:914} INFO - Processing file /opt/airflow/dags/main.py for tasks to queue
[2026-05-08T00:30:42.299+0000] {logging_mixin.py:190} INFO - [2026-05-08T00:30:42.299+0000] {dagbag.py:588} INFO - Filling up the DagBag from /opt/airflow/dags/main.py
[2026-05-08T00:30:42.518+0000] {processor.py:925} INFO - DAG(s) 'kafka_to_s3' retrieved from /opt/airflow/dags/main.py
[2026-05-08T00:30:42.556+0000] {logging_mixin.py:190} INFO - [2026-05-08T00:30:42.556+0000] {dag.py:3239} INFO - Sync 1 DAGs
[2026-05-08T00:30:42.593+0000] {logging_mixin.py:190} INFO - [2026-05-08T00:30:42.593+0000] {dag.py:4180} INFO - Setting next_dagrun for kafka_to_s3 to 2026-05-08 00:00:00+00:00, run_after=2026-05-09 00:00:00+00:00
[2026-05-08T00:30:42.624+0000] {processor.py:208} INFO - Processing /opt/airflow/dags/main.py took 0.342 seconds
[2026-05-08T00:31:13.740+0000] {processor.py:186} INFO - Started process (PID=4622) to work on /opt/airflow/dags/main.py
[2026-05-08T00:31:13.742+0000] {processor.py:914} INFO - Processing file /opt/airflow/dags/main.py for tasks to queue
[2026-05-08T00:31:13.748+0000] {logging_mixin.py:190} INFO - [2026-05-08T00:31:13.747+0000] {dagbag.py:588} INFO - Filling up the DagBag from /opt/airflow/dags/main.py
[2026-05-08T00:31:14.039+0000] {processor.py:925} INFO - DAG(s) 'kafka_to_s3' retrieved from /opt/airflow/dags/main.py
[2026-05-08T00:31:14.095+0000] {logging_mixin.py:190} INFO - [2026-05-08T00:31:14.094+0000] {dag.py:3239} INFO - Sync 1 DAGs
[2026-05-08T00:31:14.145+0000] {logging_mixin.py:190} INFO - [2026-05-08T00:31:14.144+0000] {dag.py:4180} INFO - Setting next_dagrun for kafka_to_s3 to 2026-05-08 00:00:00+00:00, run_after=2026-05-09 00:00:00+00:00
[2026-05-08T00:31:14.185+0000] {processor.py:208} INFO - Processing /opt/airflow/dags/main.py took 0.458 seconds
[2026-05-08T00:31:45.521+0000] {processor.py:186} INFO - Started process (PID=4629) to work on /opt/airflow/dags/main.py
[2026-05-08T00:31:45.524+0000] {processor.py:914} INFO - Processing file /opt/airflow/dags/main.py for tasks to queue
[2026-05-08T00:31:45.531+0000] {logging_mixin.py:190} INFO - [2026-05-08T00:31:45.531+0000] {dagbag.py:588} INFO - Filling up the DagBag from /opt/airflow/dags/main.py
[2026-05-08T00:31:45.809+0000] {processor.py:925} INFO - DAG(s) 'kafka_to_s3' retrieved from /opt/airflow/dags/main.py
[2026-05-08T00:31:45.858+0000] {logging_mixin.py:190} INFO - [2026-05-08T00:31:45.857+0000] {dag.py:3239} INFO - Sync 1 DAGs
[2026-05-08T00:31:45.904+0000] {logging_mixin.py:190} INFO - [2026-05-08T00:31:45.903+0000] {dag.py:4180} INFO - Setting next_dagrun for kafka_to_s3 to 2026-05-08 00:00:00+00:00, run_after=2026-05-09 00:00:00+00:00
[2026-05-08T00:31:45.941+0000] {processor.py:208} INFO - Processing /opt/airflow/dags/main.py took 0.433 seconds
[2026-05-08T00:32:18.146+0000] {processor.py:186} INFO - Started process (PID=4636) to work on /opt/airflow/dags/main.py
[2026-05-08T00:32:18.148+0000] {processor.py:914} INFO - Processing file /opt/airflow/dags/main.py for tasks to queue
[2026-05-08T00:32:18.155+0000] {logging_mixin.py:190} INFO - [2026-05-08T00:32:18.155+0000] {dagbag.py:588} INFO - Filling up the DagBag from /opt/airflow/dags/main.py
[2026-05-08T00:32:18.441+0000] {processor.py:925} INFO - DAG(s) 'kafka_to_s3' retrieved from /opt/airflow/dags/main.py
[2026-05-08T00:32:18.490+0000] {logging_mixin.py:190} INFO - [2026-05-08T00:32:18.490+0000] {dag.py:3239} INFO - Sync 1 DAGs
[2026-05-08T00:32:18.538+0000] {logging_mixin.py:190} INFO - [2026-05-08T00:32:18.538+0000] {dag.py:4180} INFO - Setting next_dagrun for kafka_to_s3 to 2026-05-08 00:00:00+00:00, run_after=2026-05-09 00:00:00+00:00
[2026-05-08T00:32:18.574+0000] {processor.py:208} INFO - Processing /opt/airflow/dags/main.py took 0.440 seconds
