[2026-04-30T00:48:59.988+0000] {local_task_job_runner.py:123} INFO - ::group::Pre task execution logs
[2026-04-30T00:49:00.120+0000] {taskinstance.py:2614} INFO - Dependencies all met for dep_context=non-requeueable deps ti=<TaskInstance: orders_kafka_to_s3.produce_orders scheduled__2026-04-29T00:00:00+00:00 [queued]>
[2026-04-30T00:49:00.164+0000] {taskinstance.py:2614} INFO - Dependencies all met for dep_context=requeueable deps ti=<TaskInstance: orders_kafka_to_s3.produce_orders scheduled__2026-04-29T00:00:00+00:00 [queued]>
[2026-04-30T00:49:00.165+0000] {taskinstance.py:2867} INFO - Starting attempt 1 of 1
[2026-04-30T00:49:00.259+0000] {taskinstance.py:2890} INFO - Executing <Task(PythonOperator): produce_orders> on 2026-04-29 00:00:00+00:00
[2026-04-30T00:49:00.311+0000] {warnings.py:112} WARNING - /home/***/.local/lib/python3.12/site-packages/***/task/task_runner/standard_task_runner.py:70: DeprecationWarning: This process (pid=104) is multi-threaded, use of fork() may lead to deadlocks in the child.
  pid = os.fork()

[2026-04-30T00:49:00.319+0000] {standard_task_runner.py:72} INFO - Started process 106 to run task
[2026-04-30T00:49:00.357+0000] {standard_task_runner.py:104} INFO - Running: ['***', 'tasks', 'run', 'orders_kafka_to_s3', 'produce_orders', 'scheduled__2026-04-29T00:00:00+00:00', '--job-id', '2', '--raw', '--subdir', 'DAGS_FOLDER/main.py', '--cfg-path', '/tmp/tmptokehi0c']
[2026-04-30T00:49:00.363+0000] {standard_task_runner.py:105} INFO - Job 2: Subtask produce_orders
[2026-04-30T00:49:00.869+0000] {task_command.py:467} INFO - Running <TaskInstance: orders_kafka_to_s3.produce_orders scheduled__2026-04-29T00:00:00+00:00 [running]> on host ae6d1dd9ab05
[2026-04-30T00:49:01.405+0000] {taskinstance.py:3134} INFO - Exporting env vars: AIRFLOW_CTX_DAG_OWNER='kafka_streaming' AIRFLOW_CTX_DAG_ID='orders_kafka_to_s3' AIRFLOW_CTX_TASK_ID='produce_orders' AIRFLOW_CTX_EXECUTION_DATE='2026-04-29T00:00:00+00:00' AIRFLOW_CTX_TRY_NUMBER='1' AIRFLOW_CTX_DAG_RUN_ID='scheduled__2026-04-29T00:00:00+00:00'
[2026-04-30T00:49:01.444+0000] {taskinstance.py:732} INFO - ::endgroup::
[2026-04-30T00:49:01.727+0000] {producer.py:98} INFO - Producer starting at offset 0 — will send 8 rows
[2026-04-30T00:49:01.867+0000] {producer.py:136} ERROR - CSV not found: /opt/***/data/order.csv
[2026-04-30T00:49:01.887+0000] {taskinstance.py:3313} ERROR - Task failed with exception
Traceback (most recent call last):
  File "/home/airflow/.local/lib/python3.12/site-packages/airflow/models/taskinstance.py", line 768, in _execute_task
    result = _execute_callable(context=context, **execute_callable_kwargs)
             ^^^^^^^^^^^^^^^^^^^^^^^^^^^^^^^^^^^^^^^^^^^^^^^^^^^^^^^^^^^^^
  File "/home/airflow/.local/lib/python3.12/site-packages/airflow/models/taskinstance.py", line 734, in _execute_callable
    return ExecutionCallableRunner(
           ^^^^^^^^^^^^^^^^^^^^^^^^
  File "/home/airflow/.local/lib/python3.12/site-packages/airflow/utils/operator_helpers.py", line 252, in run
    return self.func(*args, **kwargs)
           ^^^^^^^^^^^^^^^^^^^^^^^^^^
  File "/home/airflow/.local/lib/python3.12/site-packages/airflow/models/baseoperator.py", line 424, in wrapper
    return func(self, *args, **kwargs)
           ^^^^^^^^^^^^^^^^^^^^^^^^^^^
  File "/home/airflow/.local/lib/python3.12/site-packages/airflow/operators/python.py", line 238, in execute
    return_value = self.execute_callable()
                   ^^^^^^^^^^^^^^^^^^^^^^^
  File "/home/airflow/.local/lib/python3.12/site-packages/airflow/operators/python.py", line 256, in execute_callable
    return runner.run(*self.op_args, **self.op_kwargs)
           ^^^^^^^^^^^^^^^^^^^^^^^^^^^^^^^^^^^^^^^^^^^
  File "/home/airflow/.local/lib/python3.12/site-packages/airflow/utils/operator_helpers.py", line 252, in run
    return self.func(*args, **kwargs)
           ^^^^^^^^^^^^^^^^^^^^^^^^^^
  File "/opt/airflow/services/producer.py", line 110, in produce_orders
    with open(ORDER_CSV_PATH, newline="", encoding="utf-8") as fh:
         ^^^^^^^^^^^^^^^^^^^^^^^^^^^^^^^^^^^^^^^^^^^^^^^^^^
FileNotFoundError: [Errno 2] No such file or directory: '/opt/airflow/data/order.csv'
[2026-04-30T00:49:02.058+0000] {taskinstance.py:1226} INFO - Marking task as FAILED. dag_id=orders_kafka_to_s3, task_id=produce_orders, run_id=scheduled__2026-04-29T00:00:00+00:00, execution_date=20260429T000000, start_date=20260430T004900, end_date=20260430T004902
[2026-04-30T00:49:02.251+0000] {taskinstance.py:341} INFO - ::group::Post task execution logs
[2026-04-30T00:49:02.256+0000] {standard_task_runner.py:124} ERROR - Failed to execute job 2 for task produce_orders ([Errno 2] No such file or directory: '/opt/airflow/data/order.csv'; 106)
Traceback (most recent call last):
  File "/home/airflow/.local/lib/python3.12/site-packages/airflow/task/task_runner/standard_task_runner.py", line 117, in _start_by_fork
    ret = args.func(args, dag=self.dag)
          ^^^^^^^^^^^^^^^^^^^^^^^^^^^^^
  File "/home/airflow/.local/lib/python3.12/site-packages/airflow/cli/cli_config.py", line 49, in command
    return func(*args, **kwargs)
           ^^^^^^^^^^^^^^^^^^^^^
  File "/home/airflow/.local/lib/python3.12/site-packages/airflow/utils/cli.py", line 116, in wrapper
    return f(*args, **kwargs)
           ^^^^^^^^^^^^^^^^^^
  File "/home/airflow/.local/lib/python3.12/site-packages/airflow/cli/commands/task_command.py", line 483, in task_run
    task_return_code = _run_task_by_selected_method(args, _dag, ti)
                       ^^^^^^^^^^^^^^^^^^^^^^^^^^^^^^^^^^^^^^^^^^^^
  File "/home/airflow/.local/lib/python3.12/site-packages/airflow/cli/commands/task_command.py", line 256, in _run_task_by_selected_method
    return _run_raw_task(args, ti)
           ^^^^^^^^^^^^^^^^^^^^^^^
  File "/home/airflow/.local/lib/python3.12/site-packages/airflow/cli/commands/task_command.py", line 341, in _run_raw_task
    return ti._run_raw_task(
           ^^^^^^^^^^^^^^^^^
  File "/home/airflow/.local/lib/python3.12/site-packages/airflow/utils/session.py", line 97, in wrapper
    return func(*args, session=session, **kwargs)
           ^^^^^^^^^^^^^^^^^^^^^^^^^^^^^^^^^^^^^^
  File "/home/airflow/.local/lib/python3.12/site-packages/airflow/models/taskinstance.py", line 3006, in _run_raw_task
    return _run_raw_task(
           ^^^^^^^^^^^^^^
  File "/home/airflow/.local/lib/python3.12/site-packages/airflow/models/taskinstance.py", line 274, in _run_raw_task
    TaskInstance._execute_task_with_callbacks(
  File "/home/airflow/.local/lib/python3.12/site-packages/airflow/models/taskinstance.py", line 3161, in _execute_task_with_callbacks
    result = self._execute_task(context, task_orig)
             ^^^^^^^^^^^^^^^^^^^^^^^^^^^^^^^^^^^^^^
  File "/home/airflow/.local/lib/python3.12/site-packages/airflow/models/taskinstance.py", line 3185, in _execute_task
    return _execute_task(self, context, task_orig)
           ^^^^^^^^^^^^^^^^^^^^^^^^^^^^^^^^^^^^^^^
  File "/home/airflow/.local/lib/python3.12/site-packages/airflow/models/taskinstance.py", line 768, in _execute_task
    result = _execute_callable(context=context, **execute_callable_kwargs)
             ^^^^^^^^^^^^^^^^^^^^^^^^^^^^^^^^^^^^^^^^^^^^^^^^^^^^^^^^^^^^^
  File "/home/airflow/.local/lib/python3.12/site-packages/airflow/models/taskinstance.py", line 734, in _execute_callable
    return ExecutionCallableRunner(
           ^^^^^^^^^^^^^^^^^^^^^^^^
  File "/home/airflow/.local/lib/python3.12/site-packages/airflow/utils/operator_helpers.py", line 252, in run
    return self.func(*args, **kwargs)
           ^^^^^^^^^^^^^^^^^^^^^^^^^^
  File "/home/airflow/.local/lib/python3.12/site-packages/airflow/models/baseoperator.py", line 424, in wrapper
    return func(self, *args, **kwargs)
           ^^^^^^^^^^^^^^^^^^^^^^^^^^^
  File "/home/airflow/.local/lib/python3.12/site-packages/airflow/operators/python.py", line 238, in execute
    return_value = self.execute_callable()
                   ^^^^^^^^^^^^^^^^^^^^^^^
  File "/home/airflow/.local/lib/python3.12/site-packages/airflow/operators/python.py", line 256, in execute_callable
    return runner.run(*self.op_args, **self.op_kwargs)
           ^^^^^^^^^^^^^^^^^^^^^^^^^^^^^^^^^^^^^^^^^^^
  File "/home/airflow/.local/lib/python3.12/site-packages/airflow/utils/operator_helpers.py", line 252, in run
    return self.func(*args, **kwargs)
           ^^^^^^^^^^^^^^^^^^^^^^^^^^
  File "/opt/airflow/services/producer.py", line 110, in produce_orders
    with open(ORDER_CSV_PATH, newline="", encoding="utf-8") as fh:
         ^^^^^^^^^^^^^^^^^^^^^^^^^^^^^^^^^^^^^^^^^^^^^^^^^^
FileNotFoundError: [Errno 2] No such file or directory: '/opt/airflow/data/order.csv'
[2026-04-30T00:49:02.329+0000] {local_task_job_runner.py:266} INFO - Task exited with return code 1
[2026-04-30T00:49:02.415+0000] {taskinstance.py:3901} INFO - 0 downstream tasks scheduled from follow-on schedule check
[2026-04-30T00:49:02.422+0000] {local_task_job_runner.py:245} INFO - ::endgroup::
[2026-04-30T08:23:09.920+0000] {local_task_job_runner.py:123} INFO - ::group::Pre task execution logs
[2026-04-30T08:23:09.971+0000] {taskinstance.py:2614} INFO - Dependencies all met for dep_context=non-requeueable deps ti=<TaskInstance: orders_kafka_to_s3.produce_orders scheduled__2026-04-29T00:00:00+00:00 [queued]>
[2026-04-30T08:23:09.984+0000] {taskinstance.py:2614} INFO - Dependencies all met for dep_context=requeueable deps ti=<TaskInstance: orders_kafka_to_s3.produce_orders scheduled__2026-04-29T00:00:00+00:00 [queued]>
[2026-04-30T08:23:09.985+0000] {taskinstance.py:2867} INFO - Starting attempt 1 of 1
[2026-04-30T08:23:10.011+0000] {taskinstance.py:2890} INFO - Executing <Task(PythonOperator): produce_orders> on 2026-04-29 00:00:00+00:00
[2026-04-30T08:23:10.027+0000] {standard_task_runner.py:104} INFO - Running: ['***', 'tasks', 'run', 'orders_kafka_to_s3', 'produce_orders', 'scheduled__2026-04-29T00:00:00+00:00', '--job-id', '3', '--raw', '--subdir', 'DAGS_FOLDER/main.py', '--cfg-path', '/tmp/tmpbelgpcw4']
[2026-04-30T08:23:10.029+0000] {warnings.py:112} WARNING - /home/***/.local/lib/python3.12/site-packages/***/task/task_runner/standard_task_runner.py:70: DeprecationWarning: This process (pid=122) is multi-threaded, use of fork() may lead to deadlocks in the child.
  pid = os.fork()

[2026-04-30T08:23:10.041+0000] {standard_task_runner.py:105} INFO - Job 3: Subtask produce_orders
[2026-04-30T08:23:10.041+0000] {standard_task_runner.py:72} INFO - Started process 124 to run task
[2026-04-30T08:23:10.726+0000] {task_command.py:467} INFO - Running <TaskInstance: orders_kafka_to_s3.produce_orders scheduled__2026-04-29T00:00:00+00:00 [running]> on host 2060b8b3abe6
[2026-04-30T08:23:11.126+0000] {taskinstance.py:3134} INFO - Exporting env vars: AIRFLOW_CTX_DAG_OWNER='kafka_streaming' AIRFLOW_CTX_DAG_ID='orders_kafka_to_s3' AIRFLOW_CTX_TASK_ID='produce_orders' AIRFLOW_CTX_EXECUTION_DATE='2026-04-29T00:00:00+00:00' AIRFLOW_CTX_TRY_NUMBER='1' AIRFLOW_CTX_DAG_RUN_ID='scheduled__2026-04-29T00:00:00+00:00'
[2026-04-30T08:23:11.128+0000] {taskinstance.py:732} INFO - ::endgroup::
[2026-04-30T08:23:11.368+0000] {producer.py:98} INFO - Producer starting at offset 0 — will send 8 rows
[2026-04-30T08:23:12.810+0000] {producer.py:83} INFO - Delivered to orders_topic [0]
[2026-04-30T08:23:12.811+0000] {producer.py:83} INFO - Delivered to orders_topic [0]
[2026-04-30T08:23:12.812+0000] {producer.py:83} INFO - Delivered to orders_topic [0]
[2026-04-30T08:23:12.813+0000] {producer.py:83} INFO - Delivered to orders_topic [0]
[2026-04-30T08:23:12.813+0000] {producer.py:83} INFO - Delivered to orders_topic [0]
[2026-04-30T08:23:12.814+0000] {producer.py:83} INFO - Delivered to orders_topic [0]
[2026-04-30T08:23:12.816+0000] {producer.py:83} INFO - Delivered to orders_topic [0]
[2026-04-30T08:23:12.817+0000] {producer.py:83} INFO - Delivered to orders_topic [0]
[2026-04-30T08:23:12.850+0000] {crypto.py:82} WARNING - empty cryptography key - values will not be stored encrypted.
[2026-04-30T08:23:12.866+0000] {producer.py:145} INFO - Producer done. Rows sent: 8  |  Next offset: 8
[2026-04-30T08:23:12.874+0000] {python.py:240} INFO - Done. Returned value was: {'rows_sent': 8, 'next_offset': 8}
[2026-04-30T08:23:13.003+0000] {taskinstance.py:341} INFO - ::group::Post task execution logs
[2026-04-30T08:23:13.005+0000] {taskinstance.py:353} INFO - Marking task as SUCCESS. dag_id=orders_kafka_to_s3, task_id=produce_orders, run_id=scheduled__2026-04-29T00:00:00+00:00, execution_date=20260429T000000, start_date=20260430T082309, end_date=20260430T082313
[2026-04-30T08:23:13.185+0000] {local_task_job_runner.py:266} INFO - Task exited with return code 0
[2026-04-30T08:23:13.333+0000] {taskinstance.py:3901} INFO - 1 downstream tasks scheduled from follow-on schedule check
[2026-04-30T08:23:13.339+0000] {local_task_job_runner.py:245} INFO - ::endgroup::
