[2026-05-02T09:51:56.041+0000] {local_task_job_runner.py:123} INFO - ::group::Pre task execution logs
[2026-05-02T09:51:56.070+0000] {taskinstance.py:2614} INFO - Dependencies all met for dep_context=non-requeueable deps ti=<TaskInstance: orders_kafka_to_s3.load_orders_to_redshift manual__2026-05-02T09:51:13.813776+00:00 [queued]>
[2026-05-02T09:51:56.088+0000] {taskinstance.py:2614} INFO - Dependencies all met for dep_context=requeueable deps ti=<TaskInstance: orders_kafka_to_s3.load_orders_to_redshift manual__2026-05-02T09:51:13.813776+00:00 [queued]>
[2026-05-02T09:51:56.089+0000] {taskinstance.py:2867} INFO - Starting attempt 1 of 1
[2026-05-02T09:51:56.108+0000] {taskinstance.py:2890} INFO - Executing <Task(PythonOperator): load_orders_to_redshift> on 2026-05-02 09:51:13.813776+00:00
[2026-05-02T09:51:56.119+0000] {warnings.py:112} WARNING - /home/***/.local/lib/python3.12/site-packages/***/task/task_runner/standard_task_runner.py:70: DeprecationWarning: This process (pid=867) is multi-threaded, use of fork() may lead to deadlocks in the child.
  pid = os.fork()

[2026-05-02T09:51:56.122+0000] {standard_task_runner.py:72} INFO - Started process 868 to run task
[2026-05-02T09:51:56.125+0000] {standard_task_runner.py:104} INFO - Running: ['***', 'tasks', 'run', 'orders_kafka_to_s3', 'load_orders_to_redshift', 'manual__2026-05-02T09:51:13.813776+00:00', '--job-id', '72', '--raw', '--subdir', 'DAGS_FOLDER/main.py', '--cfg-path', '/tmp/tmpb7xhy4rx']
[2026-05-02T09:51:56.126+0000] {standard_task_runner.py:105} INFO - Job 72: Subtask load_orders_to_redshift
[2026-05-02T09:51:56.237+0000] {task_command.py:467} INFO - Running <TaskInstance: orders_kafka_to_s3.load_orders_to_redshift manual__2026-05-02T09:51:13.813776+00:00 [running]> on host 548e02207ef4
[2026-05-02T09:51:56.360+0000] {taskinstance.py:3134} INFO - Exporting env vars: AIRFLOW_CTX_DAG_OWNER='kafka_streaming' AIRFLOW_CTX_DAG_ID='orders_kafka_to_s3' AIRFLOW_CTX_TASK_ID='load_orders_to_redshift' AIRFLOW_CTX_EXECUTION_DATE='2026-05-02T09:51:13.813776+00:00' AIRFLOW_CTX_TRY_NUMBER='1' AIRFLOW_CTX_DAG_RUN_ID='manual__2026-05-02T09:51:13.813776+00:00'
[2026-05-02T09:51:56.361+0000] {taskinstance.py:732} INFO - ::endgroup::
[2026-05-02T09:51:56.386+0000] {redshift_loader.py:25} INFO - Step 1: Connecting to Redshift...
[2026-05-02T09:51:56.399+0000] {base.py:84} INFO - Retrieving connection 'redshift_conn'
[2026-05-02T09:52:00.311+0000] {redshift_loader.py:46} INFO - Connected to Redshift successfully
[2026-05-02T09:52:00.312+0000] {redshift_loader.py:62} INFO - Step 2: Creating table if not exists...
[2026-05-02T09:52:02.554+0000] {logging_mixin.py:190} INFO - ✔ Table ensured
[2026-05-02T09:52:02.557+0000] {redshift_loader.py:69} INFO - Table ensured successfully
[2026-05-02T09:52:02.606+0000] {redshift_loader.py:90} INFO - Step 3: Copying data from S3 to Redshift...
[2026-05-02T09:52:05.204+0000] {logging_mixin.py:190} INFO - ✔ COPY completed successfully from S3 to Redshift
[2026-05-02T09:52:05.207+0000] {redshift_loader.py:97} INFO - COPY completed successfully
[2026-05-02T09:52:05.210+0000] {redshift_loader.py:110} INFO - Redshift connection closed
[2026-05-02T09:52:05.213+0000] {python.py:240} INFO - Done. Returned value was: None
[2026-05-02T09:52:05.250+0000] {taskinstance.py:341} INFO - ::group::Post task execution logs
[2026-05-02T09:52:05.251+0000] {taskinstance.py:353} INFO - Marking task as SUCCESS. dag_id=orders_kafka_to_s3, task_id=load_orders_to_redshift, run_id=manual__2026-05-02T09:51:13.813776+00:00, execution_date=20260502T095113, start_date=20260502T095156, end_date=20260502T095205
[2026-05-02T09:52:05.306+0000] {local_task_job_runner.py:266} INFO - Task exited with return code 0
[2026-05-02T09:52:05.332+0000] {taskinstance.py:3901} INFO - 0 downstream tasks scheduled from follow-on schedule check
[2026-05-02T09:52:05.335+0000] {local_task_job_runner.py:245} INFO - ::endgroup::
