[2026-05-04T11:25:39.095+0000] {local_task_job_runner.py:123} INFO - ::group::Pre task execution logs
[2026-05-04T11:25:39.131+0000] {taskinstance.py:2614} INFO - Dependencies all met for dep_context=non-requeueable deps ti=<TaskInstance: kafka_to_s3.consume_data manual__2026-05-04T11:25:34.898162+00:00 [queued]>
[2026-05-04T11:25:39.147+0000] {taskinstance.py:2614} INFO - Dependencies all met for dep_context=requeueable deps ti=<TaskInstance: kafka_to_s3.consume_data manual__2026-05-04T11:25:34.898162+00:00 [queued]>
[2026-05-04T11:25:39.148+0000] {taskinstance.py:2867} INFO - Starting attempt 1 of 1
[2026-05-04T11:25:39.167+0000] {taskinstance.py:2890} INFO - Executing <Task(PythonOperator): consume_data> on 2026-05-04 11:25:34.898162+00:00
[2026-05-04T11:25:39.176+0000] {warnings.py:112} WARNING - /home/***/.local/lib/python3.12/site-packages/***/task/task_runner/standard_task_runner.py:70: DeprecationWarning: This process (pid=233) is multi-threaded, use of fork() may lead to deadlocks in the child.
  pid = os.fork()

[2026-05-04T11:25:39.180+0000] {standard_task_runner.py:72} INFO - Started process 234 to run task
[2026-05-04T11:25:39.181+0000] {standard_task_runner.py:104} INFO - Running: ['***', 'tasks', 'run', 'kafka_to_s3', 'consume_data', 'manual__2026-05-04T11:25:34.898162+00:00', '--job-id', '7', '--raw', '--subdir', 'DAGS_FOLDER/main.py', '--cfg-path', '/tmp/tmpt1fg7xlb']
[2026-05-04T11:25:39.184+0000] {standard_task_runner.py:105} INFO - Job 7: Subtask consume_data
[2026-05-04T11:25:39.287+0000] {task_command.py:467} INFO - Running <TaskInstance: kafka_to_s3.consume_data manual__2026-05-04T11:25:34.898162+00:00 [running]> on host bd3dcff855c5
[2026-05-04T11:25:39.411+0000] {taskinstance.py:3134} INFO - Exporting env vars: AIRFLOW_CTX_DAG_OWNER='kafka_streaming' AIRFLOW_CTX_DAG_ID='kafka_to_s3' AIRFLOW_CTX_TASK_ID='consume_data' AIRFLOW_CTX_EXECUTION_DATE='2026-05-04T11:25:34.898162+00:00' AIRFLOW_CTX_TRY_NUMBER='1' AIRFLOW_CTX_DAG_RUN_ID='manual__2026-05-04T11:25:34.898162+00:00'
[2026-05-04T11:25:39.412+0000] {taskinstance.py:732} INFO - ::endgroup::
[2026-05-04T11:25:39.467+0000] {base.py:84} INFO - Retrieving connection 'aws_default'
[2026-05-04T11:25:41.230+0000] {consumer.py:186} INFO - Consumer started. batch_size=8  batch_timeout=30s  idle_exit=30s
[2026-05-04T11:25:48.722+0000] {consumer.py:222} INFO - Flushing batch #0000 (8 rows) — size
[2026-05-04T11:25:51.161+0000] {consumer.py:150} INFO - ✔ Batch #0000 → s3://streamstore-081653452945-ap-south-1-an/streamstore/year_2026_month_05_day_04_batch_20260504_112548_0000.csv  (8 rows, 0.8 KB)
[2026-05-04T11:25:51.163+0000] {consumer.py:222} INFO - Flushing batch #0001 (8 rows) — size
[2026-05-04T11:25:52.387+0000] {consumer.py:150} INFO - ✔ Batch #0001 → s3://streamstore-081653452945-ap-south-1-an/streamstore/year_2026_month_05_day_04_batch_20260504_112551_0001.csv  (8 rows, 0.8 KB)
[2026-05-04T11:26:21.516+0000] {consumer.py:213} INFO - Idle for 30s — exiting.
[2026-05-04T11:26:21.538+0000] {consumer.py:257} INFO - Consumer done. rows=16  files=2
[2026-05-04T11:26:21.568+0000] {python.py:240} INFO - Done. Returned value was: {'total_rows': 16, 'total_files': 2}
[2026-05-04T11:26:21.614+0000] {taskinstance.py:341} INFO - ::group::Post task execution logs
[2026-05-04T11:26:21.615+0000] {taskinstance.py:353} INFO - Marking task as SUCCESS. dag_id=kafka_to_s3, task_id=consume_data, run_id=manual__2026-05-04T11:25:34.898162+00:00, execution_date=20260504T112534, start_date=20260504T112539, end_date=20260504T112621
[2026-05-04T11:26:21.721+0000] {local_task_job_runner.py:266} INFO - Task exited with return code 0
[2026-05-04T11:26:21.765+0000] {taskinstance.py:3901} INFO - 1 downstream tasks scheduled from follow-on schedule check
[2026-05-04T11:26:21.768+0000] {local_task_job_runner.py:245} INFO - ::endgroup::
