[2026-05-07T17:42:46.126+0000] {local_task_job_runner.py:123} INFO - ::group::Pre task execution logs
[2026-05-07T17:42:46.180+0000] {taskinstance.py:2614} INFO - Dependencies all met for dep_context=non-requeueable deps ti=<TaskInstance: kafka_to_s3.dbt_staging manual__2026-05-07T17:41:55.846077+00:00 [queued]>
[2026-05-07T17:42:46.201+0000] {taskinstance.py:2614} INFO - Dependencies all met for dep_context=requeueable deps ti=<TaskInstance: kafka_to_s3.dbt_staging manual__2026-05-07T17:41:55.846077+00:00 [queued]>
[2026-05-07T17:42:46.202+0000] {taskinstance.py:2867} INFO - Starting attempt 1 of 1
[2026-05-07T17:42:46.221+0000] {taskinstance.py:2890} INFO - Executing <Task(BashOperator): dbt_staging> on 2026-05-07 17:41:55.846077+00:00
[2026-05-07T17:42:46.231+0000] {warnings.py:112} WARNING - /home/***/.local/lib/python3.12/site-packages/***/task/task_runner/standard_task_runner.py:70: DeprecationWarning: This process (pid=390) is multi-threaded, use of fork() may lead to deadlocks in the child.
  pid = os.fork()

[2026-05-07T17:42:46.234+0000] {standard_task_runner.py:104} INFO - Running: ['***', 'tasks', 'run', 'kafka_to_s3', 'dbt_staging', 'manual__2026-05-07T17:41:55.846077+00:00', '--job-id', '160', '--raw', '--subdir', 'DAGS_FOLDER/main.py', '--cfg-path', '/tmp/tmpwyllivet']
[2026-05-07T17:42:46.235+0000] {standard_task_runner.py:72} INFO - Started process 391 to run task
[2026-05-07T17:42:46.236+0000] {standard_task_runner.py:105} INFO - Job 160: Subtask dbt_staging
[2026-05-07T17:42:46.332+0000] {task_command.py:467} INFO - Running <TaskInstance: kafka_to_s3.dbt_staging manual__2026-05-07T17:41:55.846077+00:00 [running]> on host d50ffedd74f8
[2026-05-07T17:42:46.459+0000] {taskinstance.py:3134} INFO - Exporting env vars: AIRFLOW_CTX_DAG_OWNER='kafka_streaming' AIRFLOW_CTX_DAG_ID='kafka_to_s3' AIRFLOW_CTX_TASK_ID='dbt_staging' AIRFLOW_CTX_EXECUTION_DATE='2026-05-07T17:41:55.846077+00:00' AIRFLOW_CTX_TRY_NUMBER='1' AIRFLOW_CTX_DAG_RUN_ID='manual__2026-05-07T17:41:55.846077+00:00'
[2026-05-07T17:42:46.461+0000] {taskinstance.py:732} INFO - ::endgroup::
[2026-05-07T17:42:46.486+0000] {subprocess.py:78} INFO - Tmp dir root location: /tmp
[2026-05-07T17:42:46.489+0000] {subprocess.py:88} INFO - Running command: ['/usr/bin/bash', '-c', '\n        dbt run --select bronze --project-dir /opt/***/dbt --profiles-dir /opt/***/dbt\n        ']
[2026-05-07T17:42:46.503+0000] {subprocess.py:99} INFO - Output:
[2026-05-07T17:42:49.804+0000] {subprocess.py:106} INFO - [0m17:42:49  Running with dbt=1.8.9
[2026-05-07T17:42:50.288+0000] {subprocess.py:106} INFO - [0m17:42:50  Registered adapter: redshift=1.8.1
[2026-05-07T17:42:51.095+0000] {subprocess.py:106} INFO - [0m17:42:51  Encountered an error:
[2026-05-07T17:42:51.096+0000] {subprocess.py:106} INFO - [Errno 13] Permission denied: '/opt/***/dbt/target/manifest.json'
[2026-05-07T17:42:51.101+0000] {subprocess.py:106} INFO - [0m17:42:51  Traceback (most recent call last):
[2026-05-07T17:42:51.102+0000] {subprocess.py:106} INFO -   File "/home/***/.local/lib/python3.12/site-packages/dbt/cli/requires.py", line 138, in wrapper
[2026-05-07T17:42:51.103+0000] {subprocess.py:106} INFO -     result, success = func(*args, **kwargs)
[2026-05-07T17:42:51.104+0000] {subprocess.py:106} INFO -                       ^^^^^^^^^^^^^^^^^^^^^
[2026-05-07T17:42:51.105+0000] {subprocess.py:106} INFO -   File "/home/***/.local/lib/python3.12/site-packages/dbt/cli/requires.py", line 101, in wrapper
[2026-05-07T17:42:51.106+0000] {subprocess.py:106} INFO -     return func(*args, **kwargs)
[2026-05-07T17:42:51.107+0000] {subprocess.py:106} INFO -            ^^^^^^^^^^^^^^^^^^^^^
[2026-05-07T17:42:51.108+0000] {subprocess.py:106} INFO -   File "/home/***/.local/lib/python3.12/site-packages/dbt/cli/requires.py", line 218, in wrapper
[2026-05-07T17:42:51.109+0000] {subprocess.py:106} INFO -     return func(*args, **kwargs)
[2026-05-07T17:42:51.110+0000] {subprocess.py:106} INFO -            ^^^^^^^^^^^^^^^^^^^^^
[2026-05-07T17:42:51.111+0000] {subprocess.py:106} INFO -   File "/home/***/.local/lib/python3.12/site-packages/dbt/cli/requires.py", line 247, in wrapper
[2026-05-07T17:42:51.112+0000] {subprocess.py:106} INFO -     return func(*args, **kwargs)
[2026-05-07T17:42:51.113+0000] {subprocess.py:106} INFO -            ^^^^^^^^^^^^^^^^^^^^^
[2026-05-07T17:42:51.115+0000] {subprocess.py:106} INFO -   File "/home/***/.local/lib/python3.12/site-packages/dbt/cli/requires.py", line 294, in wrapper
[2026-05-07T17:42:51.117+0000] {subprocess.py:106} INFO -     return func(*args, **kwargs)
[2026-05-07T17:42:51.118+0000] {subprocess.py:106} INFO -            ^^^^^^^^^^^^^^^^^^^^^
[2026-05-07T17:42:51.119+0000] {subprocess.py:106} INFO -   File "/home/***/.local/lib/python3.12/site-packages/dbt/cli/requires.py", line 320, in wrapper
[2026-05-07T17:42:51.120+0000] {subprocess.py:106} INFO -     ctx.obj["manifest"] = parse_manifest(
[2026-05-07T17:42:51.122+0000] {subprocess.py:106} INFO -                           ^^^^^^^^^^^^^^^
[2026-05-07T17:42:51.123+0000] {subprocess.py:106} INFO -   File "/home/***/.local/lib/python3.12/site-packages/dbt/parser/manifest.py", line 1905, in parse_manifest
[2026-05-07T17:42:51.124+0000] {subprocess.py:106} INFO -     write_manifest(manifest, runtime_config.project_target_path)
[2026-05-07T17:42:51.125+0000] {subprocess.py:106} INFO -   File "/home/***/.local/lib/python3.12/site-packages/dbt/parser/manifest.py", line 1884, in write_manifest
[2026-05-07T17:42:51.126+0000] {subprocess.py:106} INFO -     manifest.write(path)
[2026-05-07T17:42:51.128+0000] {subprocess.py:106} INFO -   File "/home/***/.local/lib/python3.12/site-packages/dbt/contracts/graph/manifest.py", line 1162, in write
[2026-05-07T17:42:51.129+0000] {subprocess.py:106} INFO -     self.writable_manifest().write(path)
[2026-05-07T17:42:51.130+0000] {subprocess.py:106} INFO -   File "/home/***/.local/lib/python3.12/site-packages/dbt/artifacts/schemas/base.py", line 37, in write
[2026-05-07T17:42:51.132+0000] {subprocess.py:106} INFO -     write_json(path, self.to_dict(omit_none=False, context={"artifact": True}))  # type: ignore
[2026-05-07T17:42:51.133+0000] {subprocess.py:106} INFO -     ^^^^^^^^^^^^^^^^^^^^^^^^^^^^^^^^^^^^^^^^^^^^^^^^^^^^^^^^^^^^^^^^^^^^^^^^^^^
[2026-05-07T17:42:51.134+0000] {subprocess.py:106} INFO -   File "/home/***/.local/lib/python3.12/site-packages/dbt_common/clients/system.py", line 305, in write_json
[2026-05-07T17:42:51.136+0000] {subprocess.py:106} INFO -     with open(path, "w", encoding="utf-8") as f:
[2026-05-07T17:42:51.137+0000] {subprocess.py:106} INFO -          ^^^^^^^^^^^^^^^^^^^^^^^^^^^^^^^^^
[2026-05-07T17:42:51.138+0000] {subprocess.py:106} INFO - PermissionError: [Errno 13] Permission denied: '/opt/***/dbt/target/manifest.json'
[2026-05-07T17:42:51.140+0000] {subprocess.py:106} INFO - 
[2026-05-07T17:42:53.223+0000] {subprocess.py:110} INFO - Command exited with return code 2
[2026-05-07T17:42:53.246+0000] {taskinstance.py:3313} ERROR - Task failed with exception
Traceback (most recent call last):
  File "/home/airflow/.local/lib/python3.12/site-packages/airflow/models/taskinstance.py", line 768, in _execute_task
    result = _execute_callable(context=context, **execute_callable_kwargs)
             ^^^^^^^^^^^^^^^^^^^^^^^^^^^^^^^^^^^^^^^^^^^^^^^^^^^^^^^^^^^^^
  File "/home/airflow/.local/lib/python3.12/site-packages/airflow/models/taskinstance.py", line 734, in _execute_callable
    return ExecutionCallableRunner(
           ^^^^^^^^^^^^^^^^^^^^^^^^
  File "/home/airflow/.local/lib/python3.12/site-packages/airflow/utils/operator_helpers.py", line 252, in run
    return self.func(*args, **kwargs)
           ^^^^^^^^^^^^^^^^^^^^^^^^^^
  File "/home/airflow/.local/lib/python3.12/site-packages/airflow/models/baseoperator.py", line 424, in wrapper
    return func(self, *args, **kwargs)
           ^^^^^^^^^^^^^^^^^^^^^^^^^^^
  File "/home/airflow/.local/lib/python3.12/site-packages/airflow/operators/bash.py", line 276, in execute
    raise AirflowException(
airflow.exceptions.AirflowException: Bash command failed. The command returned a non-zero exit code 2.
[2026-05-07T17:42:53.259+0000] {taskinstance.py:1226} INFO - Marking task as FAILED. dag_id=kafka_to_s3, task_id=dbt_staging, run_id=manual__2026-05-07T17:41:55.846077+00:00, execution_date=20260507T174155, start_date=20260507T174246, end_date=20260507T174253
[2026-05-07T17:42:53.318+0000] {taskinstance.py:341} INFO - ::group::Post task execution logs
[2026-05-07T17:42:53.320+0000] {standard_task_runner.py:124} ERROR - Failed to execute job 160 for task dbt_staging (Bash command failed. The command returned a non-zero exit code 2.; 391)
Traceback (most recent call last):
  File "/home/airflow/.local/lib/python3.12/site-packages/airflow/task/task_runner/standard_task_runner.py", line 117, in _start_by_fork
    ret = args.func(args, dag=self.dag)
          ^^^^^^^^^^^^^^^^^^^^^^^^^^^^^
  File "/home/airflow/.local/lib/python3.12/site-packages/airflow/cli/cli_config.py", line 49, in command
    return func(*args, **kwargs)
           ^^^^^^^^^^^^^^^^^^^^^
  File "/home/airflow/.local/lib/python3.12/site-packages/airflow/utils/cli.py", line 116, in wrapper
    return f(*args, **kwargs)
           ^^^^^^^^^^^^^^^^^^
  File "/home/airflow/.local/lib/python3.12/site-packages/airflow/cli/commands/task_command.py", line 483, in task_run
    task_return_code = _run_task_by_selected_method(args, _dag, ti)
                       ^^^^^^^^^^^^^^^^^^^^^^^^^^^^^^^^^^^^^^^^^^^^
  File "/home/airflow/.local/lib/python3.12/site-packages/airflow/cli/commands/task_command.py", line 256, in _run_task_by_selected_method
    return _run_raw_task(args, ti)
           ^^^^^^^^^^^^^^^^^^^^^^^
  File "/home/airflow/.local/lib/python3.12/site-packages/airflow/cli/commands/task_command.py", line 341, in _run_raw_task
    return ti._run_raw_task(
           ^^^^^^^^^^^^^^^^^
  File "/home/airflow/.local/lib/python3.12/site-packages/airflow/utils/session.py", line 97, in wrapper
    return func(*args, session=session, **kwargs)
           ^^^^^^^^^^^^^^^^^^^^^^^^^^^^^^^^^^^^^^
  File "/home/airflow/.local/lib/python3.12/site-packages/airflow/models/taskinstance.py", line 3006, in _run_raw_task
    return _run_raw_task(
           ^^^^^^^^^^^^^^
  File "/home/airflow/.local/lib/python3.12/site-packages/airflow/models/taskinstance.py", line 274, in _run_raw_task
    TaskInstance._execute_task_with_callbacks(
  File "/home/airflow/.local/lib/python3.12/site-packages/airflow/models/taskinstance.py", line 3161, in _execute_task_with_callbacks
    result = self._execute_task(context, task_orig)
             ^^^^^^^^^^^^^^^^^^^^^^^^^^^^^^^^^^^^^^
  File "/home/airflow/.local/lib/python3.12/site-packages/airflow/models/taskinstance.py", line 3185, in _execute_task
    return _execute_task(self, context, task_orig)
           ^^^^^^^^^^^^^^^^^^^^^^^^^^^^^^^^^^^^^^^
  File "/home/airflow/.local/lib/python3.12/site-packages/airflow/models/taskinstance.py", line 768, in _execute_task
    result = _execute_callable(context=context, **execute_callable_kwargs)
             ^^^^^^^^^^^^^^^^^^^^^^^^^^^^^^^^^^^^^^^^^^^^^^^^^^^^^^^^^^^^^
  File "/home/airflow/.local/lib/python3.12/site-packages/airflow/models/taskinstance.py", line 734, in _execute_callable
    return ExecutionCallableRunner(
           ^^^^^^^^^^^^^^^^^^^^^^^^
  File "/home/airflow/.local/lib/python3.12/site-packages/airflow/utils/operator_helpers.py", line 252, in run
    return self.func(*args, **kwargs)
           ^^^^^^^^^^^^^^^^^^^^^^^^^^
  File "/home/airflow/.local/lib/python3.12/site-packages/airflow/models/baseoperator.py", line 424, in wrapper
    return func(self, *args, **kwargs)
           ^^^^^^^^^^^^^^^^^^^^^^^^^^^
  File "/home/airflow/.local/lib/python3.12/site-packages/airflow/operators/bash.py", line 276, in execute
    raise AirflowException(
airflow.exceptions.AirflowException: Bash command failed. The command returned a non-zero exit code 2.
[2026-05-07T17:42:53.377+0000] {local_task_job_runner.py:266} INFO - Task exited with return code 1
[2026-05-07T17:42:53.421+0000] {taskinstance.py:3901} INFO - 0 downstream tasks scheduled from follow-on schedule check
[2026-05-07T17:42:53.430+0000] {local_task_job_runner.py:245} INFO - ::endgroup::
