[2026-05-07T16:47:49.457+0000] {local_task_job_runner.py:123} INFO - ::group::Pre task execution logs
[2026-05-07T16:47:49.480+0000] {taskinstance.py:2614} INFO - Dependencies all met for dep_context=non-requeueable deps ti=<TaskInstance: kafka_to_s3.produce_data scheduled__2026-05-06T00:00:00+00:00 [queued]>
[2026-05-07T16:47:49.491+0000] {taskinstance.py:2614} INFO - Dependencies all met for dep_context=requeueable deps ti=<TaskInstance: kafka_to_s3.produce_data scheduled__2026-05-06T00:00:00+00:00 [queued]>
[2026-05-07T16:47:49.492+0000] {taskinstance.py:2867} INFO - Starting attempt 1 of 1
[2026-05-07T16:47:49.511+0000] {taskinstance.py:2890} INFO - Executing <Task(PythonOperator): produce_data> on 2026-05-06 00:00:00+00:00
[2026-05-07T16:47:49.520+0000] {warnings.py:112} WARNING - /home/***/.local/lib/python3.12/site-packages/***/task/task_runner/standard_task_runner.py:70: DeprecationWarning: This process (pid=51) is multi-threaded, use of fork() may lead to deadlocks in the child.
  pid = os.fork()

[2026-05-07T16:47:49.523+0000] {standard_task_runner.py:72} INFO - Started process 52 to run task
[2026-05-07T16:47:49.522+0000] {standard_task_runner.py:104} INFO - Running: ['***', 'tasks', 'run', 'kafka_to_s3', 'produce_data', 'scheduled__2026-05-06T00:00:00+00:00', '--job-id', '141', '--raw', '--subdir', 'DAGS_FOLDER/main.py', '--cfg-path', '/tmp/tmpl4kutv46']
[2026-05-07T16:47:49.527+0000] {standard_task_runner.py:105} INFO - Job 141: Subtask produce_data
[2026-05-07T16:47:49.648+0000] {task_command.py:467} INFO - Running <TaskInstance: kafka_to_s3.produce_data scheduled__2026-05-06T00:00:00+00:00 [running]> on host af5111aca223
[2026-05-07T16:47:49.781+0000] {taskinstance.py:3134} INFO - Exporting env vars: AIRFLOW_CTX_DAG_OWNER='kafka_streaming' AIRFLOW_CTX_DAG_ID='kafka_to_s3' AIRFLOW_CTX_TASK_ID='produce_data' AIRFLOW_CTX_EXECUTION_DATE='2026-05-06T00:00:00+00:00' AIRFLOW_CTX_TRY_NUMBER='1' AIRFLOW_CTX_DAG_RUN_ID='scheduled__2026-05-06T00:00:00+00:00'
[2026-05-07T16:47:49.783+0000] {taskinstance.py:732} INFO - ::endgroup::
[2026-05-07T16:47:49.906+0000] {producer.py:98} INFO - Producer starting at offset 344 — will send 8 rows
[2026-05-07T16:47:51.334+0000] {producer.py:83} INFO - Delivered to stream_store_topic [0]
[2026-05-07T16:47:51.335+0000] {producer.py:83} INFO - Delivered to stream_store_topic [0]
[2026-05-07T16:47:51.337+0000] {producer.py:83} INFO - Delivered to stream_store_topic [0]
[2026-05-07T16:47:51.341+0000] {producer.py:83} INFO - Delivered to stream_store_topic [0]
[2026-05-07T16:47:51.342+0000] {producer.py:83} INFO - Delivered to stream_store_topic [0]
[2026-05-07T16:47:51.343+0000] {producer.py:83} INFO - Delivered to stream_store_topic [0]
[2026-05-07T16:47:51.344+0000] {producer.py:83} INFO - Delivered to stream_store_topic [0]
[2026-05-07T16:47:51.344+0000] {producer.py:83} INFO - Delivered to stream_store_topic [0]
[2026-05-07T16:47:51.376+0000] {crypto.py:82} WARNING - empty cryptography key - values will not be stored encrypted.
[2026-05-07T16:47:51.393+0000] {producer.py:145} INFO - Producer done. Rows sent: 8  |  Next offset: 352
[2026-05-07T16:47:51.397+0000] {python.py:240} INFO - Done. Returned value was: {'rows_sent': 8, 'next_offset': 352}
[2026-05-07T16:47:51.462+0000] {taskinstance.py:341} INFO - ::group::Post task execution logs
[2026-05-07T16:47:51.463+0000] {taskinstance.py:353} INFO - Marking task as SUCCESS. dag_id=kafka_to_s3, task_id=produce_data, run_id=scheduled__2026-05-06T00:00:00+00:00, execution_date=20260506T000000, start_date=20260507T164749, end_date=20260507T164751
[2026-05-07T16:47:51.558+0000] {local_task_job_runner.py:266} INFO - Task exited with return code 0
[2026-05-07T16:47:51.579+0000] {dagrun.py:977} ERROR - Failed to get task for ti <TaskInstance: kafka_to_s3.run_dbt_pipeline scheduled__2026-05-06T00:00:00+00:00 [None]>. Marking it as removed.
[2026-05-07T16:47:51.583+0000] {dagrun.py:977} ERROR - Failed to get task for ti <TaskInstance: kafka_to_s3.run_data_quality_checks scheduled__2026-05-06T00:00:00+00:00 [None]>. Marking it as removed.
[2026-05-07T16:47:51.603+0000] {taskinstance.py:3901} INFO - 1 downstream tasks scheduled from follow-on schedule check
[2026-05-07T16:47:51.609+0000] {local_task_job_runner.py:245} INFO - ::endgroup::
