[2026-05-06T11:49:52.788+0000] {local_task_job_runner.py:123} INFO - ::group::Pre task execution logs
[2026-05-06T11:49:52.830+0000] {taskinstance.py:2614} INFO - Dependencies all met for dep_context=non-requeueable deps ti=<TaskInstance: kafka_to_s3.produce_data manual__2026-05-06T11:49:48.282815+00:00 [queued]>
[2026-05-06T11:49:52.843+0000] {taskinstance.py:2614} INFO - Dependencies all met for dep_context=requeueable deps ti=<TaskInstance: kafka_to_s3.produce_data manual__2026-05-06T11:49:48.282815+00:00 [queued]>
[2026-05-06T11:49:52.845+0000] {taskinstance.py:2867} INFO - Starting attempt 1 of 1
[2026-05-06T11:49:52.866+0000] {taskinstance.py:2890} INFO - Executing <Task(PythonOperator): produce_data> on 2026-05-06 11:49:48.282815+00:00
[2026-05-06T11:49:52.877+0000] {warnings.py:112} WARNING - /home/***/.local/lib/python3.12/site-packages/***/task/task_runner/standard_task_runner.py:70: DeprecationWarning: This process (pid=107) is multi-threaded, use of fork() may lead to deadlocks in the child.
  pid = os.fork()

[2026-05-06T11:49:52.880+0000] {standard_task_runner.py:72} INFO - Started process 108 to run task
[2026-05-06T11:49:52.881+0000] {standard_task_runner.py:104} INFO - Running: ['***', 'tasks', 'run', 'kafka_to_s3', 'produce_data', 'manual__2026-05-06T11:49:48.282815+00:00', '--job-id', '128', '--raw', '--subdir', 'DAGS_FOLDER/main.py', '--cfg-path', '/tmp/tmpb6aub3qf']
[2026-05-06T11:49:52.884+0000] {standard_task_runner.py:105} INFO - Job 128: Subtask produce_data
[2026-05-06T11:49:53.020+0000] {task_command.py:467} INFO - Running <TaskInstance: kafka_to_s3.produce_data manual__2026-05-06T11:49:48.282815+00:00 [running]> on host aed342af3888
[2026-05-06T11:49:53.233+0000] {taskinstance.py:3134} INFO - Exporting env vars: AIRFLOW_CTX_DAG_OWNER='kafka_streaming' AIRFLOW_CTX_DAG_ID='kafka_to_s3' AIRFLOW_CTX_TASK_ID='produce_data' AIRFLOW_CTX_EXECUTION_DATE='2026-05-06T11:49:48.282815+00:00' AIRFLOW_CTX_TRY_NUMBER='1' AIRFLOW_CTX_DAG_RUN_ID='manual__2026-05-06T11:49:48.282815+00:00'
[2026-05-06T11:49:53.238+0000] {taskinstance.py:732} INFO - ::endgroup::
[2026-05-06T11:49:53.361+0000] {producer.py:98} INFO - Producer starting at offset 320 — will send 8 rows
[2026-05-06T11:49:56.753+0000] {producer.py:83} INFO - Delivered to stream_store_topic [0]
[2026-05-06T11:49:56.754+0000] {producer.py:83} INFO - Delivered to stream_store_topic [0]
[2026-05-06T11:49:56.755+0000] {producer.py:83} INFO - Delivered to stream_store_topic [0]
[2026-05-06T11:49:56.756+0000] {producer.py:83} INFO - Delivered to stream_store_topic [0]
[2026-05-06T11:49:56.757+0000] {producer.py:83} INFO - Delivered to stream_store_topic [0]
[2026-05-06T11:49:56.758+0000] {producer.py:83} INFO - Delivered to stream_store_topic [0]
[2026-05-06T11:49:56.759+0000] {producer.py:83} INFO - Delivered to stream_store_topic [0]
[2026-05-06T11:49:56.759+0000] {producer.py:83} INFO - Delivered to stream_store_topic [0]
[2026-05-06T11:49:56.774+0000] {crypto.py:82} WARNING - empty cryptography key - values will not be stored encrypted.
[2026-05-06T11:49:56.783+0000] {producer.py:145} INFO - Producer done. Rows sent: 8  |  Next offset: 328
[2026-05-06T11:49:56.788+0000] {python.py:240} INFO - Done. Returned value was: {'rows_sent': 8, 'next_offset': 328}
[2026-05-06T11:49:56.837+0000] {taskinstance.py:341} INFO - ::group::Post task execution logs
[2026-05-06T11:49:56.838+0000] {taskinstance.py:353} INFO - Marking task as SUCCESS. dag_id=kafka_to_s3, task_id=produce_data, run_id=manual__2026-05-06T11:49:48.282815+00:00, execution_date=20260506T114948, start_date=20260506T114952, end_date=20260506T114956
[2026-05-06T11:49:56.937+0000] {local_task_job_runner.py:266} INFO - Task exited with return code 0
[2026-05-06T11:49:57.014+0000] {taskinstance.py:3901} INFO - 1 downstream tasks scheduled from follow-on schedule check
[2026-05-06T11:49:57.019+0000] {local_task_job_runner.py:245} INFO - ::endgroup::
