[2026-05-07T22:34:18.463+0000] {local_task_job_runner.py:123} INFO - ::group::Pre task execution logs
[2026-05-07T22:34:18.491+0000] {taskinstance.py:2614} INFO - Dependencies all met for dep_context=non-requeueable deps ti=<TaskInstance: kafka_to_s3.dbt_fact manual__2026-05-07T22:31:36.358317+00:00 [queued]>
[2026-05-07T22:34:18.505+0000] {taskinstance.py:2614} INFO - Dependencies all met for dep_context=requeueable deps ti=<TaskInstance: kafka_to_s3.dbt_fact manual__2026-05-07T22:31:36.358317+00:00 [queued]>
[2026-05-07T22:34:18.507+0000] {taskinstance.py:2867} INFO - Starting attempt 1 of 1
[2026-05-07T22:34:18.527+0000] {taskinstance.py:2890} INFO - Executing <Task(BashOperator): dbt_fact> on 2026-05-07 22:31:36.358317+00:00
[2026-05-07T22:34:18.539+0000] {warnings.py:112} WARNING - /home/***/.local/lib/python3.12/site-packages/***/task/task_runner/standard_task_runner.py:70: DeprecationWarning: This process (pid=2909) is multi-threaded, use of fork() may lead to deadlocks in the child.
  pid = os.fork()

[2026-05-07T22:34:18.542+0000] {standard_task_runner.py:72} INFO - Started process 2910 to run task
[2026-05-07T22:34:18.542+0000] {standard_task_runner.py:104} INFO - Running: ['***', 'tasks', 'run', 'kafka_to_s3', 'dbt_fact', 'manual__2026-05-07T22:31:36.358317+00:00', '--job-id', '170', '--raw', '--subdir', 'DAGS_FOLDER/main.py', '--cfg-path', '/tmp/tmpp8111wn6']
[2026-05-07T22:34:18.544+0000] {standard_task_runner.py:105} INFO - Job 170: Subtask dbt_fact
[2026-05-07T22:34:18.639+0000] {task_command.py:467} INFO - Running <TaskInstance: kafka_to_s3.dbt_fact manual__2026-05-07T22:31:36.358317+00:00 [running]> on host d50ffedd74f8
[2026-05-07T22:34:18.756+0000] {taskinstance.py:3134} INFO - Exporting env vars: AIRFLOW_CTX_DAG_OWNER='kafka_streaming' AIRFLOW_CTX_DAG_ID='kafka_to_s3' AIRFLOW_CTX_TASK_ID='dbt_fact' AIRFLOW_CTX_EXECUTION_DATE='2026-05-07T22:31:36.358317+00:00' AIRFLOW_CTX_TRY_NUMBER='1' AIRFLOW_CTX_DAG_RUN_ID='manual__2026-05-07T22:31:36.358317+00:00'
[2026-05-07T22:34:18.761+0000] {taskinstance.py:732} INFO - ::endgroup::
[2026-05-07T22:34:18.780+0000] {subprocess.py:78} INFO - Tmp dir root location: /tmp
[2026-05-07T22:34:18.783+0000] {subprocess.py:88} INFO - Running command: ['/usr/bin/bash', '-c', '\n        dbt run --select gold --project-dir /opt/***/dbt --profiles-dir /opt/***/dbt\n        ']
[2026-05-07T22:34:18.797+0000] {subprocess.py:99} INFO - Output:
[2026-05-07T22:34:21.367+0000] {subprocess.py:106} INFO - [0m22:34:21  Running with dbt=1.8.9
[2026-05-07T22:34:21.541+0000] {subprocess.py:106} INFO - [0m22:34:21  [[33mWARNING[0m]: Deprecated functionality
[2026-05-07T22:34:21.542+0000] {subprocess.py:106} INFO - The `log-path` config in `dbt_project.yml` has been deprecated, and will no
[2026-05-07T22:34:21.543+0000] {subprocess.py:106} INFO - longer be supported in a future version of dbt-core. If you wish to write dbt
[2026-05-07T22:34:21.543+0000] {subprocess.py:106} INFO - logs to a custom directory, please use the --log-path CLI flag or DBT_LOG_PATH
[2026-05-07T22:34:21.544+0000] {subprocess.py:106} INFO - env var instead.
[2026-05-07T22:34:21.545+0000] {subprocess.py:106} INFO - [0m22:34:21  [[33mWARNING[0m]: Deprecated functionality
[2026-05-07T22:34:21.545+0000] {subprocess.py:106} INFO - The `target-path` config in `dbt_project.yml` has been deprecated, and will no
[2026-05-07T22:34:21.546+0000] {subprocess.py:106} INFO - longer be supported in a future version of dbt-core. If you wish to write dbt
[2026-05-07T22:34:21.547+0000] {subprocess.py:106} INFO - artifacts to a custom directory, please use the --target-path CLI flag or
[2026-05-07T22:34:21.547+0000] {subprocess.py:106} INFO - DBT_TARGET_PATH env var instead.
[2026-05-07T22:34:21.758+0000] {subprocess.py:106} INFO - [0m22:34:21  Registered adapter: redshift=1.8.1
[2026-05-07T22:34:22.443+0000] {subprocess.py:106} INFO - [0m22:34:22  Found 5 models, 499 macros
[2026-05-07T22:34:22.446+0000] {subprocess.py:106} INFO - [0m22:34:22
[2026-05-07T22:34:40.223+0000] {subprocess.py:106} INFO - [0m22:34:40  Concurrency: 4 threads (target='dev')
[2026-05-07T22:34:40.224+0000] {subprocess.py:106} INFO - [0m22:34:40
[2026-05-07T22:34:40.239+0000] {subprocess.py:106} INFO - [0m22:34:40  1 of 3 START sql table model stream_schema.dim_customer ........................ [RUN]
[2026-05-07T22:34:40.241+0000] {subprocess.py:106} INFO - [0m22:34:40  2 of 3 START sql table model stream_schema.dim_product ......................... [RUN]
[2026-05-07T22:34:40.245+0000] {subprocess.py:106} INFO - [0m22:34:40  3 of 3 START sql table model stream_schema.fct_order ........................... [RUN]
[2026-05-07T22:34:56.323+0000] {subprocess.py:106} INFO - [0m22:34:56  3 of 3 OK created sql table model stream_schema.fct_order ...................... [[32mSUCCESS[0m in 16.07s]
[2026-05-07T22:34:56.327+0000] {subprocess.py:106} INFO - [0m22:34:56  2 of 3 OK created sql table model stream_schema.dim_product .................... [[32mSUCCESS[0m in 16.08s]
[2026-05-07T22:34:56.329+0000] {subprocess.py:106} INFO - [0m22:34:56  1 of 3 OK created sql table model stream_schema.dim_customer ................... [[32mSUCCESS[0m in 16.08s]
[2026-05-07T22:35:01.270+0000] {subprocess.py:106} INFO - [0m22:35:01
[2026-05-07T22:35:01.275+0000] {subprocess.py:106} INFO - [0m22:35:01  Finished running 3 table models in 0 hours 0 minutes and 38.82 seconds (38.82s).
[2026-05-07T22:35:01.331+0000] {subprocess.py:106} INFO - [0m22:35:01
[2026-05-07T22:35:01.332+0000] {subprocess.py:106} INFO - [0m22:35:01  [32mCompleted successfully[0m
[2026-05-07T22:35:01.333+0000] {subprocess.py:106} INFO - [0m22:35:01
[2026-05-07T22:35:01.334+0000] {subprocess.py:106} INFO - [0m22:35:01  Done. PASS=3 WARN=0 ERROR=0 SKIP=0 TOTAL=3
[2026-05-07T22:35:04.495+0000] {subprocess.py:110} INFO - Command exited with return code 0
[2026-05-07T22:35:04.549+0000] {taskinstance.py:341} INFO - ::group::Post task execution logs
[2026-05-07T22:35:04.551+0000] {taskinstance.py:353} INFO - Marking task as SUCCESS. dag_id=kafka_to_s3, task_id=dbt_fact, run_id=manual__2026-05-07T22:31:36.358317+00:00, execution_date=20260507T223136, start_date=20260507T223418, end_date=20260507T223504
[2026-05-07T22:35:04.643+0000] {local_task_job_runner.py:266} INFO - Task exited with return code 0
[2026-05-07T22:35:04.662+0000] {taskinstance.py:3901} INFO - 0 downstream tasks scheduled from follow-on schedule check
[2026-05-07T22:35:04.665+0000] {local_task_job_runner.py:245} INFO - ::endgroup::
