[2026-05-07T22:33:32.253+0000] {local_task_job_runner.py:123} INFO - ::group::Pre task execution logs
[2026-05-07T22:33:32.287+0000] {taskinstance.py:2614} INFO - Dependencies all met for dep_context=non-requeueable deps ti=<TaskInstance: kafka_to_s3.dbt_dimensions manual__2026-05-07T22:31:36.358317+00:00 [queued]>
[2026-05-07T22:33:32.306+0000] {taskinstance.py:2614} INFO - Dependencies all met for dep_context=requeueable deps ti=<TaskInstance: kafka_to_s3.dbt_dimensions manual__2026-05-07T22:31:36.358317+00:00 [queued]>
[2026-05-07T22:33:32.307+0000] {taskinstance.py:2867} INFO - Starting attempt 1 of 1
[2026-05-07T22:33:32.334+0000] {taskinstance.py:2890} INFO - Executing <Task(BashOperator): dbt_dimensions> on 2026-05-07 22:31:36.358317+00:00
[2026-05-07T22:33:32.342+0000] {warnings.py:112} WARNING - /home/***/.local/lib/python3.12/site-packages/***/task/task_runner/standard_task_runner.py:70: DeprecationWarning: This process (pid=2886) is multi-threaded, use of fork() may lead to deadlocks in the child.
  pid = os.fork()

[2026-05-07T22:33:32.346+0000] {standard_task_runner.py:72} INFO - Started process 2887 to run task
[2026-05-07T22:33:32.346+0000] {standard_task_runner.py:104} INFO - Running: ['***', 'tasks', 'run', 'kafka_to_s3', 'dbt_dimensions', 'manual__2026-05-07T22:31:36.358317+00:00', '--job-id', '169', '--raw', '--subdir', 'DAGS_FOLDER/main.py', '--cfg-path', '/tmp/tmp_buq4b3a']
[2026-05-07T22:33:32.348+0000] {standard_task_runner.py:105} INFO - Job 169: Subtask dbt_dimensions
[2026-05-07T22:33:32.438+0000] {task_command.py:467} INFO - Running <TaskInstance: kafka_to_s3.dbt_dimensions manual__2026-05-07T22:31:36.358317+00:00 [running]> on host d50ffedd74f8
[2026-05-07T22:33:32.611+0000] {taskinstance.py:3134} INFO - Exporting env vars: AIRFLOW_CTX_DAG_OWNER='kafka_streaming' AIRFLOW_CTX_DAG_ID='kafka_to_s3' AIRFLOW_CTX_TASK_ID='dbt_dimensions' AIRFLOW_CTX_EXECUTION_DATE='2026-05-07T22:31:36.358317+00:00' AIRFLOW_CTX_TRY_NUMBER='1' AIRFLOW_CTX_DAG_RUN_ID='manual__2026-05-07T22:31:36.358317+00:00'
[2026-05-07T22:33:32.613+0000] {taskinstance.py:732} INFO - ::endgroup::
[2026-05-07T22:33:32.649+0000] {subprocess.py:78} INFO - Tmp dir root location: /tmp
[2026-05-07T22:33:32.651+0000] {subprocess.py:88} INFO - Running command: ['/usr/bin/bash', '-c', '\n        dbt run --select silver --project-dir /opt/***/dbt --profiles-dir /opt/***/dbt\n        ']
[2026-05-07T22:33:32.671+0000] {subprocess.py:99} INFO - Output:
[2026-05-07T22:33:35.757+0000] {subprocess.py:106} INFO - [0m22:33:35  Running with dbt=1.8.9
[2026-05-07T22:33:35.939+0000] {subprocess.py:106} INFO - [0m22:33:35  [[33mWARNING[0m]: Deprecated functionality
[2026-05-07T22:33:35.940+0000] {subprocess.py:106} INFO - The `log-path` config in `dbt_project.yml` has been deprecated, and will no
[2026-05-07T22:33:35.941+0000] {subprocess.py:106} INFO - longer be supported in a future version of dbt-core. If you wish to write dbt
[2026-05-07T22:33:35.941+0000] {subprocess.py:106} INFO - logs to a custom directory, please use the --log-path CLI flag or DBT_LOG_PATH
[2026-05-07T22:33:35.942+0000] {subprocess.py:106} INFO - env var instead.
[2026-05-07T22:33:35.943+0000] {subprocess.py:106} INFO - [0m22:33:35  [[33mWARNING[0m]: Deprecated functionality
[2026-05-07T22:33:35.944+0000] {subprocess.py:106} INFO - The `target-path` config in `dbt_project.yml` has been deprecated, and will no
[2026-05-07T22:33:35.945+0000] {subprocess.py:106} INFO - longer be supported in a future version of dbt-core. If you wish to write dbt
[2026-05-07T22:33:35.945+0000] {subprocess.py:106} INFO - artifacts to a custom directory, please use the --target-path CLI flag or
[2026-05-07T22:33:35.946+0000] {subprocess.py:106} INFO - DBT_TARGET_PATH env var instead.
[2026-05-07T22:33:36.170+0000] {subprocess.py:106} INFO - [0m22:33:36  Registered adapter: redshift=1.8.1
[2026-05-07T22:33:36.681+0000] {subprocess.py:106} INFO - [0m22:33:36  Found 5 models, 499 macros
[2026-05-07T22:33:36.684+0000] {subprocess.py:106} INFO - [0m22:33:36
[2026-05-07T22:33:55.056+0000] {subprocess.py:106} INFO - [0m22:33:55  Concurrency: 4 threads (target='dev')
[2026-05-07T22:33:55.063+0000] {subprocess.py:106} INFO - [0m22:33:55
[2026-05-07T22:33:55.116+0000] {subprocess.py:106} INFO - [0m22:33:55  1 of 1 START sql table model stream_schema.stream_store_stg .................... [RUN]
[2026-05-07T22:34:09.400+0000] {subprocess.py:106} INFO - [0m22:34:09  1 of 1 OK created sql table model stream_schema.stream_store_stg ............... [[32mSUCCESS[0m in 14.27s]
[2026-05-07T22:34:15.002+0000] {subprocess.py:106} INFO - [0m22:34:15
[2026-05-07T22:34:15.003+0000] {subprocess.py:106} INFO - [0m22:34:15  Finished running 1 table model in 0 hours 0 minutes and 38.32 seconds (38.32s).
[2026-05-07T22:34:15.045+0000] {subprocess.py:106} INFO - [0m22:34:15
[2026-05-07T22:34:15.046+0000] {subprocess.py:106} INFO - [0m22:34:15  [32mCompleted successfully[0m
[2026-05-07T22:34:15.047+0000] {subprocess.py:106} INFO - [0m22:34:15
[2026-05-07T22:34:15.047+0000] {subprocess.py:106} INFO - [0m22:34:15  Done. PASS=1 WARN=0 ERROR=0 SKIP=0 TOTAL=1
[2026-05-07T22:34:16.990+0000] {subprocess.py:110} INFO - Command exited with return code 0
[2026-05-07T22:34:17.034+0000] {taskinstance.py:341} INFO - ::group::Post task execution logs
[2026-05-07T22:34:17.035+0000] {taskinstance.py:353} INFO - Marking task as SUCCESS. dag_id=kafka_to_s3, task_id=dbt_dimensions, run_id=manual__2026-05-07T22:31:36.358317+00:00, execution_date=20260507T223136, start_date=20260507T223332, end_date=20260507T223417
[2026-05-07T22:34:17.114+0000] {local_task_job_runner.py:266} INFO - Task exited with return code 0
[2026-05-07T22:34:17.164+0000] {taskinstance.py:3901} INFO - 1 downstream tasks scheduled from follow-on schedule check
[2026-05-07T22:34:17.167+0000] {local_task_job_runner.py:245} INFO - ::endgroup::
