[2026-05-07T22:50:03.955+0000] {local_task_job_runner.py:123} INFO - ::group::Pre task execution logs
[2026-05-07T22:50:03.999+0000] {taskinstance.py:2614} INFO - Dependencies all met for dep_context=non-requeueable deps ti=<TaskInstance: kafka_to_s3.run_dbt_pipeline manual__2026-05-07T22:48:58.350619+00:00 [queued]>
[2026-05-07T22:50:04.013+0000] {taskinstance.py:2614} INFO - Dependencies all met for dep_context=requeueable deps ti=<TaskInstance: kafka_to_s3.run_dbt_pipeline manual__2026-05-07T22:48:58.350619+00:00 [queued]>
[2026-05-07T22:50:04.014+0000] {taskinstance.py:2867} INFO - Starting attempt 1 of 1
[2026-05-07T22:50:04.033+0000] {taskinstance.py:2890} INFO - Executing <Task(PythonOperator): run_dbt_pipeline> on 2026-05-07 22:48:58.350619+00:00
[2026-05-07T22:50:04.044+0000] {warnings.py:112} WARNING - /home/***/.local/lib/python3.12/site-packages/***/task/task_runner/standard_task_runner.py:70: DeprecationWarning: This process (pid=3129) is multi-threaded, use of fork() may lead to deadlocks in the child.
  pid = os.fork()

[2026-05-07T22:50:04.047+0000] {standard_task_runner.py:72} INFO - Started process 3130 to run task
[2026-05-07T22:50:04.047+0000] {standard_task_runner.py:104} INFO - Running: ['***', 'tasks', 'run', 'kafka_to_s3', 'run_dbt_pipeline', 'manual__2026-05-07T22:48:58.350619+00:00', '--job-id', '174', '--raw', '--subdir', 'DAGS_FOLDER/main.py', '--cfg-path', '/tmp/tmpbk6ivoi2']
[2026-05-07T22:50:04.049+0000] {standard_task_runner.py:105} INFO - Job 174: Subtask run_dbt_pipeline
[2026-05-07T22:50:04.279+0000] {task_command.py:467} INFO - Running <TaskInstance: kafka_to_s3.run_dbt_pipeline manual__2026-05-07T22:48:58.350619+00:00 [running]> on host d50ffedd74f8
[2026-05-07T22:50:04.403+0000] {taskinstance.py:3134} INFO - Exporting env vars: AIRFLOW_CTX_DAG_OWNER='kafka_streaming' AIRFLOW_CTX_DAG_ID='kafka_to_s3' AIRFLOW_CTX_TASK_ID='run_dbt_pipeline' AIRFLOW_CTX_EXECUTION_DATE='2026-05-07T22:48:58.350619+00:00' AIRFLOW_CTX_TRY_NUMBER='1' AIRFLOW_CTX_DAG_RUN_ID='manual__2026-05-07T22:48:58.350619+00:00'
[2026-05-07T22:50:04.404+0000] {taskinstance.py:732} INFO - ::endgroup::
[2026-05-07T22:50:49.628+0000] {dbt_layers.py:27} INFO - [0m22:50:08  Running with dbt=1.8.9
[0m22:50:08  [[33mWARNING[0m]: Deprecated functionality
The `log-path` config in `dbt_project.yml` has been deprecated, and will no
longer be supported in a future version of dbt-core. If you wish to write dbt
logs to a custom directory, please use the --log-path CLI flag or DBT_LOG_PATH
env var instead.
[0m22:50:08  [[33mWARNING[0m]: Deprecated functionality
The `target-path` config in `dbt_project.yml` has been deprecated, and will no
longer be supported in a future version of dbt-core. If you wish to write dbt
artifacts to a custom directory, please use the --target-path CLI flag or
DBT_TARGET_PATH env var instead.
[0m22:50:09  Registered adapter: redshift=1.8.1
[0m22:50:09  Found 5 models, 499 macros
[0m22:50:09  
[0m22:50:27  Concurrency: 4 threads (target='dev')
[0m22:50:27  
[0m22:50:27  1 of 1 START sql view model stream_schema.stream_store_raw ..................... [RUN]
[0m22:50:39  1 of 1 OK created sql view model stream_schema.stream_store_raw ................ [[32mSUCCESS[0m in 12.35s]
[0m22:50:44  
[0m22:50:44  Finished running 1 view model in 0 hours 0 minutes and 34.74 seconds (34.74s).
[0m22:50:44  
[0m22:50:44  [32mCompleted successfully[0m
[0m22:50:44  
[0m22:50:44  Done. PASS=1 WARN=0 ERROR=0 SKIP=0 TOTAL=1

[2026-05-07T22:50:49.629+0000] {dbt_layers.py:28} ERROR - 
[2026-05-07T22:51:29.511+0000] {dbt_layers.py:27} INFO - [0m22:50:53  Running with dbt=1.8.9
[0m22:50:53  [[33mWARNING[0m]: Deprecated functionality
The `log-path` config in `dbt_project.yml` has been deprecated, and will no
longer be supported in a future version of dbt-core. If you wish to write dbt
logs to a custom directory, please use the --log-path CLI flag or DBT_LOG_PATH
env var instead.
[0m22:50:53  [[33mWARNING[0m]: Deprecated functionality
The `target-path` config in `dbt_project.yml` has been deprecated, and will no
longer be supported in a future version of dbt-core. If you wish to write dbt
artifacts to a custom directory, please use the --target-path CLI flag or
DBT_TARGET_PATH env var instead.
[0m22:50:53  Registered adapter: redshift=1.8.1
[0m22:50:54  Found 5 models, 499 macros
[0m22:50:54  
[0m22:51:10  Concurrency: 4 threads (target='dev')
[0m22:51:10  
[0m22:51:10  1 of 1 START sql table model stream_schema.stream_store_stg .................... [RUN]
[0m22:51:23  1 of 1 OK created sql table model stream_schema.stream_store_stg ............... [[32mSUCCESS[0m in 12.57s]
[0m22:51:27  
[0m22:51:27  Finished running 1 table model in 0 hours 0 minutes and 33.60 seconds (33.60s).
[0m22:51:27  
[0m22:51:27  [32mCompleted successfully[0m
[0m22:51:27  
[0m22:51:27  Done. PASS=1 WARN=0 ERROR=0 SKIP=0 TOTAL=1

[2026-05-07T22:51:29.512+0000] {dbt_layers.py:28} ERROR - 
[2026-05-07T22:52:12.975+0000] {dbt_layers.py:27} INFO - [0m22:51:31  Running with dbt=1.8.9
[0m22:51:32  [[33mWARNING[0m]: Deprecated functionality
The `log-path` config in `dbt_project.yml` has been deprecated, and will no
longer be supported in a future version of dbt-core. If you wish to write dbt
logs to a custom directory, please use the --log-path CLI flag or DBT_LOG_PATH
env var instead.
[0m22:51:32  [[33mWARNING[0m]: Deprecated functionality
The `target-path` config in `dbt_project.yml` has been deprecated, and will no
longer be supported in a future version of dbt-core. If you wish to write dbt
artifacts to a custom directory, please use the --target-path CLI flag or
DBT_TARGET_PATH env var instead.
[0m22:51:32  Registered adapter: redshift=1.8.1
[0m22:51:33  Found 5 models, 499 macros
[0m22:51:33  
[0m22:51:50  Concurrency: 4 threads (target='dev')
[0m22:51:50  
[0m22:51:50  1 of 3 START sql table model stream_schema.dim_customer ........................ [RUN]
[0m22:51:50  2 of 3 START sql table model stream_schema.dim_product ......................... [RUN]
[0m22:51:50  3 of 3 START sql table model stream_schema.fct_order ........................... [RUN]
[0m22:52:05  1 of 3 OK created sql table model stream_schema.dim_customer ................... [[32mSUCCESS[0m in 15.13s]
[0m22:52:05  2 of 3 OK created sql table model stream_schema.dim_product .................... [[32mSUCCESS[0m in 15.14s]
[0m22:52:05  3 of 3 OK created sql table model stream_schema.fct_order ...................... [[32mSUCCESS[0m in 15.13s]
[0m22:52:10  
[0m22:52:10  Finished running 3 table models in 0 hours 0 minutes and 37.52 seconds (37.52s).
[0m22:52:10  
[0m22:52:10  [32mCompleted successfully[0m
[0m22:52:10  
[0m22:52:10  Done. PASS=3 WARN=0 ERROR=0 SKIP=0 TOTAL=3

[2026-05-07T22:52:12.976+0000] {dbt_layers.py:28} ERROR - 
[2026-05-07T22:52:12.977+0000] {python.py:240} INFO - Done. Returned value was: None
[2026-05-07T22:52:12.993+0000] {taskinstance.py:341} INFO - ::group::Post task execution logs
[2026-05-07T22:52:12.994+0000] {taskinstance.py:353} INFO - Marking task as SUCCESS. dag_id=kafka_to_s3, task_id=run_dbt_pipeline, run_id=manual__2026-05-07T22:48:58.350619+00:00, execution_date=20260507T224858, start_date=20260507T225004, end_date=20260507T225212
[2026-05-07T22:52:13.049+0000] {local_task_job_runner.py:266} INFO - Task exited with return code 0
[2026-05-07T22:52:13.072+0000] {taskinstance.py:3901} INFO - 0 downstream tasks scheduled from follow-on schedule check
[2026-05-07T22:52:13.075+0000] {local_task_job_runner.py:245} INFO - ::endgroup::
