[2026-05-06T11:29:26.910+0000] {local_task_job_runner.py:123} INFO - ::group::Pre task execution logs
[2026-05-06T11:29:26.944+0000] {taskinstance.py:2614} INFO - Dependencies all met for dep_context=non-requeueable deps ti=<TaskInstance: kafka_to_s3.produce_data manual__2026-05-06T11:29:23.528027+00:00 [queued]>
[2026-05-06T11:29:26.965+0000] {taskinstance.py:2614} INFO - Dependencies all met for dep_context=requeueable deps ti=<TaskInstance: kafka_to_s3.produce_data manual__2026-05-06T11:29:23.528027+00:00 [queued]>
[2026-05-06T11:29:26.967+0000] {taskinstance.py:2867} INFO - Starting attempt 1 of 1
[2026-05-06T11:29:26.993+0000] {taskinstance.py:2890} INFO - Executing <Task(PythonOperator): produce_data> on 2026-05-06 11:29:23.528027+00:00
[2026-05-06T11:29:27.008+0000] {warnings.py:112} WARNING - /home/***/.local/lib/python3.12/site-packages/***/task/task_runner/standard_task_runner.py:70: DeprecationWarning: This process (pid=428) is multi-threaded, use of fork() may lead to deadlocks in the child.
  pid = os.fork()

[2026-05-06T11:29:27.013+0000] {standard_task_runner.py:72} INFO - Started process 429 to run task
[2026-05-06T11:29:27.012+0000] {standard_task_runner.py:104} INFO - Running: ['***', 'tasks', 'run', 'kafka_to_s3', 'produce_data', 'manual__2026-05-06T11:29:23.528027+00:00', '--job-id', '123', '--raw', '--subdir', 'DAGS_FOLDER/main.py', '--cfg-path', '/tmp/tmpylok68tb']
[2026-05-06T11:29:27.018+0000] {standard_task_runner.py:105} INFO - Job 123: Subtask produce_data
[2026-05-06T11:29:27.116+0000] {task_command.py:467} INFO - Running <TaskInstance: kafka_to_s3.produce_data manual__2026-05-06T11:29:23.528027+00:00 [running]> on host 47a7c2fa7922
[2026-05-06T11:29:27.239+0000] {taskinstance.py:3134} INFO - Exporting env vars: AIRFLOW_CTX_DAG_OWNER='kafka_streaming' AIRFLOW_CTX_DAG_ID='kafka_to_s3' AIRFLOW_CTX_TASK_ID='produce_data' AIRFLOW_CTX_EXECUTION_DATE='2026-05-06T11:29:23.528027+00:00' AIRFLOW_CTX_TRY_NUMBER='1' AIRFLOW_CTX_DAG_RUN_ID='manual__2026-05-06T11:29:23.528027+00:00'
[2026-05-06T11:29:27.243+0000] {taskinstance.py:732} INFO - ::endgroup::
[2026-05-06T11:29:27.312+0000] {producer.py:98} INFO - Producer starting at offset 312 — will send 8 rows
[2026-05-06T11:29:27.538+0000] {producer.py:83} INFO - Delivered to stream_store_topic [0]
[2026-05-06T11:29:27.539+0000] {producer.py:83} INFO - Delivered to stream_store_topic [0]
[2026-05-06T11:29:27.541+0000] {producer.py:83} INFO - Delivered to stream_store_topic [0]
[2026-05-06T11:29:27.542+0000] {producer.py:83} INFO - Delivered to stream_store_topic [0]
[2026-05-06T11:29:27.543+0000] {producer.py:83} INFO - Delivered to stream_store_topic [0]
[2026-05-06T11:29:27.544+0000] {producer.py:83} INFO - Delivered to stream_store_topic [0]
[2026-05-06T11:29:27.545+0000] {producer.py:83} INFO - Delivered to stream_store_topic [0]
[2026-05-06T11:29:27.547+0000] {producer.py:83} INFO - Delivered to stream_store_topic [0]
[2026-05-06T11:29:27.566+0000] {crypto.py:82} WARNING - empty cryptography key - values will not be stored encrypted.
[2026-05-06T11:29:27.578+0000] {producer.py:145} INFO - Producer done. Rows sent: 8  |  Next offset: 320
[2026-05-06T11:29:27.584+0000] {python.py:240} INFO - Done. Returned value was: {'rows_sent': 8, 'next_offset': 320}
[2026-05-06T11:29:27.630+0000] {taskinstance.py:341} INFO - ::group::Post task execution logs
[2026-05-06T11:29:27.631+0000] {taskinstance.py:353} INFO - Marking task as SUCCESS. dag_id=kafka_to_s3, task_id=produce_data, run_id=manual__2026-05-06T11:29:23.528027+00:00, execution_date=20260506T112923, start_date=20260506T112926, end_date=20260506T112927
[2026-05-06T11:29:27.717+0000] {local_task_job_runner.py:266} INFO - Task exited with return code 0
[2026-05-06T11:29:27.772+0000] {taskinstance.py:3901} INFO - 1 downstream tasks scheduled from follow-on schedule check
[2026-05-06T11:29:27.777+0000] {local_task_job_runner.py:245} INFO - ::endgroup::
