[2026-05-04T08:00:51.321+0000] {local_task_job_runner.py:123} INFO - ::group::Pre task execution logs
[2026-05-04T08:00:51.353+0000] {taskinstance.py:2614} INFO - Dependencies all met for dep_context=non-requeueable deps ti=<TaskInstance: kafka_to_s3.load_data_to_redshift manual__2026-05-04T08:00:08.497917+00:00 [queued]>
[2026-05-04T08:00:51.365+0000] {taskinstance.py:2614} INFO - Dependencies all met for dep_context=requeueable deps ti=<TaskInstance: kafka_to_s3.load_data_to_redshift manual__2026-05-04T08:00:08.497917+00:00 [queued]>
[2026-05-04T08:00:51.366+0000] {taskinstance.py:2867} INFO - Starting attempt 1 of 1
[2026-05-04T08:00:51.394+0000] {taskinstance.py:2890} INFO - Executing <Task(PythonOperator): load_data_to_redshift> on 2026-05-04 08:00:08.497917+00:00
[2026-05-04T08:00:51.404+0000] {warnings.py:112} WARNING - /home/***/.local/lib/python3.12/site-packages/***/task/task_runner/standard_task_runner.py:70: DeprecationWarning: This process (pid=2140) is multi-threaded, use of fork() may lead to deadlocks in the child.
  pid = os.fork()

[2026-05-04T08:00:51.408+0000] {standard_task_runner.py:72} INFO - Started process 2141 to run task
[2026-05-04T08:00:51.408+0000] {standard_task_runner.py:104} INFO - Running: ['***', 'tasks', 'run', 'kafka_to_s3', 'load_data_to_redshift', 'manual__2026-05-04T08:00:08.497917+00:00', '--job-id', '100', '--raw', '--subdir', 'DAGS_FOLDER/main.py', '--cfg-path', '/tmp/tmp9wijixkr']
[2026-05-04T08:00:51.410+0000] {standard_task_runner.py:105} INFO - Job 100: Subtask load_data_to_redshift
[2026-05-04T08:00:51.517+0000] {task_command.py:467} INFO - Running <TaskInstance: kafka_to_s3.load_data_to_redshift manual__2026-05-04T08:00:08.497917+00:00 [running]> on host 3e44dd26e004
[2026-05-04T08:00:51.683+0000] {taskinstance.py:3134} INFO - Exporting env vars: AIRFLOW_CTX_DAG_OWNER='kafka_streaming' AIRFLOW_CTX_DAG_ID='kafka_to_s3' AIRFLOW_CTX_TASK_ID='load_data_to_redshift' AIRFLOW_CTX_EXECUTION_DATE='2026-05-04T08:00:08.497917+00:00' AIRFLOW_CTX_TRY_NUMBER='1' AIRFLOW_CTX_DAG_RUN_ID='manual__2026-05-04T08:00:08.497917+00:00'
[2026-05-04T08:00:51.685+0000] {taskinstance.py:732} INFO - ::endgroup::
[2026-05-04T08:00:51.709+0000] {redshift_loader.py:25} INFO - Step 1: Connecting to Redshift...
[2026-05-04T08:00:51.725+0000] {base.py:84} INFO - Retrieving connection 'redshift_conn'
[2026-05-04T08:04:29.597+0000] {local_task_job_runner.py:346} WARNING - State of this instance has been externally set to failed. Terminating instance.
[2026-05-04T08:04:29.598+0000] {local_task_job_runner.py:245} INFO - ::endgroup::
[2026-05-04T08:04:29.611+0000] {process_utils.py:132} INFO - Sending 15 to group 2141. PIDs of all processes in the group: [2141]
[2026-05-04T08:04:29.614+0000] {process_utils.py:87} INFO - Sending the signal 15 to group 2141
[2026-05-04T08:05:29.607+0000] {process_utils.py:150} WARNING - process psutil.Process(pid=2141, name='airflow task ru', status='sleeping', started='08:00:51') did not respond to SIGTERM. Trying SIGKILL
[2026-05-04T08:05:29.620+0000] {process_utils.py:87} INFO - Sending the signal 9 to group 2141
[2026-05-04T08:05:29.634+0000] {process_utils.py:80} INFO - Process psutil.Process(pid=2141, name='airflow task ru', status='terminated', exitcode=<Negsignal.SIGKILL: -9>, started='08:00:51') (2141) terminated with exit code -9
[2026-05-04T08:05:29.639+0000] {standard_task_runner.py:190} ERROR - ('Job 100 was killed before it finished (likely due to running out of memory)', 'For more information, see https://***.apache.org/docs/apache-***/stable/troubleshooting.html#LocalTaskJob-killed')
