[2026-04-30T10:28:08.987+0000] {local_task_job_runner.py:123} INFO - ::group::Pre task execution logs
[2026-04-30T10:28:09.033+0000] {taskinstance.py:2614} INFO - Dependencies all met for dep_context=non-requeueable deps ti=<TaskInstance: orders_kafka_to_s3.consume_orders manual__2026-04-30T10:28:02.301349+00:00 [queued]>
[2026-04-30T10:28:09.055+0000] {taskinstance.py:2614} INFO - Dependencies all met for dep_context=requeueable deps ti=<TaskInstance: orders_kafka_to_s3.consume_orders manual__2026-04-30T10:28:02.301349+00:00 [queued]>
[2026-04-30T10:28:09.057+0000] {taskinstance.py:2867} INFO - Starting attempt 1 of 1
[2026-04-30T10:28:09.094+0000] {taskinstance.py:2890} INFO - Executing <Task(PythonOperator): consume_orders> on 2026-04-30 10:28:02.301349+00:00
[2026-04-30T10:28:09.111+0000] {warnings.py:112} WARNING - /home/***/.local/lib/python3.12/site-packages/***/task/task_runner/standard_task_runner.py:70: DeprecationWarning: This process (pid=84) is multi-threaded, use of fork() may lead to deadlocks in the child.
  pid = os.fork()

[2026-04-30T10:28:09.116+0000] {standard_task_runner.py:72} INFO - Started process 85 to run task
[2026-04-30T10:28:09.121+0000] {standard_task_runner.py:104} INFO - Running: ['***', 'tasks', 'run', 'orders_kafka_to_s3', 'consume_orders', 'manual__2026-04-30T10:28:02.301349+00:00', '--job-id', '21', '--raw', '--subdir', 'DAGS_FOLDER/main.py', '--cfg-path', '/tmp/tmp4_ym2wvm']
[2026-04-30T10:28:09.125+0000] {standard_task_runner.py:105} INFO - Job 21: Subtask consume_orders
[2026-04-30T10:28:09.248+0000] {task_command.py:467} INFO - Running <TaskInstance: orders_kafka_to_s3.consume_orders manual__2026-04-30T10:28:02.301349+00:00 [running]> on host 3252caf7eae6
[2026-04-30T10:28:09.437+0000] {taskinstance.py:3134} INFO - Exporting env vars: AIRFLOW_CTX_DAG_OWNER='kafka_streaming' AIRFLOW_CTX_DAG_ID='orders_kafka_to_s3' AIRFLOW_CTX_TASK_ID='consume_orders' AIRFLOW_CTX_EXECUTION_DATE='2026-04-30T10:28:02.301349+00:00' AIRFLOW_CTX_TRY_NUMBER='1' AIRFLOW_CTX_DAG_RUN_ID='manual__2026-04-30T10:28:02.301349+00:00'
[2026-04-30T10:28:09.440+0000] {taskinstance.py:732} INFO - ::endgroup::
[2026-04-30T10:28:09.534+0000] {base.py:84} INFO - Retrieving connection 'aws_default'
[2026-04-30T10:28:11.206+0000] {consumer.py:177} INFO - Consumer started. batch_size=8  batch_timeout=30s  idle_exit=30s
[2026-04-30T10:28:19.758+0000] {consumer.py:213} INFO - Flushing batch #0000 (8 rows) — size
[2026-04-30T10:28:22.540+0000] {consumer.py:141} INFO - ✔ Batch #0000 → s3://streamstore-081653452945-ap-south-1-an/streamstore/year=2026/month=04/day=30/batch_20260430_102819_0000.csv  (8 rows, 0.4 KB)
[2026-04-30T10:28:48.633+0000] {consumer.py:204} INFO - Idle for 30s — exiting.
[2026-04-30T10:28:48.654+0000] {consumer.py:248} INFO - Consumer done. rows=8  files=1
[2026-04-30T10:28:48.658+0000] {python.py:240} INFO - Done. Returned value was: {'total_rows': 8, 'total_files': 1}
[2026-04-30T10:28:48.701+0000] {taskinstance.py:341} INFO - ::group::Post task execution logs
[2026-04-30T10:28:48.702+0000] {taskinstance.py:353} INFO - Marking task as SUCCESS. dag_id=orders_kafka_to_s3, task_id=consume_orders, run_id=manual__2026-04-30T10:28:02.301349+00:00, execution_date=20260430T102802, start_date=20260430T102809, end_date=20260430T102848
[2026-04-30T10:28:48.818+0000] {local_task_job_runner.py:266} INFO - Task exited with return code 0
[2026-04-30T10:28:48.851+0000] {taskinstance.py:3901} INFO - 0 downstream tasks scheduled from follow-on schedule check
[2026-04-30T10:28:48.856+0000] {local_task_job_runner.py:245} INFO - ::endgroup::
