[2026-05-07T22:32:22.637+0000] {local_task_job_runner.py:123} INFO - ::group::Pre task execution logs
[2026-05-07T22:32:22.692+0000] {taskinstance.py:2614} INFO - Dependencies all met for dep_context=non-requeueable deps ti=<TaskInstance: kafka_to_s3.load_data_to_redshift manual__2026-05-07T22:31:36.358317+00:00 [queued]>
[2026-05-07T22:32:22.724+0000] {taskinstance.py:2614} INFO - Dependencies all met for dep_context=requeueable deps ti=<TaskInstance: kafka_to_s3.load_data_to_redshift manual__2026-05-07T22:31:36.358317+00:00 [queued]>
[2026-05-07T22:32:22.725+0000] {taskinstance.py:2867} INFO - Starting attempt 1 of 1
[2026-05-07T22:32:22.761+0000] {taskinstance.py:2890} INFO - Executing <Task(PythonOperator): load_data_to_redshift> on 2026-05-07 22:31:36.358317+00:00
[2026-05-07T22:32:22.781+0000] {warnings.py:112} WARNING - /home/***/.local/lib/python3.12/site-packages/***/task/task_runner/standard_task_runner.py:70: DeprecationWarning: This process (pid=2849) is multi-threaded, use of fork() may lead to deadlocks in the child.
  pid = os.fork()

[2026-05-07T22:32:22.786+0000] {standard_task_runner.py:72} INFO - Started process 2850 to run task
[2026-05-07T22:32:22.790+0000] {standard_task_runner.py:104} INFO - Running: ['***', 'tasks', 'run', 'kafka_to_s3', 'load_data_to_redshift', 'manual__2026-05-07T22:31:36.358317+00:00', '--job-id', '167', '--raw', '--subdir', 'DAGS_FOLDER/main.py', '--cfg-path', '/tmp/tmpoos_20fy']
[2026-05-07T22:32:22.795+0000] {standard_task_runner.py:105} INFO - Job 167: Subtask load_data_to_redshift
[2026-05-07T22:32:22.936+0000] {task_command.py:467} INFO - Running <TaskInstance: kafka_to_s3.load_data_to_redshift manual__2026-05-07T22:31:36.358317+00:00 [running]> on host d50ffedd74f8
[2026-05-07T22:32:23.118+0000] {taskinstance.py:3134} INFO - Exporting env vars: AIRFLOW_CTX_DAG_OWNER='kafka_streaming' AIRFLOW_CTX_DAG_ID='kafka_to_s3' AIRFLOW_CTX_TASK_ID='load_data_to_redshift' AIRFLOW_CTX_EXECUTION_DATE='2026-05-07T22:31:36.358317+00:00' AIRFLOW_CTX_TRY_NUMBER='1' AIRFLOW_CTX_DAG_RUN_ID='manual__2026-05-07T22:31:36.358317+00:00'
[2026-05-07T22:32:23.120+0000] {taskinstance.py:732} INFO - ::endgroup::
[2026-05-07T22:32:23.155+0000] {redshift_loader.py:25} INFO - Step 1: Connecting to Redshift...
[2026-05-07T22:32:23.179+0000] {base.py:84} INFO - Retrieving connection 'redshift_conn'
[2026-05-07T22:32:27.555+0000] {redshift_loader.py:46} INFO - Connected to Redshift successfully
[2026-05-07T22:32:27.558+0000] {redshift_loader.py:68} INFO - Step 2: Creating table if not exists...
[2026-05-07T22:32:40.028+0000] {logging_mixin.py:190} INFO - ✔ Table ensured
[2026-05-07T22:32:40.031+0000] {redshift_loader.py:75} INFO - Table ensured successfully
[2026-05-07T22:32:40.105+0000] {redshift_loader.py:93} INFO - Step 3: Copying data from S3 to Redshift...
[2026-05-07T22:32:41.811+0000] {logging_mixin.py:190} INFO - ✔ COPY completed successfully from S3 to Redshift
[2026-05-07T22:32:41.812+0000] {redshift_loader.py:100} INFO - COPY completed successfully
[2026-05-07T22:32:41.814+0000] {redshift_loader.py:113} INFO - Redshift connection closed
[2026-05-07T22:32:41.816+0000] {python.py:240} INFO - Done. Returned value was: None
[2026-05-07T22:32:41.848+0000] {taskinstance.py:341} INFO - ::group::Post task execution logs
[2026-05-07T22:32:41.850+0000] {taskinstance.py:353} INFO - Marking task as SUCCESS. dag_id=kafka_to_s3, task_id=load_data_to_redshift, run_id=manual__2026-05-07T22:31:36.358317+00:00, execution_date=20260507T223136, start_date=20260507T223222, end_date=20260507T223241
[2026-05-07T22:32:41.967+0000] {local_task_job_runner.py:266} INFO - Task exited with return code 0
[2026-05-07T22:32:42.028+0000] {taskinstance.py:3901} INFO - 1 downstream tasks scheduled from follow-on schedule check
[2026-05-07T22:32:42.032+0000] {local_task_job_runner.py:245} INFO - ::endgroup::
