[2026-05-07T22:49:44.972+0000] {local_task_job_runner.py:123} INFO - ::group::Pre task execution logs
[2026-05-07T22:49:45.006+0000] {taskinstance.py:2614} INFO - Dependencies all met for dep_context=non-requeueable deps ti=<TaskInstance: kafka_to_s3.load_data_to_redshift manual__2026-05-07T22:48:58.350619+00:00 [queued]>
[2026-05-07T22:49:45.022+0000] {taskinstance.py:2614} INFO - Dependencies all met for dep_context=requeueable deps ti=<TaskInstance: kafka_to_s3.load_data_to_redshift manual__2026-05-07T22:48:58.350619+00:00 [queued]>
[2026-05-07T22:49:45.024+0000] {taskinstance.py:2867} INFO - Starting attempt 1 of 1
[2026-05-07T22:49:45.046+0000] {taskinstance.py:2890} INFO - Executing <Task(PythonOperator): load_data_to_redshift> on 2026-05-07 22:48:58.350619+00:00
[2026-05-07T22:49:45.054+0000] {warnings.py:112} WARNING - /home/***/.local/lib/python3.12/site-packages/***/task/task_runner/standard_task_runner.py:70: DeprecationWarning: This process (pid=3119) is multi-threaded, use of fork() may lead to deadlocks in the child.
  pid = os.fork()

[2026-05-07T22:49:45.057+0000] {standard_task_runner.py:72} INFO - Started process 3120 to run task
[2026-05-07T22:49:45.058+0000] {standard_task_runner.py:104} INFO - Running: ['***', 'tasks', 'run', 'kafka_to_s3', 'load_data_to_redshift', 'manual__2026-05-07T22:48:58.350619+00:00', '--job-id', '173', '--raw', '--subdir', 'DAGS_FOLDER/main.py', '--cfg-path', '/tmp/tmpih5fg08f']
[2026-05-07T22:49:45.061+0000] {standard_task_runner.py:105} INFO - Job 173: Subtask load_data_to_redshift
[2026-05-07T22:49:45.203+0000] {task_command.py:467} INFO - Running <TaskInstance: kafka_to_s3.load_data_to_redshift manual__2026-05-07T22:48:58.350619+00:00 [running]> on host d50ffedd74f8
[2026-05-07T22:49:45.351+0000] {taskinstance.py:3134} INFO - Exporting env vars: AIRFLOW_CTX_DAG_OWNER='kafka_streaming' AIRFLOW_CTX_DAG_ID='kafka_to_s3' AIRFLOW_CTX_TASK_ID='load_data_to_redshift' AIRFLOW_CTX_EXECUTION_DATE='2026-05-07T22:48:58.350619+00:00' AIRFLOW_CTX_TRY_NUMBER='1' AIRFLOW_CTX_DAG_RUN_ID='manual__2026-05-07T22:48:58.350619+00:00'
[2026-05-07T22:49:45.353+0000] {taskinstance.py:732} INFO - ::endgroup::
[2026-05-07T22:49:45.377+0000] {redshift_loader.py:25} INFO - Step 1: Connecting to Redshift...
[2026-05-07T22:49:45.395+0000] {base.py:84} INFO - Retrieving connection 'redshift_conn'
[2026-05-07T22:49:48.391+0000] {redshift_loader.py:46} INFO - Connected to Redshift successfully
[2026-05-07T22:49:48.392+0000] {redshift_loader.py:68} INFO - Step 2: Creating table if not exists...
[2026-05-07T22:50:00.727+0000] {logging_mixin.py:190} INFO - ✔ Table ensured
[2026-05-07T22:50:00.728+0000] {redshift_loader.py:75} INFO - Table ensured successfully
[2026-05-07T22:50:00.748+0000] {redshift_loader.py:93} INFO - Step 3: Copying data from S3 to Redshift...
[2026-05-07T22:50:02.642+0000] {logging_mixin.py:190} INFO - ✔ COPY completed successfully from S3 to Redshift
[2026-05-07T22:50:02.643+0000] {redshift_loader.py:100} INFO - COPY completed successfully
[2026-05-07T22:50:02.645+0000] {redshift_loader.py:113} INFO - Redshift connection closed
[2026-05-07T22:50:02.646+0000] {python.py:240} INFO - Done. Returned value was: None
[2026-05-07T22:50:02.667+0000] {taskinstance.py:341} INFO - ::group::Post task execution logs
[2026-05-07T22:50:02.669+0000] {taskinstance.py:353} INFO - Marking task as SUCCESS. dag_id=kafka_to_s3, task_id=load_data_to_redshift, run_id=manual__2026-05-07T22:48:58.350619+00:00, execution_date=20260507T224858, start_date=20260507T224945, end_date=20260507T225002
[2026-05-07T22:50:02.780+0000] {local_task_job_runner.py:266} INFO - Task exited with return code 0
[2026-05-07T22:50:02.860+0000] {taskinstance.py:3901} INFO - 1 downstream tasks scheduled from follow-on schedule check
[2026-05-07T22:50:02.864+0000] {local_task_job_runner.py:245} INFO - ::endgroup::
