[2026-05-04T06:55:53.951+0000] {local_task_job_runner.py:123} INFO - ::group::Pre task execution logs
[2026-05-04T06:55:53.951+0000] {local_task_job_runner.py:123} INFO - ::group::Pre task execution logs
[2026-05-04T06:55:54.264+0000] {taskinstance.py:2614} INFO - Dependencies all met for dep_context=non-requeueable deps ti=<TaskInstance: orders_kafka_to_s3.produce_orders scheduled__2026-05-03T00:00:00+00:00 [queued]>
[2026-05-04T06:55:54.346+0000] {taskinstance.py:2614} INFO - Dependencies all met for dep_context=requeueable deps ti=<TaskInstance: orders_kafka_to_s3.produce_orders scheduled__2026-05-03T00:00:00+00:00 [queued]>
[2026-05-04T06:55:54.347+0000] {taskinstance.py:2867} INFO - Starting attempt 1 of 1
[2026-05-04T06:55:54.514+0000] {taskinstance.py:2890} INFO - Executing <Task(PythonOperator): produce_orders> on 2026-05-03 00:00:00+00:00
[2026-05-04T06:55:54.588+0000] {taskinstance.py:2604} INFO - Dependencies not met for <TaskInstance: orders_kafka_to_s3.produce_orders scheduled__2026-05-03T00:00:00+00:00 [running]>, dependency 'Task Instance State' FAILED: Task is in the 'running' state.
[2026-05-04T06:55:54.653+0000] {taskinstance.py:2604} INFO - Dependencies not met for <TaskInstance: orders_kafka_to_s3.produce_orders scheduled__2026-05-03T00:00:00+00:00 [running]>, dependency 'Task Instance Not Running' FAILED: Task is in the running state
[2026-05-04T06:55:54.578+0000] {warnings.py:112} WARNING - /home/***/.local/lib/python3.12/site-packages/***/task/task_runner/standard_task_runner.py:70: DeprecationWarning: This process (pid=1239) is multi-threaded, use of fork() may lead to deadlocks in the child.
  pid = os.fork()

[2026-05-04T06:55:54.664+0000] {standard_task_runner.py:72} INFO - Started process 1248 to run task
[2026-05-04T06:55:54.669+0000] {local_task_job_runner.py:166} INFO - Task is not able to be run
[2026-05-04T06:55:54.679+0000] {standard_task_runner.py:104} INFO - Running: ['***', 'tasks', 'run', 'orders_kafka_to_s3', 'produce_orders', 'scheduled__2026-05-03T00:00:00+00:00', '--job-id', '82', '--raw', '--subdir', 'DAGS_FOLDER/main.py', '--cfg-path', '/tmp/tmp2e5o2aer']
[2026-05-04T06:55:54.694+0000] {standard_task_runner.py:105} INFO - Job 82: Subtask produce_orders
[2026-05-04T06:55:55.390+0000] {task_command.py:467} INFO - Running <TaskInstance: orders_kafka_to_s3.produce_orders scheduled__2026-05-03T00:00:00+00:00 [running]> on host 3e44dd26e004
[2026-05-04T06:55:57.243+0000] {taskinstance.py:3134} INFO - Exporting env vars: AIRFLOW_CTX_DAG_OWNER='kafka_streaming' AIRFLOW_CTX_DAG_ID='orders_kafka_to_s3' AIRFLOW_CTX_TASK_ID='produce_orders' AIRFLOW_CTX_EXECUTION_DATE='2026-05-03T00:00:00+00:00' AIRFLOW_CTX_TRY_NUMBER='1' AIRFLOW_CTX_DAG_RUN_ID='scheduled__2026-05-03T00:00:00+00:00'
[2026-05-04T06:55:57.325+0000] {taskinstance.py:732} INFO - ::endgroup::
[2026-05-04T06:55:59.382+0000] {producer.py:98} INFO - Producer starting at offset 216 — will send 8 rows
[2026-05-04T06:56:01.820+0000] {producer.py:83} INFO - Delivered to orders_topic [0]
[2026-05-04T06:56:01.829+0000] {producer.py:83} INFO - Delivered to orders_topic [0]
[2026-05-04T06:56:01.837+0000] {producer.py:83} INFO - Delivered to orders_topic [0]
[2026-05-04T06:56:01.838+0000] {producer.py:83} INFO - Delivered to orders_topic [0]
[2026-05-04T06:56:01.839+0000] {producer.py:83} INFO - Delivered to orders_topic [0]
[2026-05-04T06:56:01.841+0000] {producer.py:83} INFO - Delivered to orders_topic [0]
[2026-05-04T06:56:01.842+0000] {producer.py:83} INFO - Delivered to orders_topic [0]
[2026-05-04T06:56:01.843+0000] {producer.py:83} INFO - Delivered to orders_topic [0]
[2026-05-04T06:56:01.872+0000] {crypto.py:82} WARNING - empty cryptography key - values will not be stored encrypted.
[2026-05-04T06:56:01.887+0000] {producer.py:145} INFO - Producer done. Rows sent: 8  |  Next offset: 224
[2026-05-04T06:56:01.897+0000] {python.py:240} INFO - Done. Returned value was: {'rows_sent': 8, 'next_offset': 224}
[2026-05-04T06:56:02.047+0000] {taskinstance.py:341} INFO - ::group::Post task execution logs
[2026-05-04T06:56:02.052+0000] {taskinstance.py:353} INFO - Marking task as SUCCESS. dag_id=orders_kafka_to_s3, task_id=produce_orders, run_id=scheduled__2026-05-03T00:00:00+00:00, execution_date=20260503T000000, start_date=20260504T065554, end_date=20260504T065602
[2026-05-04T06:56:02.217+0000] {local_task_job_runner.py:266} INFO - Task exited with return code 0
[2026-05-04T06:56:02.374+0000] {taskinstance.py:3901} INFO - 1 downstream tasks scheduled from follow-on schedule check
[2026-05-04T06:56:02.380+0000] {local_task_job_runner.py:245} INFO - ::endgroup::
