[2026-05-07T22:57:54.526+0000] {local_task_job_runner.py:123} INFO - ::group::Pre task execution logs
[2026-05-07T22:57:54.556+0000] {taskinstance.py:2614} INFO - Dependencies all met for dep_context=non-requeueable deps ti=<TaskInstance: kafka_to_s3.load_data_to_redshift manual__2026-05-07T22:57:10.939692+00:00 [queued]>
[2026-05-07T22:57:54.568+0000] {taskinstance.py:2614} INFO - Dependencies all met for dep_context=requeueable deps ti=<TaskInstance: kafka_to_s3.load_data_to_redshift manual__2026-05-07T22:57:10.939692+00:00 [queued]>
[2026-05-07T22:57:54.570+0000] {taskinstance.py:2867} INFO - Starting attempt 1 of 1
[2026-05-07T22:57:54.585+0000] {taskinstance.py:2890} INFO - Executing <Task(PythonOperator): load_data_to_redshift> on 2026-05-07 22:57:10.939692+00:00
[2026-05-07T22:57:54.595+0000] {warnings.py:112} WARNING - /home/***/.local/lib/python3.12/site-packages/***/task/task_runner/standard_task_runner.py:70: DeprecationWarning: This process (pid=3275) is multi-threaded, use of fork() may lead to deadlocks in the child.
  pid = os.fork()

[2026-05-07T22:57:54.598+0000] {standard_task_runner.py:104} INFO - Running: ['***', 'tasks', 'run', 'kafka_to_s3', 'load_data_to_redshift', 'manual__2026-05-07T22:57:10.939692+00:00', '--job-id', '177', '--raw', '--subdir', 'DAGS_FOLDER/main.py', '--cfg-path', '/tmp/tmpd1hokr_c']
[2026-05-07T22:57:54.602+0000] {standard_task_runner.py:72} INFO - Started process 3276 to run task
[2026-05-07T22:57:54.603+0000] {standard_task_runner.py:105} INFO - Job 177: Subtask load_data_to_redshift
[2026-05-07T22:57:54.681+0000] {task_command.py:467} INFO - Running <TaskInstance: kafka_to_s3.load_data_to_redshift manual__2026-05-07T22:57:10.939692+00:00 [running]> on host d50ffedd74f8
[2026-05-07T22:57:54.821+0000] {taskinstance.py:3134} INFO - Exporting env vars: AIRFLOW_CTX_DAG_OWNER='kafka_streaming' AIRFLOW_CTX_DAG_ID='kafka_to_s3' AIRFLOW_CTX_TASK_ID='load_data_to_redshift' AIRFLOW_CTX_EXECUTION_DATE='2026-05-07T22:57:10.939692+00:00' AIRFLOW_CTX_TRY_NUMBER='1' AIRFLOW_CTX_DAG_RUN_ID='manual__2026-05-07T22:57:10.939692+00:00'
[2026-05-07T22:57:54.823+0000] {taskinstance.py:732} INFO - ::endgroup::
[2026-05-07T22:57:54.844+0000] {redshift_loader.py:25} INFO - Step 1: Connecting to Redshift...
[2026-05-07T22:57:54.858+0000] {base.py:84} INFO - Retrieving connection 'redshift_conn'
[2026-05-07T22:57:57.522+0000] {redshift_loader.py:46} INFO - Connected to Redshift successfully
[2026-05-07T22:57:57.523+0000] {redshift_loader.py:68} INFO - Step 2: Creating table if not exists...
[2026-05-07T22:57:58.756+0000] {logging_mixin.py:190} INFO - ✔ Table ensured
[2026-05-07T22:57:58.757+0000] {redshift_loader.py:75} INFO - Table ensured successfully
[2026-05-07T22:57:58.787+0000] {redshift_loader.py:93} INFO - Step 3: Copying data from S3 to Redshift...
[2026-05-07T22:58:00.201+0000] {logging_mixin.py:190} INFO - ✔ COPY completed successfully from S3 to Redshift
[2026-05-07T22:58:00.202+0000] {redshift_loader.py:100} INFO - COPY completed successfully
[2026-05-07T22:58:00.204+0000] {redshift_loader.py:113} INFO - Redshift connection closed
[2026-05-07T22:58:00.205+0000] {python.py:240} INFO - Done. Returned value was: None
[2026-05-07T22:58:00.224+0000] {taskinstance.py:341} INFO - ::group::Post task execution logs
[2026-05-07T22:58:00.225+0000] {taskinstance.py:353} INFO - Marking task as SUCCESS. dag_id=kafka_to_s3, task_id=load_data_to_redshift, run_id=manual__2026-05-07T22:57:10.939692+00:00, execution_date=20260507T225710, start_date=20260507T225754, end_date=20260507T225800
[2026-05-07T22:58:00.340+0000] {local_task_job_runner.py:266} INFO - Task exited with return code 0
[2026-05-07T22:58:00.396+0000] {taskinstance.py:3901} INFO - 1 downstream tasks scheduled from follow-on schedule check
[2026-05-07T22:58:00.401+0000] {local_task_job_runner.py:245} INFO - ::endgroup::
