[2026-04-30T19:06:47.136+0000] {local_task_job_runner.py:123} INFO - ::group::Pre task execution logs
[2026-04-30T19:06:47.229+0000] {taskinstance.py:2614} INFO - Dependencies all met for dep_context=non-requeueable deps ti=<TaskInstance: orders_kafka_to_s3.produce_orders manual__2026-04-30T19:06:43.968546+00:00 [queued]>
[2026-04-30T19:06:47.270+0000] {taskinstance.py:2614} INFO - Dependencies all met for dep_context=requeueable deps ti=<TaskInstance: orders_kafka_to_s3.produce_orders manual__2026-04-30T19:06:43.968546+00:00 [queued]>
[2026-04-30T19:06:47.272+0000] {taskinstance.py:2867} INFO - Starting attempt 1 of 1
[2026-04-30T19:06:47.341+0000] {taskinstance.py:2890} INFO - Executing <Task(PythonOperator): produce_orders> on 2026-04-30 19:06:43.968546+00:00
[2026-04-30T19:06:47.377+0000] {warnings.py:112} WARNING - /home/***/.local/lib/python3.12/site-packages/***/task/task_runner/standard_task_runner.py:70: DeprecationWarning: This process (pid=1360) is multi-threaded, use of fork() may lead to deadlocks in the child.
  pid = os.fork()

[2026-04-30T19:06:47.394+0000] {standard_task_runner.py:72} INFO - Started process 1361 to run task
[2026-04-30T19:06:47.389+0000] {standard_task_runner.py:104} INFO - Running: ['***', 'tasks', 'run', 'orders_kafka_to_s3', 'produce_orders', 'manual__2026-04-30T19:06:43.968546+00:00', '--job-id', '32', '--raw', '--subdir', 'DAGS_FOLDER/main.py', '--cfg-path', '/tmp/tmp_5xlyzdj']
[2026-04-30T19:06:47.398+0000] {standard_task_runner.py:105} INFO - Job 32: Subtask produce_orders
[2026-04-30T19:06:47.690+0000] {task_command.py:467} INFO - Running <TaskInstance: orders_kafka_to_s3.produce_orders manual__2026-04-30T19:06:43.968546+00:00 [running]> on host 3e097463e953
[2026-04-30T19:06:48.139+0000] {taskinstance.py:3134} INFO - Exporting env vars: AIRFLOW_CTX_DAG_OWNER='kafka_streaming' AIRFLOW_CTX_DAG_ID='orders_kafka_to_s3' AIRFLOW_CTX_TASK_ID='produce_orders' AIRFLOW_CTX_EXECUTION_DATE='2026-04-30T19:06:43.968546+00:00' AIRFLOW_CTX_TRY_NUMBER='1' AIRFLOW_CTX_DAG_RUN_ID='manual__2026-04-30T19:06:43.968546+00:00'
[2026-04-30T19:06:48.143+0000] {taskinstance.py:732} INFO - ::endgroup::
[2026-04-30T19:06:48.267+0000] {producer.py:98} INFO - Producer starting at offset 88 — will send 8 rows
[2026-04-30T19:06:48.344+0000] {producer.py:83} INFO - Delivered to orders_topic [0]
[2026-04-30T19:06:48.350+0000] {producer.py:83} INFO - Delivered to orders_topic [0]
[2026-04-30T19:06:48.352+0000] {producer.py:83} INFO - Delivered to orders_topic [0]
[2026-04-30T19:06:48.355+0000] {producer.py:83} INFO - Delivered to orders_topic [0]
[2026-04-30T19:06:48.362+0000] {producer.py:83} INFO - Delivered to orders_topic [0]
[2026-04-30T19:06:48.364+0000] {producer.py:83} INFO - Delivered to orders_topic [0]
[2026-04-30T19:06:48.367+0000] {producer.py:83} INFO - Delivered to orders_topic [0]
[2026-04-30T19:06:48.369+0000] {producer.py:83} INFO - Delivered to orders_topic [0]
[2026-04-30T19:06:48.388+0000] {crypto.py:82} WARNING - empty cryptography key - values will not be stored encrypted.
[2026-04-30T19:06:48.397+0000] {producer.py:145} INFO - Producer done. Rows sent: 8  |  Next offset: 96
[2026-04-30T19:06:48.402+0000] {python.py:240} INFO - Done. Returned value was: {'rows_sent': 8, 'next_offset': 96}
[2026-04-30T19:06:48.468+0000] {taskinstance.py:341} INFO - ::group::Post task execution logs
[2026-04-30T19:06:48.469+0000] {taskinstance.py:353} INFO - Marking task as SUCCESS. dag_id=orders_kafka_to_s3, task_id=produce_orders, run_id=manual__2026-04-30T19:06:43.968546+00:00, execution_date=20260430T190643, start_date=20260430T190647, end_date=20260430T190648
[2026-04-30T19:06:48.562+0000] {local_task_job_runner.py:266} INFO - Task exited with return code 0
[2026-04-30T19:06:48.589+0000] {local_task_job_runner.py:245} INFO - ::endgroup::
