[2026-04-29T21:52:14.939+0000] {local_task_job_runner.py:123} INFO - ::group::Pre task execution logs
[2026-04-29T21:52:14.978+0000] {taskinstance.py:2614} INFO - Dependencies all met for dep_context=non-requeueable deps ti=<TaskInstance: orders_kafka_to_s3.produce_orders manual__2026-04-29T21:52:07.218149+00:00 [queued]>
[2026-04-29T21:52:14.995+0000] {taskinstance.py:2614} INFO - Dependencies all met for dep_context=requeueable deps ti=<TaskInstance: orders_kafka_to_s3.produce_orders manual__2026-04-29T21:52:07.218149+00:00 [queued]>
[2026-04-29T21:52:15.008+0000] {taskinstance.py:2867} INFO - Starting attempt 1 of 1
[2026-04-29T21:52:15.040+0000] {taskinstance.py:2890} INFO - Executing <Task(PythonOperator): produce_orders> on 2026-04-29 21:52:07.218149+00:00
[2026-04-29T21:52:15.054+0000] {warnings.py:112} WARNING - /home/***/.local/lib/python3.12/site-packages/***/task/task_runner/standard_task_runner.py:70: DeprecationWarning: This process (pid=189) is multi-threaded, use of fork() may lead to deadlocks in the child.
  pid = os.fork()

[2026-04-29T21:52:15.058+0000] {standard_task_runner.py:104} INFO - Running: ['***', 'tasks', 'run', 'orders_kafka_to_s3', 'produce_orders', 'manual__2026-04-29T21:52:07.218149+00:00', '--job-id', '7', '--raw', '--subdir', 'DAGS_FOLDER/main.py', '--cfg-path', '/tmp/tmpcrb3931g']
[2026-04-29T21:52:15.068+0000] {standard_task_runner.py:72} INFO - Started process 190 to run task
[2026-04-29T21:52:15.069+0000] {standard_task_runner.py:105} INFO - Job 7: Subtask produce_orders
[2026-04-29T21:52:15.261+0000] {task_command.py:467} INFO - Running <TaskInstance: orders_kafka_to_s3.produce_orders manual__2026-04-29T21:52:07.218149+00:00 [running]> on host cbb37d954d9e
[2026-04-29T21:52:15.548+0000] {taskinstance.py:3134} INFO - Exporting env vars: AIRFLOW_CTX_DAG_OWNER='kafka_streaming' AIRFLOW_CTX_DAG_ID='orders_kafka_to_s3' AIRFLOW_CTX_TASK_ID='produce_orders' AIRFLOW_CTX_EXECUTION_DATE='2026-04-29T21:52:07.218149+00:00' AIRFLOW_CTX_TRY_NUMBER='1' AIRFLOW_CTX_DAG_RUN_ID='manual__2026-04-29T21:52:07.218149+00:00'
[2026-04-29T21:52:15.557+0000] {taskinstance.py:732} INFO - ::endgroup::
[2026-04-29T21:52:15.672+0000] {producer.py:92} INFO - Producer starting at offset 0 — will send 8 rows
[2026-04-29T21:57:22.144+0000] {crypto.py:82} WARNING - empty cryptography key - values will not be stored encrypted.
[2026-04-29T21:57:22.158+0000] {producer.py:140} INFO - Producer done. Rows sent: 4  |  Next offset: 4
[2026-04-29T21:57:22.159+0000] {python.py:240} INFO - Done. Returned value was: {'rows_sent': 4, 'next_offset': 4}
[2026-04-29T21:57:22.223+0000] {taskinstance.py:341} INFO - ::group::Post task execution logs
[2026-04-29T21:57:22.225+0000] {taskinstance.py:353} INFO - Marking task as SUCCESS. dag_id=orders_kafka_to_s3, task_id=produce_orders, run_id=manual__2026-04-29T21:52:07.218149+00:00, execution_date=20260429T215207, start_date=20260429T215214, end_date=20260429T215722
[2026-04-29T21:57:22.350+0000] {local_task_job_runner.py:266} INFO - Task exited with return code 0
[2026-04-29T21:57:22.422+0000] {taskinstance.py:3901} INFO - 1 downstream tasks scheduled from follow-on schedule check
[2026-04-29T21:57:22.429+0000] {local_task_job_runner.py:245} INFO - ::endgroup::
