[2026-05-04T11:30:22.341+0000] {local_task_job_runner.py:123} INFO - ::group::Pre task execution logs
[2026-05-04T11:30:22.375+0000] {taskinstance.py:2614} INFO - Dependencies all met for dep_context=non-requeueable deps ti=<TaskInstance: kafka_to_s3.load_data_to_redshift manual__2026-05-04T11:29:43.385332+00:00 [queued]>
[2026-05-04T11:30:22.393+0000] {taskinstance.py:2614} INFO - Dependencies all met for dep_context=requeueable deps ti=<TaskInstance: kafka_to_s3.load_data_to_redshift manual__2026-05-04T11:29:43.385332+00:00 [queued]>
[2026-05-04T11:30:22.394+0000] {taskinstance.py:2867} INFO - Starting attempt 1 of 1
[2026-05-04T11:30:22.417+0000] {taskinstance.py:2890} INFO - Executing <Task(PythonOperator): load_data_to_redshift> on 2026-05-04 11:29:43.385332+00:00
[2026-05-04T11:30:22.430+0000] {warnings.py:112} WARNING - /home/***/.local/lib/python3.12/site-packages/***/task/task_runner/standard_task_runner.py:70: DeprecationWarning: This process (pid=312) is multi-threaded, use of fork() may lead to deadlocks in the child.
  pid = os.fork()

[2026-05-04T11:30:22.434+0000] {standard_task_runner.py:72} INFO - Started process 313 to run task
[2026-05-04T11:30:22.435+0000] {standard_task_runner.py:104} INFO - Running: ['***', 'tasks', 'run', 'kafka_to_s3', 'load_data_to_redshift', 'manual__2026-05-04T11:29:43.385332+00:00', '--job-id', '11', '--raw', '--subdir', 'DAGS_FOLDER/main.py', '--cfg-path', '/tmp/tmp75bcm60_']
[2026-05-04T11:30:22.438+0000] {standard_task_runner.py:105} INFO - Job 11: Subtask load_data_to_redshift
[2026-05-04T11:30:22.565+0000] {task_command.py:467} INFO - Running <TaskInstance: kafka_to_s3.load_data_to_redshift manual__2026-05-04T11:29:43.385332+00:00 [running]> on host bd3dcff855c5
[2026-05-04T11:30:22.822+0000] {taskinstance.py:3134} INFO - Exporting env vars: AIRFLOW_CTX_DAG_OWNER='kafka_streaming' AIRFLOW_CTX_DAG_ID='kafka_to_s3' AIRFLOW_CTX_TASK_ID='load_data_to_redshift' AIRFLOW_CTX_EXECUTION_DATE='2026-05-04T11:29:43.385332+00:00' AIRFLOW_CTX_TRY_NUMBER='1' AIRFLOW_CTX_DAG_RUN_ID='manual__2026-05-04T11:29:43.385332+00:00'
[2026-05-04T11:30:22.825+0000] {taskinstance.py:732} INFO - ::endgroup::
[2026-05-04T11:30:22.911+0000] {redshift_loader.py:25} INFO - Step 1: Connecting to Redshift...
[2026-05-04T11:30:22.945+0000] {base.py:84} INFO - Retrieving connection 'redshift_conn'
[2026-05-04T11:30:25.864+0000] {redshift_loader.py:46} INFO - Connected to Redshift successfully
[2026-05-04T11:30:25.865+0000] {redshift_loader.py:80} INFO - Step 2: Creating table if not exists...
[2026-05-04T11:30:38.149+0000] {logging_mixin.py:190} INFO - ✔ Table ensured
[2026-05-04T11:30:38.151+0000] {redshift_loader.py:87} INFO - Table ensured successfully
[2026-05-04T11:30:38.178+0000] {redshift_loader.py:108} INFO - Step 3: Copying data from S3 to Redshift...
[2026-05-04T11:30:40.155+0000] {logging_mixin.py:190} INFO - ✔ COPY completed successfully from S3 to Redshift
[2026-05-04T11:30:40.158+0000] {redshift_loader.py:115} INFO - COPY completed successfully
[2026-05-04T11:30:40.162+0000] {redshift_loader.py:128} INFO - Redshift connection closed
[2026-05-04T11:30:40.166+0000] {python.py:240} INFO - Done. Returned value was: None
[2026-05-04T11:30:40.192+0000] {taskinstance.py:341} INFO - ::group::Post task execution logs
[2026-05-04T11:30:40.193+0000] {taskinstance.py:353} INFO - Marking task as SUCCESS. dag_id=kafka_to_s3, task_id=load_data_to_redshift, run_id=manual__2026-05-04T11:29:43.385332+00:00, execution_date=20260504T112943, start_date=20260504T113022, end_date=20260504T113040
[2026-05-04T11:30:40.269+0000] {local_task_job_runner.py:266} INFO - Task exited with return code 0
[2026-05-04T11:30:40.290+0000] {taskinstance.py:3901} INFO - 0 downstream tasks scheduled from follow-on schedule check
[2026-05-04T11:30:40.297+0000] {local_task_job_runner.py:245} INFO - ::endgroup::
