[2026-04-30T08:23:09.995+0000] {local_task_job_runner.py:123} INFO - ::group::Pre task execution logs
[2026-04-30T08:23:10.047+0000] {taskinstance.py:2614} INFO - Dependencies all met for dep_context=non-requeueable deps ti=<TaskInstance: orders_kafka_to_s3.produce_orders manual__2026-04-30T08:23:06.134129+00:00 [queued]>
[2026-04-30T08:23:10.086+0000] {taskinstance.py:2614} INFO - Dependencies all met for dep_context=requeueable deps ti=<TaskInstance: orders_kafka_to_s3.produce_orders manual__2026-04-30T08:23:06.134129+00:00 [queued]>
[2026-04-30T08:23:10.087+0000] {taskinstance.py:2867} INFO - Starting attempt 1 of 1
[2026-04-30T08:23:10.136+0000] {taskinstance.py:2890} INFO - Executing <Task(PythonOperator): produce_orders> on 2026-04-30 08:23:06.134129+00:00
[2026-04-30T08:23:10.201+0000] {warnings.py:112} WARNING - /home/***/.local/lib/python3.12/site-packages/***/task/task_runner/standard_task_runner.py:70: DeprecationWarning: This process (pid=123) is multi-threaded, use of fork() may lead to deadlocks in the child.
  pid = os.fork()

[2026-04-30T08:23:10.253+0000] {standard_task_runner.py:72} INFO - Started process 126 to run task
[2026-04-30T08:23:10.255+0000] {standard_task_runner.py:104} INFO - Running: ['***', 'tasks', 'run', 'orders_kafka_to_s3', 'produce_orders', 'manual__2026-04-30T08:23:06.134129+00:00', '--job-id', '4', '--raw', '--subdir', 'DAGS_FOLDER/main.py', '--cfg-path', '/tmp/tmpjsks2ib8']
[2026-04-30T08:23:10.270+0000] {standard_task_runner.py:105} INFO - Job 4: Subtask produce_orders
[2026-04-30T08:23:10.813+0000] {task_command.py:467} INFO - Running <TaskInstance: orders_kafka_to_s3.produce_orders manual__2026-04-30T08:23:06.134129+00:00 [running]> on host 2060b8b3abe6
[2026-04-30T08:23:11.238+0000] {taskinstance.py:3134} INFO - Exporting env vars: AIRFLOW_CTX_DAG_OWNER='kafka_streaming' AIRFLOW_CTX_DAG_ID='orders_kafka_to_s3' AIRFLOW_CTX_TASK_ID='produce_orders' AIRFLOW_CTX_EXECUTION_DATE='2026-04-30T08:23:06.134129+00:00' AIRFLOW_CTX_TRY_NUMBER='1' AIRFLOW_CTX_DAG_RUN_ID='manual__2026-04-30T08:23:06.134129+00:00'
[2026-04-30T08:23:11.243+0000] {taskinstance.py:732} INFO - ::endgroup::
[2026-04-30T08:23:11.397+0000] {producer.py:98} INFO - Producer starting at offset 0 — will send 8 rows
[2026-04-30T08:23:12.809+0000] {producer.py:83} INFO - Delivered to orders_topic [0]
[2026-04-30T08:23:12.810+0000] {producer.py:83} INFO - Delivered to orders_topic [0]
[2026-04-30T08:23:12.811+0000] {producer.py:83} INFO - Delivered to orders_topic [0]
[2026-04-30T08:23:12.812+0000] {producer.py:83} INFO - Delivered to orders_topic [0]
[2026-04-30T08:23:12.813+0000] {producer.py:83} INFO - Delivered to orders_topic [0]
[2026-04-30T08:23:12.813+0000] {producer.py:83} INFO - Delivered to orders_topic [0]
[2026-04-30T08:23:12.815+0000] {producer.py:83} INFO - Delivered to orders_topic [0]
[2026-04-30T08:23:12.816+0000] {producer.py:83} INFO - Delivered to orders_topic [0]
[2026-04-30T08:23:12.883+0000] {crypto.py:82} WARNING - empty cryptography key - values will not be stored encrypted.
[2026-04-30T08:23:12.899+0000] {producer.py:145} INFO - Producer done. Rows sent: 8  |  Next offset: 8
[2026-04-30T08:23:12.901+0000] {python.py:240} INFO - Done. Returned value was: {'rows_sent': 8, 'next_offset': 8}
[2026-04-30T08:23:13.032+0000] {taskinstance.py:341} INFO - ::group::Post task execution logs
[2026-04-30T08:23:13.033+0000] {taskinstance.py:353} INFO - Marking task as SUCCESS. dag_id=orders_kafka_to_s3, task_id=produce_orders, run_id=manual__2026-04-30T08:23:06.134129+00:00, execution_date=20260430T082306, start_date=20260430T082310, end_date=20260430T082313
[2026-04-30T08:23:13.255+0000] {local_task_job_runner.py:266} INFO - Task exited with return code 0
[2026-04-30T08:23:13.355+0000] {taskinstance.py:3901} INFO - 1 downstream tasks scheduled from follow-on schedule check
[2026-04-30T08:23:13.362+0000] {local_task_job_runner.py:245} INFO - ::endgroup::
