[2026-05-04T09:08:37.970+0000] {local_task_job_runner.py:123} INFO - ::group::Pre task execution logs
[2026-05-04T09:08:38.014+0000] {taskinstance.py:2614} INFO - Dependencies all met for dep_context=non-requeueable deps ti=<TaskInstance: kafka_to_s3.produce_data manual__2026-05-04T09:08:32.801027+00:00 [queued]>
[2026-05-04T09:08:38.031+0000] {taskinstance.py:2614} INFO - Dependencies all met for dep_context=requeueable deps ti=<TaskInstance: kafka_to_s3.produce_data manual__2026-05-04T09:08:32.801027+00:00 [queued]>
[2026-05-04T09:08:38.032+0000] {taskinstance.py:2867} INFO - Starting attempt 1 of 1
[2026-05-04T09:08:38.060+0000] {taskinstance.py:2890} INFO - Executing <Task(PythonOperator): produce_data> on 2026-05-04 09:08:32.801027+00:00
[2026-05-04T09:08:38.071+0000] {warnings.py:112} WARNING - /home/***/.local/lib/python3.12/site-packages/***/task/task_runner/standard_task_runner.py:70: DeprecationWarning: This process (pid=3001) is multi-threaded, use of fork() may lead to deadlocks in the child.
  pid = os.fork()

[2026-05-04T09:08:38.077+0000] {standard_task_runner.py:72} INFO - Started process 3002 to run task
[2026-05-04T09:08:38.077+0000] {standard_task_runner.py:104} INFO - Running: ['***', 'tasks', 'run', 'kafka_to_s3', 'produce_data', 'manual__2026-05-04T09:08:32.801027+00:00', '--job-id', '107', '--raw', '--subdir', 'DAGS_FOLDER/main.py', '--cfg-path', '/tmp/tmpwmpbr0yu']
[2026-05-04T09:08:38.079+0000] {standard_task_runner.py:105} INFO - Job 107: Subtask produce_data
[2026-05-04T09:08:38.194+0000] {task_command.py:467} INFO - Running <TaskInstance: kafka_to_s3.produce_data manual__2026-05-04T09:08:32.801027+00:00 [running]> on host 3e44dd26e004
[2026-05-04T09:08:38.382+0000] {taskinstance.py:3134} INFO - Exporting env vars: AIRFLOW_CTX_DAG_OWNER='kafka_streaming' AIRFLOW_CTX_DAG_ID='kafka_to_s3' AIRFLOW_CTX_TASK_ID='produce_data' AIRFLOW_CTX_EXECUTION_DATE='2026-05-04T09:08:32.801027+00:00' AIRFLOW_CTX_TRY_NUMBER='1' AIRFLOW_CTX_DAG_RUN_ID='manual__2026-05-04T09:08:32.801027+00:00'
[2026-05-04T09:08:38.384+0000] {taskinstance.py:732} INFO - ::endgroup::
[2026-05-04T09:08:38.434+0000] {producer.py:98} INFO - Producer starting at offset 280 — will send 8 rows
[2026-05-04T09:08:38.675+0000] {producer.py:83} INFO - Delivered to stream_store_topic [0]
[2026-05-04T09:08:38.676+0000] {producer.py:83} INFO - Delivered to stream_store_topic [0]
[2026-05-04T09:08:38.676+0000] {producer.py:83} INFO - Delivered to stream_store_topic [0]
[2026-05-04T09:08:38.677+0000] {producer.py:83} INFO - Delivered to stream_store_topic [0]
[2026-05-04T09:08:38.677+0000] {producer.py:83} INFO - Delivered to stream_store_topic [0]
[2026-05-04T09:08:38.678+0000] {producer.py:83} INFO - Delivered to stream_store_topic [0]
[2026-05-04T09:08:38.679+0000] {producer.py:83} INFO - Delivered to stream_store_topic [0]
[2026-05-04T09:08:38.679+0000] {producer.py:83} INFO - Delivered to stream_store_topic [0]
[2026-05-04T09:08:38.690+0000] {crypto.py:82} WARNING - empty cryptography key - values will not be stored encrypted.
[2026-05-04T09:08:38.696+0000] {producer.py:145} INFO - Producer done. Rows sent: 8  |  Next offset: 288
[2026-05-04T09:08:38.698+0000] {python.py:240} INFO - Done. Returned value was: {'rows_sent': 8, 'next_offset': 288}
[2026-05-04T09:08:38.733+0000] {taskinstance.py:341} INFO - ::group::Post task execution logs
[2026-05-04T09:08:38.734+0000] {taskinstance.py:353} INFO - Marking task as SUCCESS. dag_id=kafka_to_s3, task_id=produce_data, run_id=manual__2026-05-04T09:08:32.801027+00:00, execution_date=20260504T090832, start_date=20260504T090838, end_date=20260504T090838
[2026-05-04T09:08:38.787+0000] {local_task_job_runner.py:266} INFO - Task exited with return code 0
[2026-05-04T09:08:38.837+0000] {taskinstance.py:3901} INFO - 1 downstream tasks scheduled from follow-on schedule check
[2026-05-04T09:08:38.839+0000] {local_task_job_runner.py:245} INFO - ::endgroup::
