[2026-05-01T21:05:27.687+0000] {local_task_job_runner.py:123} INFO - ::group::Pre task execution logs
[2026-05-01T21:05:27.718+0000] {taskinstance.py:2614} INFO - Dependencies all met for dep_context=non-requeueable deps ti=<TaskInstance: orders_kafka_to_s3.produce_orders manual__2026-05-01T21:05:24.662081+00:00 [queued]>
[2026-05-01T21:05:27.731+0000] {taskinstance.py:2614} INFO - Dependencies all met for dep_context=requeueable deps ti=<TaskInstance: orders_kafka_to_s3.produce_orders manual__2026-05-01T21:05:24.662081+00:00 [queued]>
[2026-05-01T21:05:27.732+0000] {taskinstance.py:2867} INFO - Starting attempt 1 of 1
[2026-05-01T21:05:27.752+0000] {taskinstance.py:2890} INFO - Executing <Task(PythonOperator): produce_orders> on 2026-05-01 21:05:24.662081+00:00
[2026-05-01T21:05:27.762+0000] {warnings.py:112} WARNING - /home/***/.local/lib/python3.12/site-packages/***/task/task_runner/standard_task_runner.py:70: DeprecationWarning: This process (pid=6371) is multi-threaded, use of fork() may lead to deadlocks in the child.
  pid = os.fork()

[2026-05-01T21:05:27.766+0000] {standard_task_runner.py:72} INFO - Started process 6372 to run task
[2026-05-01T21:05:27.765+0000] {standard_task_runner.py:104} INFO - Running: ['***', 'tasks', 'run', 'orders_kafka_to_s3', 'produce_orders', 'manual__2026-05-01T21:05:24.662081+00:00', '--job-id', '51', '--raw', '--subdir', 'DAGS_FOLDER/main.py', '--cfg-path', '/tmp/tmppx0zn3jk']
[2026-05-01T21:05:27.768+0000] {standard_task_runner.py:105} INFO - Job 51: Subtask produce_orders
[2026-05-01T21:05:27.868+0000] {task_command.py:467} INFO - Running <TaskInstance: orders_kafka_to_s3.produce_orders manual__2026-05-01T21:05:24.662081+00:00 [running]> on host cc69f44e695c
[2026-05-01T21:05:27.994+0000] {taskinstance.py:3134} INFO - Exporting env vars: AIRFLOW_CTX_DAG_OWNER='kafka_streaming' AIRFLOW_CTX_DAG_ID='orders_kafka_to_s3' AIRFLOW_CTX_TASK_ID='produce_orders' AIRFLOW_CTX_EXECUTION_DATE='2026-05-01T21:05:24.662081+00:00' AIRFLOW_CTX_TRY_NUMBER='1' AIRFLOW_CTX_DAG_RUN_ID='manual__2026-05-01T21:05:24.662081+00:00'
[2026-05-01T21:05:27.996+0000] {taskinstance.py:732} INFO - ::endgroup::
[2026-05-01T21:05:28.042+0000] {producer.py:98} INFO - Producer starting at offset 136 — will send 8 rows
[2026-05-01T21:05:28.154+0000] {producer.py:83} INFO - Delivered to orders_topic [0]
[2026-05-01T21:05:28.155+0000] {producer.py:83} INFO - Delivered to orders_topic [0]
[2026-05-01T21:05:28.155+0000] {producer.py:83} INFO - Delivered to orders_topic [0]
[2026-05-01T21:05:28.156+0000] {producer.py:83} INFO - Delivered to orders_topic [0]
[2026-05-01T21:05:28.157+0000] {producer.py:83} INFO - Delivered to orders_topic [0]
[2026-05-01T21:05:28.158+0000] {producer.py:83} INFO - Delivered to orders_topic [0]
[2026-05-01T21:05:28.158+0000] {producer.py:83} INFO - Delivered to orders_topic [0]
[2026-05-01T21:05:28.159+0000] {producer.py:83} INFO - Delivered to orders_topic [0]
[2026-05-01T21:05:28.173+0000] {crypto.py:82} WARNING - empty cryptography key - values will not be stored encrypted.
[2026-05-01T21:05:28.181+0000] {producer.py:145} INFO - Producer done. Rows sent: 8  |  Next offset: 144
[2026-05-01T21:05:28.183+0000] {python.py:240} INFO - Done. Returned value was: {'rows_sent': 8, 'next_offset': 144}
[2026-05-01T21:05:28.219+0000] {taskinstance.py:341} INFO - ::group::Post task execution logs
[2026-05-01T21:05:28.220+0000] {taskinstance.py:353} INFO - Marking task as SUCCESS. dag_id=orders_kafka_to_s3, task_id=produce_orders, run_id=manual__2026-05-01T21:05:24.662081+00:00, execution_date=20260501T210524, start_date=20260501T210527, end_date=20260501T210528
[2026-05-01T21:05:28.269+0000] {local_task_job_runner.py:266} INFO - Task exited with return code 0
[2026-05-01T21:05:28.310+0000] {taskinstance.py:3901} INFO - 1 downstream tasks scheduled from follow-on schedule check
[2026-05-01T21:05:28.313+0000] {local_task_job_runner.py:245} INFO - ::endgroup::
