[2026-04-30T10:28:04.675+0000] {local_task_job_runner.py:123} INFO - ::group::Pre task execution logs
[2026-04-30T10:28:04.701+0000] {taskinstance.py:2614} INFO - Dependencies all met for dep_context=non-requeueable deps ti=<TaskInstance: orders_kafka_to_s3.produce_orders manual__2026-04-30T10:28:02.301349+00:00 [queued]>
[2026-04-30T10:28:04.714+0000] {taskinstance.py:2614} INFO - Dependencies all met for dep_context=requeueable deps ti=<TaskInstance: orders_kafka_to_s3.produce_orders manual__2026-04-30T10:28:02.301349+00:00 [queued]>
[2026-04-30T10:28:04.715+0000] {taskinstance.py:2867} INFO - Starting attempt 1 of 1
[2026-04-30T10:28:04.737+0000] {taskinstance.py:2890} INFO - Executing <Task(PythonOperator): produce_orders> on 2026-04-30 10:28:02.301349+00:00
[2026-04-30T10:28:04.750+0000] {warnings.py:112} WARNING - /home/***/.local/lib/python3.12/site-packages/***/task/task_runner/standard_task_runner.py:70: DeprecationWarning: This process (pid=77) is multi-threaded, use of fork() may lead to deadlocks in the child.
  pid = os.fork()

[2026-04-30T10:28:04.754+0000] {standard_task_runner.py:72} INFO - Started process 78 to run task
[2026-04-30T10:28:04.753+0000] {standard_task_runner.py:104} INFO - Running: ['***', 'tasks', 'run', 'orders_kafka_to_s3', 'produce_orders', 'manual__2026-04-30T10:28:02.301349+00:00', '--job-id', '20', '--raw', '--subdir', 'DAGS_FOLDER/main.py', '--cfg-path', '/tmp/tmplcyr5t6t']
[2026-04-30T10:28:04.756+0000] {standard_task_runner.py:105} INFO - Job 20: Subtask produce_orders
[2026-04-30T10:28:04.919+0000] {task_command.py:467} INFO - Running <TaskInstance: orders_kafka_to_s3.produce_orders manual__2026-04-30T10:28:02.301349+00:00 [running]> on host 3252caf7eae6
[2026-04-30T10:28:05.098+0000] {taskinstance.py:3134} INFO - Exporting env vars: AIRFLOW_CTX_DAG_OWNER='kafka_streaming' AIRFLOW_CTX_DAG_ID='orders_kafka_to_s3' AIRFLOW_CTX_TASK_ID='produce_orders' AIRFLOW_CTX_EXECUTION_DATE='2026-04-30T10:28:02.301349+00:00' AIRFLOW_CTX_TRY_NUMBER='1' AIRFLOW_CTX_DAG_RUN_ID='manual__2026-04-30T10:28:02.301349+00:00'
[2026-04-30T10:28:05.100+0000] {taskinstance.py:732} INFO - ::endgroup::
[2026-04-30T10:28:05.219+0000] {producer.py:98} INFO - Producer starting at offset 56 — will send 8 rows
[2026-04-30T10:28:06.257+0000] {producer.py:83} INFO - Delivered to orders_topic [0]
[2026-04-30T10:28:06.259+0000] {producer.py:83} INFO - Delivered to orders_topic [0]
[2026-04-30T10:28:06.259+0000] {producer.py:83} INFO - Delivered to orders_topic [0]
[2026-04-30T10:28:06.260+0000] {producer.py:83} INFO - Delivered to orders_topic [0]
[2026-04-30T10:28:06.261+0000] {producer.py:83} INFO - Delivered to orders_topic [0]
[2026-04-30T10:28:06.262+0000] {producer.py:83} INFO - Delivered to orders_topic [0]
[2026-04-30T10:28:06.263+0000] {producer.py:83} INFO - Delivered to orders_topic [0]
[2026-04-30T10:28:06.264+0000] {producer.py:83} INFO - Delivered to orders_topic [0]
[2026-04-30T10:28:06.284+0000] {crypto.py:82} WARNING - empty cryptography key - values will not be stored encrypted.
[2026-04-30T10:28:06.291+0000] {producer.py:145} INFO - Producer done. Rows sent: 8  |  Next offset: 64
[2026-04-30T10:28:06.297+0000] {python.py:240} INFO - Done. Returned value was: {'rows_sent': 8, 'next_offset': 64}
[2026-04-30T10:28:06.380+0000] {taskinstance.py:341} INFO - ::group::Post task execution logs
[2026-04-30T10:28:06.382+0000] {taskinstance.py:353} INFO - Marking task as SUCCESS. dag_id=orders_kafka_to_s3, task_id=produce_orders, run_id=manual__2026-04-30T10:28:02.301349+00:00, execution_date=20260430T102802, start_date=20260430T102804, end_date=20260430T102806
[2026-04-30T10:28:06.510+0000] {local_task_job_runner.py:266} INFO - Task exited with return code 0
[2026-04-30T10:28:06.602+0000] {taskinstance.py:3901} INFO - 1 downstream tasks scheduled from follow-on schedule check
[2026-04-30T10:28:06.606+0000] {local_task_job_runner.py:245} INFO - ::endgroup::
