[2026-05-07T22:49:06.218+0000] {local_task_job_runner.py:123} INFO - ::group::Pre task execution logs
[2026-05-07T22:49:06.250+0000] {taskinstance.py:2614} INFO - Dependencies all met for dep_context=non-requeueable deps ti=<TaskInstance: kafka_to_s3.consume_data manual__2026-05-07T22:48:58.350619+00:00 [queued]>
[2026-05-07T22:49:06.266+0000] {taskinstance.py:2614} INFO - Dependencies all met for dep_context=requeueable deps ti=<TaskInstance: kafka_to_s3.consume_data manual__2026-05-07T22:48:58.350619+00:00 [queued]>
[2026-05-07T22:49:06.267+0000] {taskinstance.py:2867} INFO - Starting attempt 1 of 1
[2026-05-07T22:49:06.292+0000] {taskinstance.py:2890} INFO - Executing <Task(PythonOperator): consume_data> on 2026-05-07 22:48:58.350619+00:00
[2026-05-07T22:49:06.304+0000] {warnings.py:112} WARNING - /home/***/.local/lib/python3.12/site-packages/***/task/task_runner/standard_task_runner.py:70: DeprecationWarning: This process (pid=3105) is multi-threaded, use of fork() may lead to deadlocks in the child.
  pid = os.fork()

[2026-05-07T22:49:06.307+0000] {standard_task_runner.py:72} INFO - Started process 3106 to run task
[2026-05-07T22:49:06.308+0000] {standard_task_runner.py:104} INFO - Running: ['***', 'tasks', 'run', 'kafka_to_s3', 'consume_data', 'manual__2026-05-07T22:48:58.350619+00:00', '--job-id', '172', '--raw', '--subdir', 'DAGS_FOLDER/main.py', '--cfg-path', '/tmp/tmp398l8a09']
[2026-05-07T22:49:06.315+0000] {standard_task_runner.py:105} INFO - Job 172: Subtask consume_data
[2026-05-07T22:49:06.401+0000] {task_command.py:467} INFO - Running <TaskInstance: kafka_to_s3.consume_data manual__2026-05-07T22:48:58.350619+00:00 [running]> on host d50ffedd74f8
[2026-05-07T22:49:06.527+0000] {taskinstance.py:3134} INFO - Exporting env vars: AIRFLOW_CTX_DAG_OWNER='kafka_streaming' AIRFLOW_CTX_DAG_ID='kafka_to_s3' AIRFLOW_CTX_TASK_ID='consume_data' AIRFLOW_CTX_EXECUTION_DATE='2026-05-07T22:48:58.350619+00:00' AIRFLOW_CTX_TRY_NUMBER='1' AIRFLOW_CTX_DAG_RUN_ID='manual__2026-05-07T22:48:58.350619+00:00'
[2026-05-07T22:49:06.529+0000] {taskinstance.py:732} INFO - ::endgroup::
[2026-05-07T22:49:06.571+0000] {base.py:84} INFO - Retrieving connection 'aws_default'
[2026-05-07T22:49:07.319+0000] {consumer.py:176} INFO - Consumer started. batch_size=8  batch_timeout=30s  idle_exit=30s
[2026-05-07T22:49:10.455+0000] {consumer.py:212} INFO - Flushing batch #0000 (8 rows) — size
[2026-05-07T22:49:13.110+0000] {consumer.py:140} INFO - ✔ Batch #0000 → s3://streamstore-081653452945-ap-south-1-an/streamstore/year_2026_month_05_day_07_batch_20260507_224910_0000.csv  (8 rows, 0.7 KB)
[2026-05-07T22:49:41.121+0000] {consumer.py:203} INFO - Idle for 30s — exiting.
[2026-05-07T22:49:41.163+0000] {consumer.py:247} INFO - Consumer done. rows=8  files=1
[2026-05-07T22:49:41.191+0000] {python.py:240} INFO - Done. Returned value was: {'total_rows': 8, 'total_files': 1}
[2026-05-07T22:49:41.311+0000] {taskinstance.py:341} INFO - ::group::Post task execution logs
[2026-05-07T22:49:41.313+0000] {taskinstance.py:353} INFO - Marking task as SUCCESS. dag_id=kafka_to_s3, task_id=consume_data, run_id=manual__2026-05-07T22:48:58.350619+00:00, execution_date=20260507T224858, start_date=20260507T224906, end_date=20260507T224941
[2026-05-07T22:49:41.402+0000] {local_task_job_runner.py:266} INFO - Task exited with return code 0
[2026-05-07T22:49:41.451+0000] {taskinstance.py:3901} INFO - 1 downstream tasks scheduled from follow-on schedule check
[2026-05-07T22:49:41.455+0000] {local_task_job_runner.py:245} INFO - ::endgroup::
