[2026-05-06T11:00:18.448+0000] {local_task_job_runner.py:123} INFO - ::group::Pre task execution logs
[2026-05-06T11:00:18.483+0000] {taskinstance.py:2614} INFO - Dependencies all met for dep_context=non-requeueable deps ti=<TaskInstance: kafka_to_s3.produce_data scheduled__2026-05-04T00:00:00+00:00 [queued]>
[2026-05-06T11:00:18.498+0000] {taskinstance.py:2614} INFO - Dependencies all met for dep_context=requeueable deps ti=<TaskInstance: kafka_to_s3.produce_data scheduled__2026-05-04T00:00:00+00:00 [queued]>
[2026-05-06T11:00:18.500+0000] {taskinstance.py:2867} INFO - Starting attempt 1 of 1
[2026-05-06T11:00:18.522+0000] {taskinstance.py:2890} INFO - Executing <Task(PythonOperator): produce_data> on 2026-05-04 00:00:00+00:00
[2026-05-06T11:00:18.534+0000] {warnings.py:112} WARNING - /home/***/.local/lib/python3.12/site-packages/***/task/task_runner/standard_task_runner.py:70: DeprecationWarning: This process (pid=52) is multi-threaded, use of fork() may lead to deadlocks in the child.
  pid = os.fork()

[2026-05-06T11:00:18.539+0000] {standard_task_runner.py:72} INFO - Started process 54 to run task
[2026-05-06T11:00:18.543+0000] {standard_task_runner.py:104} INFO - Running: ['***', 'tasks', 'run', 'kafka_to_s3', 'produce_data', 'scheduled__2026-05-04T00:00:00+00:00', '--job-id', '119', '--raw', '--subdir', 'DAGS_FOLDER/main.py', '--cfg-path', '/tmp/tmp0dz9bxlp']
[2026-05-06T11:00:18.545+0000] {standard_task_runner.py:105} INFO - Job 119: Subtask produce_data
[2026-05-06T11:00:18.678+0000] {task_command.py:467} INFO - Running <TaskInstance: kafka_to_s3.produce_data scheduled__2026-05-04T00:00:00+00:00 [running]> on host 47a7c2fa7922
[2026-05-06T11:00:18.869+0000] {taskinstance.py:3134} INFO - Exporting env vars: AIRFLOW_CTX_DAG_OWNER='kafka_streaming' AIRFLOW_CTX_DAG_ID='kafka_to_s3' AIRFLOW_CTX_TASK_ID='produce_data' AIRFLOW_CTX_EXECUTION_DATE='2026-05-04T00:00:00+00:00' AIRFLOW_CTX_TRY_NUMBER='1' AIRFLOW_CTX_DAG_RUN_ID='scheduled__2026-05-04T00:00:00+00:00'
[2026-05-06T11:00:18.871+0000] {taskinstance.py:732} INFO - ::endgroup::
[2026-05-06T11:00:18.973+0000] {producer.py:98} INFO - Producer starting at offset 304 — will send 8 rows
[2026-05-06T11:00:20.354+0000] {producer.py:83} INFO - Delivered to stream_store_topic [0]
[2026-05-06T11:00:20.355+0000] {producer.py:83} INFO - Delivered to stream_store_topic [0]
[2026-05-06T11:00:20.356+0000] {producer.py:83} INFO - Delivered to stream_store_topic [0]
[2026-05-06T11:00:20.357+0000] {producer.py:83} INFO - Delivered to stream_store_topic [0]
[2026-05-06T11:00:20.358+0000] {producer.py:83} INFO - Delivered to stream_store_topic [0]
[2026-05-06T11:00:20.359+0000] {producer.py:83} INFO - Delivered to stream_store_topic [0]
[2026-05-06T11:00:20.360+0000] {producer.py:83} INFO - Delivered to stream_store_topic [0]
[2026-05-06T11:00:20.361+0000] {producer.py:83} INFO - Delivered to stream_store_topic [0]
[2026-05-06T11:00:20.374+0000] {crypto.py:82} WARNING - empty cryptography key - values will not be stored encrypted.
[2026-05-06T11:00:20.383+0000] {producer.py:145} INFO - Producer done. Rows sent: 8  |  Next offset: 312
[2026-05-06T11:00:20.384+0000] {python.py:240} INFO - Done. Returned value was: {'rows_sent': 8, 'next_offset': 312}
[2026-05-06T11:00:20.423+0000] {taskinstance.py:341} INFO - ::group::Post task execution logs
[2026-05-06T11:00:20.423+0000] {taskinstance.py:353} INFO - Marking task as SUCCESS. dag_id=kafka_to_s3, task_id=produce_data, run_id=scheduled__2026-05-04T00:00:00+00:00, execution_date=20260504T000000, start_date=20260506T110018, end_date=20260506T110020
[2026-05-06T11:00:20.485+0000] {local_task_job_runner.py:266} INFO - Task exited with return code 0
[2026-05-06T11:00:20.542+0000] {taskinstance.py:3901} INFO - 1 downstream tasks scheduled from follow-on schedule check
[2026-05-06T11:00:20.546+0000] {local_task_job_runner.py:245} INFO - ::endgroup::
