[2026-05-02T12:23:02.038+0000] {local_task_job_runner.py:123} INFO - ::group::Pre task execution logs
[2026-05-02T12:23:02.097+0000] {taskinstance.py:2614} INFO - Dependencies all met for dep_context=non-requeueable deps ti=<TaskInstance: orders_kafka_to_s3.produce_orders manual__2026-05-02T12:22:53.970446+00:00 [queued]>
[2026-05-02T12:23:02.120+0000] {taskinstance.py:2614} INFO - Dependencies all met for dep_context=requeueable deps ti=<TaskInstance: orders_kafka_to_s3.produce_orders manual__2026-05-02T12:22:53.970446+00:00 [queued]>
[2026-05-02T12:23:02.122+0000] {taskinstance.py:2867} INFO - Starting attempt 1 of 1
[2026-05-02T12:23:02.153+0000] {taskinstance.py:2890} INFO - Executing <Task(PythonOperator): produce_orders> on 2026-05-02 12:22:53.970446+00:00
[2026-05-02T12:23:02.168+0000] {warnings.py:112} WARNING - /home/***/.local/lib/python3.12/site-packages/***/task/task_runner/standard_task_runner.py:70: DeprecationWarning: This process (pid=2756) is multi-threaded, use of fork() may lead to deadlocks in the child.
  pid = os.fork()

[2026-05-02T12:23:02.172+0000] {standard_task_runner.py:104} INFO - Running: ['***', 'tasks', 'run', 'orders_kafka_to_s3', 'produce_orders', 'manual__2026-05-02T12:22:53.970446+00:00', '--job-id', '73', '--raw', '--subdir', 'DAGS_FOLDER/main.py', '--cfg-path', '/tmp/tmpv0v45z3n']
[2026-05-02T12:23:02.174+0000] {standard_task_runner.py:72} INFO - Started process 2757 to run task
[2026-05-02T12:23:02.175+0000] {standard_task_runner.py:105} INFO - Job 73: Subtask produce_orders
[2026-05-02T12:23:02.288+0000] {task_command.py:467} INFO - Running <TaskInstance: orders_kafka_to_s3.produce_orders manual__2026-05-02T12:22:53.970446+00:00 [running]> on host 548e02207ef4
[2026-05-02T12:23:02.450+0000] {taskinstance.py:3134} INFO - Exporting env vars: AIRFLOW_CTX_DAG_OWNER='kafka_streaming' AIRFLOW_CTX_DAG_ID='orders_kafka_to_s3' AIRFLOW_CTX_TASK_ID='produce_orders' AIRFLOW_CTX_EXECUTION_DATE='2026-05-02T12:22:53.970446+00:00' AIRFLOW_CTX_TRY_NUMBER='1' AIRFLOW_CTX_DAG_RUN_ID='manual__2026-05-02T12:22:53.970446+00:00'
[2026-05-02T12:23:02.451+0000] {taskinstance.py:732} INFO - ::endgroup::
[2026-05-02T12:23:02.512+0000] {producer.py:98} INFO - Producer starting at offset 192 — will send 8 rows
[2026-05-02T12:23:02.903+0000] {producer.py:83} INFO - Delivered to orders_topic [0]
[2026-05-02T12:23:02.905+0000] {producer.py:83} INFO - Delivered to orders_topic [0]
[2026-05-02T12:23:02.907+0000] {producer.py:83} INFO - Delivered to orders_topic [0]
[2026-05-02T12:23:02.908+0000] {producer.py:83} INFO - Delivered to orders_topic [0]
[2026-05-02T12:23:02.910+0000] {producer.py:83} INFO - Delivered to orders_topic [0]
[2026-05-02T12:23:02.911+0000] {producer.py:83} INFO - Delivered to orders_topic [0]
[2026-05-02T12:23:02.913+0000] {producer.py:83} INFO - Delivered to orders_topic [0]
[2026-05-02T12:23:02.914+0000] {producer.py:83} INFO - Delivered to orders_topic [0]
[2026-05-02T12:23:02.941+0000] {crypto.py:82} WARNING - empty cryptography key - values will not be stored encrypted.
[2026-05-02T12:23:02.957+0000] {producer.py:145} INFO - Producer done. Rows sent: 8  |  Next offset: 200
[2026-05-02T12:23:02.962+0000] {python.py:240} INFO - Done. Returned value was: {'rows_sent': 8, 'next_offset': 200}
[2026-05-02T12:23:03.027+0000] {taskinstance.py:341} INFO - ::group::Post task execution logs
[2026-05-02T12:23:03.028+0000] {taskinstance.py:353} INFO - Marking task as SUCCESS. dag_id=orders_kafka_to_s3, task_id=produce_orders, run_id=manual__2026-05-02T12:22:53.970446+00:00, execution_date=20260502T122253, start_date=20260502T122302, end_date=20260502T122303
[2026-05-02T12:23:03.128+0000] {local_task_job_runner.py:266} INFO - Task exited with return code 0
[2026-05-02T12:23:03.242+0000] {taskinstance.py:3901} INFO - 1 downstream tasks scheduled from follow-on schedule check
[2026-05-02T12:23:03.250+0000] {local_task_job_runner.py:245} INFO - ::endgroup::
