[2026-05-04T08:00:12.962+0000] {local_task_job_runner.py:123} INFO - ::group::Pre task execution logs
[2026-05-04T08:00:13.003+0000] {taskinstance.py:2614} INFO - Dependencies all met for dep_context=non-requeueable deps ti=<TaskInstance: kafka_to_s3.consume_data scheduled__2026-05-03T00:00:00+00:00 [queued]>
[2026-05-04T08:00:13.020+0000] {taskinstance.py:2614} INFO - Dependencies all met for dep_context=requeueable deps ti=<TaskInstance: kafka_to_s3.consume_data scheduled__2026-05-03T00:00:00+00:00 [queued]>
[2026-05-04T08:00:13.022+0000] {taskinstance.py:2867} INFO - Starting attempt 1 of 1
[2026-05-04T08:00:13.047+0000] {taskinstance.py:2890} INFO - Executing <Task(PythonOperator): consume_data> on 2026-05-03 00:00:00+00:00
[2026-05-04T08:00:13.060+0000] {warnings.py:112} WARNING - /home/***/.local/lib/python3.12/site-packages/***/task/task_runner/standard_task_runner.py:70: DeprecationWarning: This process (pid=2111) is multi-threaded, use of fork() may lead to deadlocks in the child.
  pid = os.fork()

[2026-05-04T08:00:13.066+0000] {standard_task_runner.py:72} INFO - Started process 2114 to run task
[2026-05-04T08:00:13.070+0000] {standard_task_runner.py:104} INFO - Running: ['***', 'tasks', 'run', 'kafka_to_s3', 'consume_data', 'scheduled__2026-05-03T00:00:00+00:00', '--job-id', '97', '--raw', '--subdir', 'DAGS_FOLDER/main.py', '--cfg-path', '/tmp/tmp383vmkut']
[2026-05-04T08:00:13.073+0000] {standard_task_runner.py:105} INFO - Job 97: Subtask consume_data
[2026-05-04T08:00:13.190+0000] {task_command.py:467} INFO - Running <TaskInstance: kafka_to_s3.consume_data scheduled__2026-05-03T00:00:00+00:00 [running]> on host 3e44dd26e004
[2026-05-04T08:00:13.319+0000] {taskinstance.py:3134} INFO - Exporting env vars: AIRFLOW_CTX_DAG_OWNER='kafka_streaming' AIRFLOW_CTX_DAG_ID='kafka_to_s3' AIRFLOW_CTX_TASK_ID='consume_data' AIRFLOW_CTX_EXECUTION_DATE='2026-05-03T00:00:00+00:00' AIRFLOW_CTX_TRY_NUMBER='1' AIRFLOW_CTX_DAG_RUN_ID='scheduled__2026-05-03T00:00:00+00:00'
[2026-05-04T08:00:13.321+0000] {taskinstance.py:732} INFO - ::endgroup::
[2026-05-04T08:00:13.366+0000] {base.py:84} INFO - Retrieving connection 'aws_default'
[2026-05-04T08:00:13.952+0000] {consumer.py:186} INFO - Consumer started. batch_size=8  batch_timeout=30s  idle_exit=30s
[2026-05-04T08:00:44.962+0000] {consumer.py:213} INFO - Idle for 30s — exiting.
[2026-05-04T08:00:44.994+0000] {consumer.py:257} INFO - Consumer done. rows=0  files=0
[2026-05-04T08:00:44.997+0000] {python.py:240} INFO - Done. Returned value was: {'total_rows': 0, 'total_files': 0}
[2026-05-04T08:00:45.052+0000] {taskinstance.py:341} INFO - ::group::Post task execution logs
[2026-05-04T08:00:45.054+0000] {taskinstance.py:353} INFO - Marking task as SUCCESS. dag_id=kafka_to_s3, task_id=consume_data, run_id=scheduled__2026-05-03T00:00:00+00:00, execution_date=20260503T000000, start_date=20260504T080013, end_date=20260504T080045
[2026-05-04T08:00:45.125+0000] {local_task_job_runner.py:266} INFO - Task exited with return code 0
[2026-05-04T08:00:45.175+0000] {taskinstance.py:3901} INFO - 1 downstream tasks scheduled from follow-on schedule check
[2026-05-04T08:00:45.178+0000] {local_task_job_runner.py:245} INFO - ::endgroup::
