[2026-05-01T21:20:12.234+0000] {local_task_job_runner.py:123} INFO - ::group::Pre task execution logs
[2026-05-01T21:20:12.267+0000] {taskinstance.py:2614} INFO - Dependencies all met for dep_context=non-requeueable deps ti=<TaskInstance: orders_kafka_to_s3.load_orders_to_redshift manual__2026-05-01T21:19:31.978814+00:00 [queued]>
[2026-05-01T21:20:12.282+0000] {taskinstance.py:2614} INFO - Dependencies all met for dep_context=requeueable deps ti=<TaskInstance: orders_kafka_to_s3.load_orders_to_redshift manual__2026-05-01T21:19:31.978814+00:00 [queued]>
[2026-05-01T21:20:12.283+0000] {taskinstance.py:2867} INFO - Starting attempt 1 of 1
[2026-05-01T21:20:12.301+0000] {taskinstance.py:2890} INFO - Executing <Task(PythonOperator): load_orders_to_redshift> on 2026-05-01 21:19:31.978814+00:00
[2026-05-01T21:20:12.309+0000] {warnings.py:112} WARNING - /home/***/.local/lib/python3.12/site-packages/***/task/task_runner/standard_task_runner.py:70: DeprecationWarning: This process (pid=6595) is multi-threaded, use of fork() may lead to deadlocks in the child.
  pid = os.fork()

[2026-05-01T21:20:12.313+0000] {standard_task_runner.py:72} INFO - Started process 6596 to run task
[2026-05-01T21:20:12.313+0000] {standard_task_runner.py:104} INFO - Running: ['***', 'tasks', 'run', 'orders_kafka_to_s3', 'load_orders_to_redshift', 'manual__2026-05-01T21:19:31.978814+00:00', '--job-id', '59', '--raw', '--subdir', 'DAGS_FOLDER/main.py', '--cfg-path', '/tmp/tmpx8cwy07x']
[2026-05-01T21:20:12.315+0000] {standard_task_runner.py:105} INFO - Job 59: Subtask load_orders_to_redshift
[2026-05-01T21:20:12.460+0000] {task_command.py:467} INFO - Running <TaskInstance: orders_kafka_to_s3.load_orders_to_redshift manual__2026-05-01T21:19:31.978814+00:00 [running]> on host cc69f44e695c
[2026-05-01T21:20:12.635+0000] {taskinstance.py:3134} INFO - Exporting env vars: AIRFLOW_CTX_DAG_OWNER='kafka_streaming' AIRFLOW_CTX_DAG_ID='orders_kafka_to_s3' AIRFLOW_CTX_TASK_ID='load_orders_to_redshift' AIRFLOW_CTX_EXECUTION_DATE='2026-05-01T21:19:31.978814+00:00' AIRFLOW_CTX_TRY_NUMBER='1' AIRFLOW_CTX_DAG_RUN_ID='manual__2026-05-01T21:19:31.978814+00:00'
[2026-05-01T21:20:12.637+0000] {taskinstance.py:732} INFO - ::endgroup::
[2026-05-01T21:20:12.664+0000] {redshift_loader.py:23} INFO - Step 1: Connecting to Redshift...
[2026-05-01T21:20:14.890+0000] {redshift_loader.py:33} INFO - Connected to Redshift successfully
[2026-05-01T21:20:14.896+0000] {redshift_loader.py:49} INFO - Step 2: Creating table if not exists...
[2026-05-01T21:20:16.048+0000] {logging_mixin.py:190} INFO - ✔ Table ensured
[2026-05-01T21:20:16.049+0000] {redshift_loader.py:56} INFO - Table ensured successfully
[2026-05-01T21:20:16.050+0000] {redshift_loader.py:74} INFO - Step 3: Copying data from S3 to Redshift...
[2026-05-01T21:20:17.152+0000] {redshift_loader.py:84} ERROR - Pipeline failed: exception name : UnauthorizedException, error type : 138, message: The requested role arn:aws:iam::081653452945:role/RedshiftS3CopyRole is not associated to cluster, should retry : 0
DETAIL:  
  -----------------------------------------------
  error:  exception name : UnauthorizedException, error type : 138, message: The requested role arn:aws:iam::081653452945:role/RedshiftS3CopyRole is not associated to cluster, should retry : 0
  code:      30000
  context:   
  query:     612395[child_sequence:1]
  location:  xen_aws_credentials_mgr.cpp:920
  process:   padbmaster [pid=1073791074]
  -----------------------------------------------


[2026-05-01T21:20:17.486+0000] {logging_mixin.py:190} INFO - ❌ Pipeline failed: exception name : UnauthorizedException, error type : 138, message: The requested role arn:aws:iam::081653452945:role/RedshiftS3CopyRole is not associated to cluster, should retry : 0
DETAIL:  
  -----------------------------------------------
  error:  exception name : UnauthorizedException, error type : 138, message: The requested role arn:aws:iam::081653452945:role/RedshiftS3CopyRole is not associated to cluster, should retry : 0
  code:      30000
  context:   
  query:     612395[child_sequence:1]
  location:  xen_aws_credentials_mgr.cpp:920
  process:   padbmaster [pid=1073791074]
  -----------------------------------------------
[2026-05-01T21:20:17.487+0000] {redshift_loader.py:94} INFO - Redshift connection closed
[2026-05-01T21:20:17.488+0000] {taskinstance.py:3313} ERROR - Task failed with exception
Traceback (most recent call last):
  File "/home/airflow/.local/lib/python3.12/site-packages/airflow/models/taskinstance.py", line 763, in _execute_task
    result = _execute_callable(context=context, **execute_callable_kwargs)
             ^^^^^^^^^^^^^^^^^^^^^^^^^^^^^^^^^^^^^^^^^^^^^^^^^^^^^^^^^^^^^
  File "/home/airflow/.local/lib/python3.12/site-packages/airflow/models/taskinstance.py", line 734, in _execute_callable
    return ExecutionCallableRunner(
           ^^^^^^^^^^^^^^^^^^^^^^^^
  File "/home/airflow/.local/lib/python3.12/site-packages/airflow/utils/operator_helpers.py", line 252, in run
    return self.func(*args, **kwargs)
           ^^^^^^^^^^^^^^^^^^^^^^^^^^
  File "/home/airflow/.local/lib/python3.12/site-packages/airflow/models/baseoperator.py", line 424, in wrapper
    return func(self, *args, **kwargs)
           ^^^^^^^^^^^^^^^^^^^^^^^^^^^
  File "/home/airflow/.local/lib/python3.12/site-packages/airflow/operators/python.py", line 238, in execute
    return_value = self.execute_callable()
                   ^^^^^^^^^^^^^^^^^^^^^^^
  File "/home/airflow/.local/lib/python3.12/site-packages/airflow/operators/python.py", line 256, in execute_callable
    return runner.run(*self.op_args, **self.op_kwargs)
           ^^^^^^^^^^^^^^^^^^^^^^^^^^^^^^^^^^^^^^^^^^^
  File "/home/airflow/.local/lib/python3.12/site-packages/airflow/utils/operator_helpers.py", line 252, in run
    return self.func(*args, **kwargs)
           ^^^^^^^^^^^^^^^^^^^^^^^^^^
  File "/opt/airflow/services/redshift_loader.py", line 77, in load_orders_from_s3_to_redshift
    cur.execute(copy_sql)
psycopg2.errors.InternalError_: exception name : UnauthorizedException, error type : 138, message: The requested role arn:aws:iam::081653452945:role/RedshiftS3CopyRole is not associated to cluster, should retry : 0
DETAIL:  
  -----------------------------------------------
  error:  exception name : UnauthorizedException, error type : 138, message: The requested role arn:aws:iam::081653452945:role/RedshiftS3CopyRole is not associated to cluster, should retry : 0
  code:      30000
  context:   
  query:     612395[child_sequence:1]
  location:  xen_aws_credentials_mgr.cpp:920
  process:   padbmaster [pid=1073791074]
  -----------------------------------------------


[2026-05-01T21:20:17.504+0000] {taskinstance.py:1226} INFO - Marking task as FAILED. dag_id=orders_kafka_to_s3, task_id=load_orders_to_redshift, run_id=manual__2026-05-01T21:19:31.978814+00:00, execution_date=20260501T211931, start_date=20260501T212012, end_date=20260501T212017
[2026-05-01T21:20:17.544+0000] {taskinstance.py:341} INFO - ::group::Post task execution logs
[2026-05-01T21:20:17.545+0000] {standard_task_runner.py:124} ERROR - Failed to execute job 59 for task load_orders_to_redshift (exception name : UnauthorizedException, error type : 138, message: The requested role arn:aws:iam::081653452945:role/RedshiftS3CopyRole is not associated to cluster, should retry : 0
DETAIL:  
  -----------------------------------------------
  error:  exception name : UnauthorizedException, error type : 138, message: The requested role arn:aws:iam::081653452945:role/RedshiftS3CopyRole is not associated to cluster, should retry : 0
  code:      30000
  context:   
  query:     612395[child_sequence:1]
  location:  xen_aws_credentials_mgr.cpp:920
  process:   padbmaster [pid=1073791074]
  -----------------------------------------------

; 6596)
Traceback (most recent call last):
  File "/home/airflow/.local/lib/python3.12/site-packages/airflow/task/task_runner/standard_task_runner.py", line 117, in _start_by_fork
    ret = args.func(args, dag=self.dag)
          ^^^^^^^^^^^^^^^^^^^^^^^^^^^^^
  File "/home/airflow/.local/lib/python3.12/site-packages/airflow/cli/cli_config.py", line 49, in command
    return func(*args, **kwargs)
           ^^^^^^^^^^^^^^^^^^^^^
  File "/home/airflow/.local/lib/python3.12/site-packages/airflow/utils/cli.py", line 116, in wrapper
    return f(*args, **kwargs)
           ^^^^^^^^^^^^^^^^^^
  File "/home/airflow/.local/lib/python3.12/site-packages/airflow/cli/commands/task_command.py", line 483, in task_run
    task_return_code = _run_task_by_selected_method(args, _dag, ti)
                       ^^^^^^^^^^^^^^^^^^^^^^^^^^^^^^^^^^^^^^^^^^^^
  File "/home/airflow/.local/lib/python3.12/site-packages/airflow/cli/commands/task_command.py", line 256, in _run_task_by_selected_method
    return _run_raw_task(args, ti)
           ^^^^^^^^^^^^^^^^^^^^^^^
  File "/home/airflow/.local/lib/python3.12/site-packages/airflow/cli/commands/task_command.py", line 341, in _run_raw_task
    return ti._run_raw_task(
           ^^^^^^^^^^^^^^^^^
  File "/home/airflow/.local/lib/python3.12/site-packages/airflow/utils/session.py", line 97, in wrapper
    return func(*args, session=session, **kwargs)
           ^^^^^^^^^^^^^^^^^^^^^^^^^^^^^^^^^^^^^^
  File "/home/airflow/.local/lib/python3.12/site-packages/airflow/models/taskinstance.py", line 3006, in _run_raw_task
    return _run_raw_task(
           ^^^^^^^^^^^^^^
  File "/home/airflow/.local/lib/python3.12/site-packages/airflow/models/taskinstance.py", line 274, in _run_raw_task
    TaskInstance._execute_task_with_callbacks(
  File "/home/airflow/.local/lib/python3.12/site-packages/airflow/models/taskinstance.py", line 3161, in _execute_task_with_callbacks
    result = self._execute_task(context, task_orig)
             ^^^^^^^^^^^^^^^^^^^^^^^^^^^^^^^^^^^^^^
  File "/home/airflow/.local/lib/python3.12/site-packages/airflow/models/taskinstance.py", line 3185, in _execute_task
    return _execute_task(self, context, task_orig)
           ^^^^^^^^^^^^^^^^^^^^^^^^^^^^^^^^^^^^^^^
  File "/home/airflow/.local/lib/python3.12/site-packages/airflow/models/taskinstance.py", line 763, in _execute_task
    result = _execute_callable(context=context, **execute_callable_kwargs)
             ^^^^^^^^^^^^^^^^^^^^^^^^^^^^^^^^^^^^^^^^^^^^^^^^^^^^^^^^^^^^^
  File "/home/airflow/.local/lib/python3.12/site-packages/airflow/models/taskinstance.py", line 734, in _execute_callable
    return ExecutionCallableRunner(
           ^^^^^^^^^^^^^^^^^^^^^^^^
  File "/home/airflow/.local/lib/python3.12/site-packages/airflow/utils/operator_helpers.py", line 252, in run
    return self.func(*args, **kwargs)
           ^^^^^^^^^^^^^^^^^^^^^^^^^^
  File "/home/airflow/.local/lib/python3.12/site-packages/airflow/models/baseoperator.py", line 424, in wrapper
    return func(self, *args, **kwargs)
           ^^^^^^^^^^^^^^^^^^^^^^^^^^^
  File "/home/airflow/.local/lib/python3.12/site-packages/airflow/operators/python.py", line 238, in execute
    return_value = self.execute_callable()
                   ^^^^^^^^^^^^^^^^^^^^^^^
  File "/home/airflow/.local/lib/python3.12/site-packages/airflow/operators/python.py", line 256, in execute_callable
    return runner.run(*self.op_args, **self.op_kwargs)
           ^^^^^^^^^^^^^^^^^^^^^^^^^^^^^^^^^^^^^^^^^^^
  File "/home/airflow/.local/lib/python3.12/site-packages/airflow/utils/operator_helpers.py", line 252, in run
    return self.func(*args, **kwargs)
           ^^^^^^^^^^^^^^^^^^^^^^^^^^
  File "/opt/airflow/services/redshift_loader.py", line 77, in load_orders_from_s3_to_redshift
    cur.execute(copy_sql)
psycopg2.errors.InternalError_: exception name : UnauthorizedException, error type : 138, message: The requested role arn:aws:iam::081653452945:role/RedshiftS3CopyRole is not associated to cluster, should retry : 0
DETAIL:  
  -----------------------------------------------
  error:  exception name : UnauthorizedException, error type : 138, message: The requested role arn:aws:iam::081653452945:role/RedshiftS3CopyRole is not associated to cluster, should retry : 0
  code:      30000
  context:   
  query:     612395[child_sequence:1]
  location:  xen_aws_credentials_mgr.cpp:920
  process:   padbmaster [pid=1073791074]
  -----------------------------------------------


[2026-05-01T21:20:17.597+0000] {local_task_job_runner.py:266} INFO - Task exited with return code 1
[2026-05-01T21:20:17.614+0000] {taskinstance.py:3901} INFO - 0 downstream tasks scheduled from follow-on schedule check
[2026-05-01T21:20:17.617+0000] {local_task_job_runner.py:245} INFO - ::endgroup::
