[2026-04-30T08:44:24.075+0000] {local_task_job_runner.py:123} INFO - ::group::Pre task execution logs
[2026-04-30T08:44:24.111+0000] {taskinstance.py:2614} INFO - Dependencies all met for dep_context=non-requeueable deps ti=<TaskInstance: orders_kafka_to_s3.produce_orders manual__2026-04-30T08:44:22.551387+00:00 [queued]>
[2026-04-30T08:44:24.126+0000] {taskinstance.py:2614} INFO - Dependencies all met for dep_context=requeueable deps ti=<TaskInstance: orders_kafka_to_s3.produce_orders manual__2026-04-30T08:44:22.551387+00:00 [queued]>
[2026-04-30T08:44:24.128+0000] {taskinstance.py:2867} INFO - Starting attempt 1 of 1
[2026-04-30T08:44:24.157+0000] {taskinstance.py:2890} INFO - Executing <Task(PythonOperator): produce_orders> on 2026-04-30 08:44:22.551387+00:00
[2026-04-30T08:44:24.176+0000] {warnings.py:112} WARNING - /home/***/.local/lib/python3.12/site-packages/***/task/task_runner/standard_task_runner.py:70: DeprecationWarning: This process (pid=433) is multi-threaded, use of fork() may lead to deadlocks in the child.
  pid = os.fork()

[2026-04-30T08:44:24.181+0000] {standard_task_runner.py:72} INFO - Started process 434 to run task
[2026-04-30T08:44:24.182+0000] {standard_task_runner.py:104} INFO - Running: ['***', 'tasks', 'run', 'orders_kafka_to_s3', 'produce_orders', 'manual__2026-04-30T08:44:22.551387+00:00', '--job-id', '9', '--raw', '--subdir', 'DAGS_FOLDER/main.py', '--cfg-path', '/tmp/tmp8hw9d26s']
[2026-04-30T08:44:24.186+0000] {standard_task_runner.py:105} INFO - Job 9: Subtask produce_orders
[2026-04-30T08:44:24.378+0000] {task_command.py:467} INFO - Running <TaskInstance: orders_kafka_to_s3.produce_orders manual__2026-04-30T08:44:22.551387+00:00 [running]> on host 2060b8b3abe6
[2026-04-30T08:44:24.586+0000] {taskinstance.py:3134} INFO - Exporting env vars: AIRFLOW_CTX_DAG_OWNER='kafka_streaming' AIRFLOW_CTX_DAG_ID='orders_kafka_to_s3' AIRFLOW_CTX_TASK_ID='produce_orders' AIRFLOW_CTX_EXECUTION_DATE='2026-04-30T08:44:22.551387+00:00' AIRFLOW_CTX_TRY_NUMBER='1' AIRFLOW_CTX_DAG_RUN_ID='manual__2026-04-30T08:44:22.551387+00:00'
[2026-04-30T08:44:24.588+0000] {taskinstance.py:732} INFO - ::endgroup::
[2026-04-30T08:44:24.623+0000] {producer.py:98} INFO - Producer starting at offset 16 — will send 8 rows
[2026-04-30T08:44:24.653+0000] {producer.py:83} INFO - Delivered to orders_topic [0]
[2026-04-30T08:44:24.654+0000] {producer.py:83} INFO - Delivered to orders_topic [0]
[2026-04-30T08:44:24.655+0000] {producer.py:83} INFO - Delivered to orders_topic [0]
[2026-04-30T08:44:24.656+0000] {producer.py:83} INFO - Delivered to orders_topic [0]
[2026-04-30T08:44:24.656+0000] {producer.py:83} INFO - Delivered to orders_topic [0]
[2026-04-30T08:44:24.657+0000] {producer.py:83} INFO - Delivered to orders_topic [0]
[2026-04-30T08:44:24.658+0000] {producer.py:83} INFO - Delivered to orders_topic [0]
[2026-04-30T08:44:24.659+0000] {producer.py:83} INFO - Delivered to orders_topic [0]
[2026-04-30T08:44:24.674+0000] {crypto.py:82} WARNING - empty cryptography key - values will not be stored encrypted.
[2026-04-30T08:44:24.683+0000] {producer.py:145} INFO - Producer done. Rows sent: 8  |  Next offset: 24
[2026-04-30T08:44:24.687+0000] {python.py:240} INFO - Done. Returned value was: {'rows_sent': 8, 'next_offset': 24}
[2026-04-30T08:44:24.753+0000] {taskinstance.py:341} INFO - ::group::Post task execution logs
[2026-04-30T08:44:24.754+0000] {taskinstance.py:353} INFO - Marking task as SUCCESS. dag_id=orders_kafka_to_s3, task_id=produce_orders, run_id=manual__2026-04-30T08:44:22.551387+00:00, execution_date=20260430T084422, start_date=20260430T084424, end_date=20260430T084424
[2026-04-30T08:44:24.853+0000] {local_task_job_runner.py:266} INFO - Task exited with return code 0
[2026-04-30T08:44:24.901+0000] {taskinstance.py:3901} INFO - 1 downstream tasks scheduled from follow-on schedule check
[2026-04-30T08:44:24.905+0000] {local_task_job_runner.py:245} INFO - ::endgroup::
