[2026-05-06T11:56:54.784+0000] {local_task_job_runner.py:123} INFO - ::group::Pre task execution logs
[2026-05-06T11:56:54.818+0000] {taskinstance.py:2614} INFO - Dependencies all met for dep_context=non-requeueable deps ti=<TaskInstance: kafka_to_s3.produce_data manual__2026-05-06T11:56:52.268434+00:00 [queued]>
[2026-05-06T11:56:54.840+0000] {taskinstance.py:2614} INFO - Dependencies all met for dep_context=requeueable deps ti=<TaskInstance: kafka_to_s3.produce_data manual__2026-05-06T11:56:52.268434+00:00 [queued]>
[2026-05-06T11:56:54.841+0000] {taskinstance.py:2867} INFO - Starting attempt 1 of 1
[2026-05-06T11:56:54.874+0000] {taskinstance.py:2890} INFO - Executing <Task(PythonOperator): produce_data> on 2026-05-06 11:56:52.268434+00:00
[2026-05-06T11:56:54.887+0000] {warnings.py:112} WARNING - /home/***/.local/lib/python3.12/site-packages/***/task/task_runner/standard_task_runner.py:70: DeprecationWarning: This process (pid=214) is multi-threaded, use of fork() may lead to deadlocks in the child.
  pid = os.fork()

[2026-05-06T11:56:54.891+0000] {standard_task_runner.py:72} INFO - Started process 215 to run task
[2026-05-06T11:56:54.893+0000] {standard_task_runner.py:104} INFO - Running: ['***', 'tasks', 'run', 'kafka_to_s3', 'produce_data', 'manual__2026-05-06T11:56:52.268434+00:00', '--job-id', '132', '--raw', '--subdir', 'DAGS_FOLDER/main.py', '--cfg-path', '/tmp/tmp17k10s1_']
[2026-05-06T11:56:54.897+0000] {standard_task_runner.py:105} INFO - Job 132: Subtask produce_data
[2026-05-06T11:56:55.047+0000] {task_command.py:467} INFO - Running <TaskInstance: kafka_to_s3.produce_data manual__2026-05-06T11:56:52.268434+00:00 [running]> on host aed342af3888
[2026-05-06T11:56:55.264+0000] {taskinstance.py:3134} INFO - Exporting env vars: AIRFLOW_CTX_DAG_OWNER='kafka_streaming' AIRFLOW_CTX_DAG_ID='kafka_to_s3' AIRFLOW_CTX_TASK_ID='produce_data' AIRFLOW_CTX_EXECUTION_DATE='2026-05-06T11:56:52.268434+00:00' AIRFLOW_CTX_TRY_NUMBER='1' AIRFLOW_CTX_DAG_RUN_ID='manual__2026-05-06T11:56:52.268434+00:00'
[2026-05-06T11:56:55.267+0000] {taskinstance.py:732} INFO - ::endgroup::
[2026-05-06T11:56:55.353+0000] {producer.py:98} INFO - Producer starting at offset 328 — will send 8 rows
[2026-05-06T11:56:56.384+0000] {producer.py:83} INFO - Delivered to stream_store_topic [0]
[2026-05-06T11:56:56.387+0000] {producer.py:83} INFO - Delivered to stream_store_topic [0]
[2026-05-06T11:56:56.389+0000] {producer.py:83} INFO - Delivered to stream_store_topic [0]
[2026-05-06T11:56:56.391+0000] {producer.py:83} INFO - Delivered to stream_store_topic [0]
[2026-05-06T11:56:56.394+0000] {producer.py:83} INFO - Delivered to stream_store_topic [0]
[2026-05-06T11:56:56.396+0000] {producer.py:83} INFO - Delivered to stream_store_topic [0]
[2026-05-06T11:56:56.398+0000] {producer.py:83} INFO - Delivered to stream_store_topic [0]
[2026-05-06T11:56:56.402+0000] {producer.py:83} INFO - Delivered to stream_store_topic [0]
[2026-05-06T11:56:56.436+0000] {crypto.py:82} WARNING - empty cryptography key - values will not be stored encrypted.
[2026-05-06T11:56:56.458+0000] {producer.py:145} INFO - Producer done. Rows sent: 8  |  Next offset: 336
[2026-05-06T11:56:56.462+0000] {python.py:240} INFO - Done. Returned value was: {'rows_sent': 8, 'next_offset': 336}
[2026-05-06T11:56:56.566+0000] {taskinstance.py:341} INFO - ::group::Post task execution logs
[2026-05-06T11:56:56.568+0000] {taskinstance.py:353} INFO - Marking task as SUCCESS. dag_id=kafka_to_s3, task_id=produce_data, run_id=manual__2026-05-06T11:56:52.268434+00:00, execution_date=20260506T115652, start_date=20260506T115654, end_date=20260506T115656
[2026-05-06T11:56:56.727+0000] {local_task_job_runner.py:266} INFO - Task exited with return code 0
[2026-05-06T11:56:56.897+0000] {taskinstance.py:3901} INFO - 1 downstream tasks scheduled from follow-on schedule check
[2026-05-06T11:56:56.904+0000] {local_task_job_runner.py:245} INFO - ::endgroup::
