[2026-05-07T22:12:41.857+0000] {local_task_job_runner.py:123} INFO - ::group::Pre task execution logs
[2026-05-07T22:12:41.886+0000] {taskinstance.py:2614} INFO - Dependencies all met for dep_context=non-requeueable deps ti=<TaskInstance: kafka_to_s3.dbt_staging manual__2026-05-07T22:11:17.213233+00:00 [queued]>
[2026-05-07T22:12:41.903+0000] {taskinstance.py:2614} INFO - Dependencies all met for dep_context=requeueable deps ti=<TaskInstance: kafka_to_s3.dbt_staging manual__2026-05-07T22:11:17.213233+00:00 [queued]>
[2026-05-07T22:12:41.905+0000] {taskinstance.py:2867} INFO - Starting attempt 1 of 1
[2026-05-07T22:12:41.933+0000] {taskinstance.py:2890} INFO - Executing <Task(BashOperator): dbt_staging> on 2026-05-07 22:11:17.213233+00:00
[2026-05-07T22:12:41.948+0000] {warnings.py:112} WARNING - /home/***/.local/lib/python3.12/site-packages/***/task/task_runner/standard_task_runner.py:70: DeprecationWarning: This process (pid=2589) is multi-threaded, use of fork() may lead to deadlocks in the child.
  pid = os.fork()

[2026-05-07T22:12:41.952+0000] {standard_task_runner.py:72} INFO - Started process 2590 to run task
[2026-05-07T22:12:41.956+0000] {standard_task_runner.py:104} INFO - Running: ['***', 'tasks', 'run', 'kafka_to_s3', 'dbt_staging', 'manual__2026-05-07T22:11:17.213233+00:00', '--job-id', '164', '--raw', '--subdir', 'DAGS_FOLDER/main.py', '--cfg-path', '/tmp/tmpf7eh16v7']
[2026-05-07T22:12:41.959+0000] {standard_task_runner.py:105} INFO - Job 164: Subtask dbt_staging
[2026-05-07T22:12:42.029+0000] {task_command.py:467} INFO - Running <TaskInstance: kafka_to_s3.dbt_staging manual__2026-05-07T22:11:17.213233+00:00 [running]> on host d50ffedd74f8
[2026-05-07T22:12:42.137+0000] {taskinstance.py:3134} INFO - Exporting env vars: AIRFLOW_CTX_DAG_OWNER='kafka_streaming' AIRFLOW_CTX_DAG_ID='kafka_to_s3' AIRFLOW_CTX_TASK_ID='dbt_staging' AIRFLOW_CTX_EXECUTION_DATE='2026-05-07T22:11:17.213233+00:00' AIRFLOW_CTX_TRY_NUMBER='1' AIRFLOW_CTX_DAG_RUN_ID='manual__2026-05-07T22:11:17.213233+00:00'
[2026-05-07T22:12:42.139+0000] {taskinstance.py:732} INFO - ::endgroup::
[2026-05-07T22:12:42.163+0000] {subprocess.py:78} INFO - Tmp dir root location: /tmp
[2026-05-07T22:12:42.169+0000] {subprocess.py:88} INFO - Running command: ['/usr/bin/bash', '-c', '\n        dbt run --select bronze --project-dir /opt/***/dbt --profiles-dir /opt/***/dbt\n        ']
[2026-05-07T22:12:42.196+0000] {subprocess.py:99} INFO - Output:
[2026-05-07T22:12:45.816+0000] {subprocess.py:106} INFO - [0m22:12:45  Running with dbt=1.8.9
[2026-05-07T22:12:46.426+0000] {subprocess.py:106} INFO - [0m22:12:46  Registered adapter: redshift=1.8.1
[2026-05-07T22:12:46.991+0000] {subprocess.py:106} INFO - [0m22:12:46  Encountered an error:
[2026-05-07T22:12:46.991+0000] {subprocess.py:106} INFO - [Errno 13] Permission denied: '/opt/***/dbt/target/manifest.json'
[2026-05-07T22:12:46.997+0000] {subprocess.py:106} INFO - [0m22:12:46  Traceback (most recent call last):
[2026-05-07T22:12:46.997+0000] {subprocess.py:106} INFO -   File "/home/***/.local/lib/python3.12/site-packages/dbt/cli/requires.py", line 138, in wrapper
[2026-05-07T22:12:46.998+0000] {subprocess.py:106} INFO -     result, success = func(*args, **kwargs)
[2026-05-07T22:12:46.999+0000] {subprocess.py:106} INFO -                       ^^^^^^^^^^^^^^^^^^^^^
[2026-05-07T22:12:46.999+0000] {subprocess.py:106} INFO -   File "/home/***/.local/lib/python3.12/site-packages/dbt/cli/requires.py", line 101, in wrapper
[2026-05-07T22:12:47.000+0000] {subprocess.py:106} INFO -     return func(*args, **kwargs)
[2026-05-07T22:12:47.001+0000] {subprocess.py:106} INFO -            ^^^^^^^^^^^^^^^^^^^^^
[2026-05-07T22:12:47.001+0000] {subprocess.py:106} INFO -   File "/home/***/.local/lib/python3.12/site-packages/dbt/cli/requires.py", line 218, in wrapper
[2026-05-07T22:12:47.002+0000] {subprocess.py:106} INFO -     return func(*args, **kwargs)
[2026-05-07T22:12:47.002+0000] {subprocess.py:106} INFO -            ^^^^^^^^^^^^^^^^^^^^^
[2026-05-07T22:12:47.003+0000] {subprocess.py:106} INFO -   File "/home/***/.local/lib/python3.12/site-packages/dbt/cli/requires.py", line 247, in wrapper
[2026-05-07T22:12:47.004+0000] {subprocess.py:106} INFO -     return func(*args, **kwargs)
[2026-05-07T22:12:47.004+0000] {subprocess.py:106} INFO -            ^^^^^^^^^^^^^^^^^^^^^
[2026-05-07T22:12:47.005+0000] {subprocess.py:106} INFO -   File "/home/***/.local/lib/python3.12/site-packages/dbt/cli/requires.py", line 294, in wrapper
[2026-05-07T22:12:47.006+0000] {subprocess.py:106} INFO -     return func(*args, **kwargs)
[2026-05-07T22:12:47.006+0000] {subprocess.py:106} INFO -            ^^^^^^^^^^^^^^^^^^^^^
[2026-05-07T22:12:47.007+0000] {subprocess.py:106} INFO -   File "/home/***/.local/lib/python3.12/site-packages/dbt/cli/requires.py", line 320, in wrapper
[2026-05-07T22:12:47.008+0000] {subprocess.py:106} INFO -     ctx.obj["manifest"] = parse_manifest(
[2026-05-07T22:12:47.008+0000] {subprocess.py:106} INFO -                           ^^^^^^^^^^^^^^^
[2026-05-07T22:12:47.009+0000] {subprocess.py:106} INFO -   File "/home/***/.local/lib/python3.12/site-packages/dbt/parser/manifest.py", line 1905, in parse_manifest
[2026-05-07T22:12:47.010+0000] {subprocess.py:106} INFO -     write_manifest(manifest, runtime_config.project_target_path)
[2026-05-07T22:12:47.010+0000] {subprocess.py:106} INFO -   File "/home/***/.local/lib/python3.12/site-packages/dbt/parser/manifest.py", line 1884, in write_manifest
[2026-05-07T22:12:47.011+0000] {subprocess.py:106} INFO -     manifest.write(path)
[2026-05-07T22:12:47.012+0000] {subprocess.py:106} INFO -   File "/home/***/.local/lib/python3.12/site-packages/dbt/contracts/graph/manifest.py", line 1162, in write
[2026-05-07T22:12:47.012+0000] {subprocess.py:106} INFO -     self.writable_manifest().write(path)
[2026-05-07T22:12:47.013+0000] {subprocess.py:106} INFO -   File "/home/***/.local/lib/python3.12/site-packages/dbt/artifacts/schemas/base.py", line 37, in write
[2026-05-07T22:12:47.014+0000] {subprocess.py:106} INFO -     write_json(path, self.to_dict(omit_none=False, context={"artifact": True}))  # type: ignore
[2026-05-07T22:12:47.015+0000] {subprocess.py:106} INFO -     ^^^^^^^^^^^^^^^^^^^^^^^^^^^^^^^^^^^^^^^^^^^^^^^^^^^^^^^^^^^^^^^^^^^^^^^^^^^
[2026-05-07T22:12:47.015+0000] {subprocess.py:106} INFO -   File "/home/***/.local/lib/python3.12/site-packages/dbt_common/clients/system.py", line 305, in write_json
[2026-05-07T22:12:47.016+0000] {subprocess.py:106} INFO -     with open(path, "w", encoding="utf-8") as f:
[2026-05-07T22:12:47.017+0000] {subprocess.py:106} INFO -          ^^^^^^^^^^^^^^^^^^^^^^^^^^^^^^^^^
[2026-05-07T22:12:47.017+0000] {subprocess.py:106} INFO - PermissionError: [Errno 13] Permission denied: '/opt/***/dbt/target/manifest.json'
[2026-05-07T22:12:47.018+0000] {subprocess.py:106} INFO - 
[2026-05-07T22:12:48.858+0000] {subprocess.py:110} INFO - Command exited with return code 2
[2026-05-07T22:12:48.880+0000] {taskinstance.py:3313} ERROR - Task failed with exception
Traceback (most recent call last):
  File "/home/airflow/.local/lib/python3.12/site-packages/airflow/models/taskinstance.py", line 768, in _execute_task
    result = _execute_callable(context=context, **execute_callable_kwargs)
             ^^^^^^^^^^^^^^^^^^^^^^^^^^^^^^^^^^^^^^^^^^^^^^^^^^^^^^^^^^^^^
  File "/home/airflow/.local/lib/python3.12/site-packages/airflow/models/taskinstance.py", line 734, in _execute_callable
    return ExecutionCallableRunner(
           ^^^^^^^^^^^^^^^^^^^^^^^^
  File "/home/airflow/.local/lib/python3.12/site-packages/airflow/utils/operator_helpers.py", line 252, in run
    return self.func(*args, **kwargs)
           ^^^^^^^^^^^^^^^^^^^^^^^^^^
  File "/home/airflow/.local/lib/python3.12/site-packages/airflow/models/baseoperator.py", line 424, in wrapper
    return func(self, *args, **kwargs)
           ^^^^^^^^^^^^^^^^^^^^^^^^^^^
  File "/home/airflow/.local/lib/python3.12/site-packages/airflow/operators/bash.py", line 276, in execute
    raise AirflowException(
airflow.exceptions.AirflowException: Bash command failed. The command returned a non-zero exit code 2.
[2026-05-07T22:12:48.896+0000] {taskinstance.py:1226} INFO - Marking task as FAILED. dag_id=kafka_to_s3, task_id=dbt_staging, run_id=manual__2026-05-07T22:11:17.213233+00:00, execution_date=20260507T221117, start_date=20260507T221241, end_date=20260507T221248
[2026-05-07T22:12:48.938+0000] {taskinstance.py:341} INFO - ::group::Post task execution logs
[2026-05-07T22:12:48.939+0000] {standard_task_runner.py:124} ERROR - Failed to execute job 164 for task dbt_staging (Bash command failed. The command returned a non-zero exit code 2.; 2590)
Traceback (most recent call last):
  File "/home/airflow/.local/lib/python3.12/site-packages/airflow/task/task_runner/standard_task_runner.py", line 117, in _start_by_fork
    ret = args.func(args, dag=self.dag)
          ^^^^^^^^^^^^^^^^^^^^^^^^^^^^^
  File "/home/airflow/.local/lib/python3.12/site-packages/airflow/cli/cli_config.py", line 49, in command
    return func(*args, **kwargs)
           ^^^^^^^^^^^^^^^^^^^^^
  File "/home/airflow/.local/lib/python3.12/site-packages/airflow/utils/cli.py", line 116, in wrapper
    return f(*args, **kwargs)
           ^^^^^^^^^^^^^^^^^^
  File "/home/airflow/.local/lib/python3.12/site-packages/airflow/cli/commands/task_command.py", line 483, in task_run
    task_return_code = _run_task_by_selected_method(args, _dag, ti)
                       ^^^^^^^^^^^^^^^^^^^^^^^^^^^^^^^^^^^^^^^^^^^^
  File "/home/airflow/.local/lib/python3.12/site-packages/airflow/cli/commands/task_command.py", line 256, in _run_task_by_selected_method
    return _run_raw_task(args, ti)
           ^^^^^^^^^^^^^^^^^^^^^^^
  File "/home/airflow/.local/lib/python3.12/site-packages/airflow/cli/commands/task_command.py", line 341, in _run_raw_task
    return ti._run_raw_task(
           ^^^^^^^^^^^^^^^^^
  File "/home/airflow/.local/lib/python3.12/site-packages/airflow/utils/session.py", line 97, in wrapper
    return func(*args, session=session, **kwargs)
           ^^^^^^^^^^^^^^^^^^^^^^^^^^^^^^^^^^^^^^
  File "/home/airflow/.local/lib/python3.12/site-packages/airflow/models/taskinstance.py", line 3006, in _run_raw_task
    return _run_raw_task(
           ^^^^^^^^^^^^^^
  File "/home/airflow/.local/lib/python3.12/site-packages/airflow/models/taskinstance.py", line 274, in _run_raw_task
    TaskInstance._execute_task_with_callbacks(
  File "/home/airflow/.local/lib/python3.12/site-packages/airflow/models/taskinstance.py", line 3161, in _execute_task_with_callbacks
    result = self._execute_task(context, task_orig)
             ^^^^^^^^^^^^^^^^^^^^^^^^^^^^^^^^^^^^^^
  File "/home/airflow/.local/lib/python3.12/site-packages/airflow/models/taskinstance.py", line 3185, in _execute_task
    return _execute_task(self, context, task_orig)
           ^^^^^^^^^^^^^^^^^^^^^^^^^^^^^^^^^^^^^^^
  File "/home/airflow/.local/lib/python3.12/site-packages/airflow/models/taskinstance.py", line 768, in _execute_task
    result = _execute_callable(context=context, **execute_callable_kwargs)
             ^^^^^^^^^^^^^^^^^^^^^^^^^^^^^^^^^^^^^^^^^^^^^^^^^^^^^^^^^^^^^
  File "/home/airflow/.local/lib/python3.12/site-packages/airflow/models/taskinstance.py", line 734, in _execute_callable
    return ExecutionCallableRunner(
           ^^^^^^^^^^^^^^^^^^^^^^^^
  File "/home/airflow/.local/lib/python3.12/site-packages/airflow/utils/operator_helpers.py", line 252, in run
    return self.func(*args, **kwargs)
           ^^^^^^^^^^^^^^^^^^^^^^^^^^
  File "/home/airflow/.local/lib/python3.12/site-packages/airflow/models/baseoperator.py", line 424, in wrapper
    return func(self, *args, **kwargs)
           ^^^^^^^^^^^^^^^^^^^^^^^^^^^
  File "/home/airflow/.local/lib/python3.12/site-packages/airflow/operators/bash.py", line 276, in execute
    raise AirflowException(
airflow.exceptions.AirflowException: Bash command failed. The command returned a non-zero exit code 2.
[2026-05-07T22:12:48.971+0000] {local_task_job_runner.py:266} INFO - Task exited with return code 1
[2026-05-07T22:12:49.025+0000] {taskinstance.py:3901} INFO - 0 downstream tasks scheduled from follow-on schedule check
[2026-05-07T22:12:49.036+0000] {local_task_job_runner.py:245} INFO - ::endgroup::
