[2026-05-07T16:50:52.806+0000] {local_task_job_runner.py:123} INFO - ::group::Pre task execution logs
[2026-05-07T16:50:52.830+0000] {taskinstance.py:2614} INFO - Dependencies all met for dep_context=non-requeueable deps ti=<TaskInstance: kafka_to_s3.produce_data manual__2026-05-07T16:50:51.263067+00:00 [queued]>
[2026-05-07T16:50:52.844+0000] {taskinstance.py:2614} INFO - Dependencies all met for dep_context=requeueable deps ti=<TaskInstance: kafka_to_s3.produce_data manual__2026-05-07T16:50:51.263067+00:00 [queued]>
[2026-05-07T16:50:52.846+0000] {taskinstance.py:2867} INFO - Starting attempt 1 of 1
[2026-05-07T16:50:52.872+0000] {taskinstance.py:2890} INFO - Executing <Task(PythonOperator): produce_data> on 2026-05-07 16:50:51.263067+00:00
[2026-05-07T16:50:52.882+0000] {warnings.py:112} WARNING - /home/***/.local/lib/python3.12/site-packages/***/task/task_runner/standard_task_runner.py:70: DeprecationWarning: This process (pid=102) is multi-threaded, use of fork() may lead to deadlocks in the child.
  pid = os.fork()

[2026-05-07T16:50:52.887+0000] {standard_task_runner.py:72} INFO - Started process 103 to run task
[2026-05-07T16:50:52.885+0000] {standard_task_runner.py:104} INFO - Running: ['***', 'tasks', 'run', 'kafka_to_s3', 'produce_data', 'manual__2026-05-07T16:50:51.263067+00:00', '--job-id', '144', '--raw', '--subdir', 'DAGS_FOLDER/main.py', '--cfg-path', '/tmp/tmprn56dqfu']
[2026-05-07T16:50:52.888+0000] {standard_task_runner.py:105} INFO - Job 144: Subtask produce_data
[2026-05-07T16:50:53.020+0000] {task_command.py:467} INFO - Running <TaskInstance: kafka_to_s3.produce_data manual__2026-05-07T16:50:51.263067+00:00 [running]> on host af5111aca223
[2026-05-07T16:50:53.239+0000] {taskinstance.py:3134} INFO - Exporting env vars: AIRFLOW_CTX_DAG_OWNER='kafka_streaming' AIRFLOW_CTX_DAG_ID='kafka_to_s3' AIRFLOW_CTX_TASK_ID='produce_data' AIRFLOW_CTX_EXECUTION_DATE='2026-05-07T16:50:51.263067+00:00' AIRFLOW_CTX_TRY_NUMBER='1' AIRFLOW_CTX_DAG_RUN_ID='manual__2026-05-07T16:50:51.263067+00:00'
[2026-05-07T16:50:53.241+0000] {taskinstance.py:732} INFO - ::endgroup::
[2026-05-07T16:50:53.278+0000] {producer.py:98} INFO - Producer starting at offset 352 — will send 8 rows
[2026-05-07T16:50:54.297+0000] {producer.py:83} INFO - Delivered to stream_store_topic [0]
[2026-05-07T16:50:54.299+0000] {producer.py:83} INFO - Delivered to stream_store_topic [0]
[2026-05-07T16:50:54.300+0000] {producer.py:83} INFO - Delivered to stream_store_topic [0]
[2026-05-07T16:50:54.300+0000] {producer.py:83} INFO - Delivered to stream_store_topic [0]
[2026-05-07T16:50:54.301+0000] {producer.py:83} INFO - Delivered to stream_store_topic [0]
[2026-05-07T16:50:54.302+0000] {producer.py:83} INFO - Delivered to stream_store_topic [0]
[2026-05-07T16:50:54.303+0000] {producer.py:83} INFO - Delivered to stream_store_topic [0]
[2026-05-07T16:50:54.304+0000] {producer.py:83} INFO - Delivered to stream_store_topic [0]
[2026-05-07T16:50:54.319+0000] {crypto.py:82} WARNING - empty cryptography key - values will not be stored encrypted.
[2026-05-07T16:50:54.327+0000] {producer.py:145} INFO - Producer done. Rows sent: 8  |  Next offset: 360
[2026-05-07T16:50:54.329+0000] {python.py:240} INFO - Done. Returned value was: {'rows_sent': 8, 'next_offset': 360}
[2026-05-07T16:50:54.372+0000] {taskinstance.py:341} INFO - ::group::Post task execution logs
[2026-05-07T16:50:54.373+0000] {taskinstance.py:353} INFO - Marking task as SUCCESS. dag_id=kafka_to_s3, task_id=produce_data, run_id=manual__2026-05-07T16:50:51.263067+00:00, execution_date=20260507T165051, start_date=20260507T165052, end_date=20260507T165054
[2026-05-07T16:50:54.437+0000] {local_task_job_runner.py:266} INFO - Task exited with return code 0
[2026-05-07T16:50:54.492+0000] {taskinstance.py:3901} INFO - 1 downstream tasks scheduled from follow-on schedule check
[2026-05-07T16:50:54.495+0000] {local_task_job_runner.py:245} INFO - ::endgroup::
