[2026-05-04T06:56:43.728+0000] {local_task_job_runner.py:123} INFO - ::group::Pre task execution logs
[2026-05-04T06:56:43.752+0000] {taskinstance.py:2614} INFO - Dependencies all met for dep_context=non-requeueable deps ti=<TaskInstance: orders_kafka_to_s3.load_orders_to_redshift scheduled__2026-05-03T00:00:00+00:00 [queued]>
[2026-05-04T06:56:43.766+0000] {taskinstance.py:2614} INFO - Dependencies all met for dep_context=requeueable deps ti=<TaskInstance: orders_kafka_to_s3.load_orders_to_redshift scheduled__2026-05-03T00:00:00+00:00 [queued]>
[2026-05-04T06:56:43.767+0000] {taskinstance.py:2867} INFO - Starting attempt 1 of 1
[2026-05-04T06:56:43.786+0000] {taskinstance.py:2890} INFO - Executing <Task(PythonOperator): load_orders_to_redshift> on 2026-05-03 00:00:00+00:00
[2026-05-04T06:56:43.795+0000] {warnings.py:112} WARNING - /home/***/.local/lib/python3.12/site-packages/***/task/task_runner/standard_task_runner.py:70: DeprecationWarning: This process (pid=1267) is multi-threaded, use of fork() may lead to deadlocks in the child.
  pid = os.fork()

[2026-05-04T06:56:43.798+0000] {standard_task_runner.py:72} INFO - Started process 1268 to run task
[2026-05-04T06:56:43.798+0000] {standard_task_runner.py:104} INFO - Running: ['***', 'tasks', 'run', 'orders_kafka_to_s3', 'load_orders_to_redshift', 'scheduled__2026-05-03T00:00:00+00:00', '--job-id', '85', '--raw', '--subdir', 'DAGS_FOLDER/main.py', '--cfg-path', '/tmp/tmph244eao_']
[2026-05-04T06:56:43.800+0000] {standard_task_runner.py:105} INFO - Job 85: Subtask load_orders_to_redshift
[2026-05-04T06:56:43.888+0000] {task_command.py:467} INFO - Running <TaskInstance: orders_kafka_to_s3.load_orders_to_redshift scheduled__2026-05-03T00:00:00+00:00 [running]> on host 3e44dd26e004
[2026-05-04T06:56:44.050+0000] {taskinstance.py:3134} INFO - Exporting env vars: AIRFLOW_CTX_DAG_OWNER='kafka_streaming' AIRFLOW_CTX_DAG_ID='orders_kafka_to_s3' AIRFLOW_CTX_TASK_ID='load_orders_to_redshift' AIRFLOW_CTX_EXECUTION_DATE='2026-05-03T00:00:00+00:00' AIRFLOW_CTX_TRY_NUMBER='1' AIRFLOW_CTX_DAG_RUN_ID='scheduled__2026-05-03T00:00:00+00:00'
[2026-05-04T06:56:44.051+0000] {taskinstance.py:732} INFO - ::endgroup::
[2026-05-04T06:56:44.072+0000] {redshift_loader.py:25} INFO - Step 1: Connecting to Redshift...
[2026-05-04T06:56:44.088+0000] {base.py:84} INFO - Retrieving connection 'redshift_conn'
[2026-05-04T06:57:11.030+0000] {redshift_loader.py:46} INFO - Connected to Redshift successfully
[2026-05-04T06:57:11.033+0000] {redshift_loader.py:62} INFO - Step 2: Creating table if not exists...
[2026-05-04T06:57:12.071+0000] {logging_mixin.py:190} INFO - ✔ Table ensured
[2026-05-04T06:57:12.072+0000] {redshift_loader.py:69} INFO - Table ensured successfully
[2026-05-04T06:57:12.105+0000] {redshift_loader.py:90} INFO - Step 3: Copying data from S3 to Redshift...
[2026-05-04T06:57:14.269+0000] {logging_mixin.py:190} INFO - ✔ COPY completed successfully from S3 to Redshift
[2026-05-04T06:57:14.270+0000] {redshift_loader.py:97} INFO - COPY completed successfully
[2026-05-04T06:57:14.273+0000] {redshift_loader.py:110} INFO - Redshift connection closed
[2026-05-04T06:57:14.274+0000] {python.py:240} INFO - Done. Returned value was: None
[2026-05-04T06:57:14.290+0000] {taskinstance.py:341} INFO - ::group::Post task execution logs
[2026-05-04T06:57:14.291+0000] {taskinstance.py:353} INFO - Marking task as SUCCESS. dag_id=orders_kafka_to_s3, task_id=load_orders_to_redshift, run_id=scheduled__2026-05-03T00:00:00+00:00, execution_date=20260503T000000, start_date=20260504T065643, end_date=20260504T065714
[2026-05-04T06:57:14.387+0000] {local_task_job_runner.py:266} INFO - Task exited with return code 0
[2026-05-04T06:57:14.419+0000] {taskinstance.py:3901} INFO - 0 downstream tasks scheduled from follow-on schedule check
[2026-05-04T06:57:14.423+0000] {local_task_job_runner.py:245} INFO - ::endgroup::
