[2026-05-06T12:01:48.831+0000] {local_task_job_runner.py:123} INFO - ::group::Pre task execution logs
[2026-05-06T12:01:48.936+0000] {taskinstance.py:2614} INFO - Dependencies all met for dep_context=non-requeueable deps ti=<TaskInstance: kafka_to_s3.consume_data manual__2026-05-06T12:01:40.561745+00:00 [queued]>
[2026-05-06T12:01:48.990+0000] {taskinstance.py:2614} INFO - Dependencies all met for dep_context=requeueable deps ti=<TaskInstance: kafka_to_s3.consume_data manual__2026-05-06T12:01:40.561745+00:00 [queued]>
[2026-05-06T12:01:48.994+0000] {taskinstance.py:2867} INFO - Starting attempt 1 of 1
[2026-05-06T12:01:49.052+0000] {taskinstance.py:2890} INFO - Executing <Task(PythonOperator): consume_data> on 2026-05-06 12:01:40.561745+00:00
[2026-05-06T12:01:49.079+0000] {warnings.py:112} WARNING - /home/***/.local/lib/python3.12/site-packages/***/task/task_runner/standard_task_runner.py:70: DeprecationWarning: This process (pid=288) is multi-threaded, use of fork() may lead to deadlocks in the child.
  pid = os.fork()

[2026-05-06T12:01:49.088+0000] {standard_task_runner.py:72} INFO - Started process 289 to run task
[2026-05-06T12:01:49.092+0000] {standard_task_runner.py:104} INFO - Running: ['***', 'tasks', 'run', 'kafka_to_s3', 'consume_data', 'manual__2026-05-06T12:01:40.561745+00:00', '--job-id', '137', '--raw', '--subdir', 'DAGS_FOLDER/main.py', '--cfg-path', '/tmp/tmpewiipk5q']
[2026-05-06T12:01:49.098+0000] {standard_task_runner.py:105} INFO - Job 137: Subtask consume_data
[2026-05-06T12:01:49.348+0000] {task_command.py:467} INFO - Running <TaskInstance: kafka_to_s3.consume_data manual__2026-05-06T12:01:40.561745+00:00 [running]> on host aed342af3888
[2026-05-06T12:01:50.346+0000] {taskinstance.py:3134} INFO - Exporting env vars: AIRFLOW_CTX_DAG_OWNER='kafka_streaming' AIRFLOW_CTX_DAG_ID='kafka_to_s3' AIRFLOW_CTX_TASK_ID='consume_data' AIRFLOW_CTX_EXECUTION_DATE='2026-05-06T12:01:40.561745+00:00' AIRFLOW_CTX_TRY_NUMBER='1' AIRFLOW_CTX_DAG_RUN_ID='manual__2026-05-06T12:01:40.561745+00:00'
[2026-05-06T12:01:50.351+0000] {taskinstance.py:732} INFO - ::endgroup::
[2026-05-06T12:01:51.400+0000] {base.py:84} INFO - Retrieving connection 'aws_default'
[2026-05-06T12:01:51.776+0000] {consumer.py:186} INFO - Consumer started. batch_size=8  batch_timeout=30s  idle_exit=30s
[2026-05-06T12:01:54.806+0000] {consumer.py:222} INFO - Flushing batch #0000 (8 rows) — size
[2026-05-06T12:01:56.491+0000] {consumer.py:150} INFO - ✔ Batch #0000 → s3://streamstore-081653452945-ap-south-1-an/streamstore/year_2026_month_05_day_06_batch_20260506_120154_0000.csv  (8 rows, 0.7 KB)
[2026-05-06T12:02:25.737+0000] {consumer.py:213} INFO - Idle for 30s — exiting.
[2026-05-06T12:02:25.759+0000] {consumer.py:257} INFO - Consumer done. rows=8  files=1
[2026-05-06T12:02:25.779+0000] {python.py:240} INFO - Done. Returned value was: {'total_rows': 8, 'total_files': 1}
[2026-05-06T12:02:25.881+0000] {taskinstance.py:341} INFO - ::group::Post task execution logs
[2026-05-06T12:02:25.884+0000] {taskinstance.py:353} INFO - Marking task as SUCCESS. dag_id=kafka_to_s3, task_id=consume_data, run_id=manual__2026-05-06T12:01:40.561745+00:00, execution_date=20260506T120140, start_date=20260506T120148, end_date=20260506T120225
[2026-05-06T12:02:26.070+0000] {local_task_job_runner.py:266} INFO - Task exited with return code 0
[2026-05-06T12:02:26.114+0000] {local_task_job_runner.py:245} INFO - ::endgroup::
