[2026-05-07T22:32:43.432+0000] {local_task_job_runner.py:123} INFO - ::group::Pre task execution logs
[2026-05-07T22:32:43.463+0000] {taskinstance.py:2614} INFO - Dependencies all met for dep_context=non-requeueable deps ti=<TaskInstance: kafka_to_s3.dbt_staging manual__2026-05-07T22:31:36.358317+00:00 [queued]>
[2026-05-07T22:32:43.481+0000] {taskinstance.py:2614} INFO - Dependencies all met for dep_context=requeueable deps ti=<TaskInstance: kafka_to_s3.dbt_staging manual__2026-05-07T22:31:36.358317+00:00 [queued]>
[2026-05-07T22:32:43.482+0000] {taskinstance.py:2867} INFO - Starting attempt 1 of 1
[2026-05-07T22:32:43.502+0000] {taskinstance.py:2890} INFO - Executing <Task(BashOperator): dbt_staging> on 2026-05-07 22:31:36.358317+00:00
[2026-05-07T22:32:43.514+0000] {warnings.py:112} WARNING - /home/***/.local/lib/python3.12/site-packages/***/task/task_runner/standard_task_runner.py:70: DeprecationWarning: This process (pid=2852) is multi-threaded, use of fork() may lead to deadlocks in the child.
  pid = os.fork()

[2026-05-07T22:32:43.520+0000] {standard_task_runner.py:72} INFO - Started process 2853 to run task
[2026-05-07T22:32:43.519+0000] {standard_task_runner.py:104} INFO - Running: ['***', 'tasks', 'run', 'kafka_to_s3', 'dbt_staging', 'manual__2026-05-07T22:31:36.358317+00:00', '--job-id', '168', '--raw', '--subdir', 'DAGS_FOLDER/main.py', '--cfg-path', '/tmp/tmpqgwhnpq6']
[2026-05-07T22:32:43.521+0000] {standard_task_runner.py:105} INFO - Job 168: Subtask dbt_staging
[2026-05-07T22:32:43.627+0000] {task_command.py:467} INFO - Running <TaskInstance: kafka_to_s3.dbt_staging manual__2026-05-07T22:31:36.358317+00:00 [running]> on host d50ffedd74f8
[2026-05-07T22:32:43.784+0000] {taskinstance.py:3134} INFO - Exporting env vars: AIRFLOW_CTX_DAG_OWNER='kafka_streaming' AIRFLOW_CTX_DAG_ID='kafka_to_s3' AIRFLOW_CTX_TASK_ID='dbt_staging' AIRFLOW_CTX_EXECUTION_DATE='2026-05-07T22:31:36.358317+00:00' AIRFLOW_CTX_TRY_NUMBER='1' AIRFLOW_CTX_DAG_RUN_ID='manual__2026-05-07T22:31:36.358317+00:00'
[2026-05-07T22:32:43.787+0000] {taskinstance.py:732} INFO - ::endgroup::
[2026-05-07T22:32:43.810+0000] {subprocess.py:78} INFO - Tmp dir root location: /tmp
[2026-05-07T22:32:43.813+0000] {subprocess.py:88} INFO - Running command: ['/usr/bin/bash', '-c', '\n        dbt run --select bronze --project-dir /opt/***/dbt --profiles-dir /opt/***/dbt\n        ']
[2026-05-07T22:32:43.830+0000] {subprocess.py:99} INFO - Output:
[2026-05-07T22:32:48.129+0000] {subprocess.py:106} INFO - [0m22:32:48  Running with dbt=1.8.9
[2026-05-07T22:32:48.444+0000] {subprocess.py:106} INFO - [0m22:32:48  [[33mWARNING[0m]: Deprecated functionality
[2026-05-07T22:32:48.446+0000] {subprocess.py:106} INFO - The `log-path` config in `dbt_project.yml` has been deprecated, and will no
[2026-05-07T22:32:48.447+0000] {subprocess.py:106} INFO - longer be supported in a future version of dbt-core. If you wish to write dbt
[2026-05-07T22:32:48.447+0000] {subprocess.py:106} INFO - logs to a custom directory, please use the --log-path CLI flag or DBT_LOG_PATH
[2026-05-07T22:32:48.448+0000] {subprocess.py:106} INFO - env var instead.
[2026-05-07T22:32:48.449+0000] {subprocess.py:106} INFO - [0m22:32:48  [[33mWARNING[0m]: Deprecated functionality
[2026-05-07T22:32:48.449+0000] {subprocess.py:106} INFO - The `target-path` config in `dbt_project.yml` has been deprecated, and will no
[2026-05-07T22:32:48.450+0000] {subprocess.py:106} INFO - longer be supported in a future version of dbt-core. If you wish to write dbt
[2026-05-07T22:32:48.451+0000] {subprocess.py:106} INFO - artifacts to a custom directory, please use the --target-path CLI flag or
[2026-05-07T22:32:48.451+0000] {subprocess.py:106} INFO - DBT_TARGET_PATH env var instead.
[2026-05-07T22:32:48.775+0000] {subprocess.py:106} INFO - [0m22:32:48  Registered adapter: redshift=1.8.1
[2026-05-07T22:32:48.971+0000] {subprocess.py:106} INFO - [0m22:32:48  Unable to do partial parsing because saved manifest not found. Starting full parse.
[2026-05-07T22:32:51.103+0000] {subprocess.py:106} INFO - [0m22:32:51  Found 5 models, 499 macros
[2026-05-07T22:32:51.114+0000] {subprocess.py:106} INFO - [0m22:32:51
[2026-05-07T22:33:09.245+0000] {subprocess.py:106} INFO - [0m22:33:09  Concurrency: 4 threads (target='dev')
[2026-05-07T22:33:09.246+0000] {subprocess.py:106} INFO - [0m22:33:09
[2026-05-07T22:33:09.275+0000] {subprocess.py:106} INFO - [0m22:33:09  1 of 1 START sql view model stream_schema.stream_store_raw ..................... [RUN]
[2026-05-07T22:33:22.273+0000] {subprocess.py:106} INFO - [0m22:33:22  1 of 1 OK created sql view model stream_schema.stream_store_raw ................ [[32mSUCCESS[0m in 12.99s]
[2026-05-07T22:33:27.082+0000] {subprocess.py:106} INFO - [0m22:33:27
[2026-05-07T22:33:27.084+0000] {subprocess.py:106} INFO - [0m22:33:27  Finished running 1 view model in 0 hours 0 minutes and 35.97 seconds (35.97s).
[2026-05-07T22:33:27.143+0000] {subprocess.py:106} INFO - [0m22:33:27
[2026-05-07T22:33:27.144+0000] {subprocess.py:106} INFO - [0m22:33:27  [32mCompleted successfully[0m
[2026-05-07T22:33:27.145+0000] {subprocess.py:106} INFO - [0m22:33:27
[2026-05-07T22:33:27.145+0000] {subprocess.py:106} INFO - [0m22:33:27  Done. PASS=1 WARN=0 ERROR=0 SKIP=0 TOTAL=1
[2026-05-07T22:33:30.773+0000] {subprocess.py:110} INFO - Command exited with return code 0
[2026-05-07T22:33:30.813+0000] {taskinstance.py:341} INFO - ::group::Post task execution logs
[2026-05-07T22:33:30.813+0000] {taskinstance.py:353} INFO - Marking task as SUCCESS. dag_id=kafka_to_s3, task_id=dbt_staging, run_id=manual__2026-05-07T22:31:36.358317+00:00, execution_date=20260507T223136, start_date=20260507T223243, end_date=20260507T223330
[2026-05-07T22:33:30.896+0000] {local_task_job_runner.py:266} INFO - Task exited with return code 0
[2026-05-07T22:33:30.924+0000] {taskinstance.py:3901} INFO - 1 downstream tasks scheduled from follow-on schedule check
[2026-05-07T22:33:30.927+0000] {local_task_job_runner.py:245} INFO - ::endgroup::
