[2026-04-29T22:15:08.306+0000] {local_task_job_runner.py:123} INFO - ::group::Pre task execution logs
[2026-04-29T22:15:08.331+0000] {taskinstance.py:2614} INFO - Dependencies all met for dep_context=non-requeueable deps ti=<TaskInstance: orders_kafka_to_s3.produce_orders manual__2026-04-29T22:15:06.437363+00:00 [queued]>
[2026-04-29T22:15:08.343+0000] {taskinstance.py:2614} INFO - Dependencies all met for dep_context=requeueable deps ti=<TaskInstance: orders_kafka_to_s3.produce_orders manual__2026-04-29T22:15:06.437363+00:00 [queued]>
[2026-04-29T22:15:08.344+0000] {taskinstance.py:2867} INFO - Starting attempt 1 of 1
[2026-04-29T22:15:08.370+0000] {taskinstance.py:2890} INFO - Executing <Task(PythonOperator): produce_orders> on 2026-04-29 22:15:06.437363+00:00
[2026-04-29T22:15:08.382+0000] {warnings.py:112} WARNING - /home/***/.local/lib/python3.12/site-packages/***/task/task_runner/standard_task_runner.py:70: DeprecationWarning: This process (pid=476) is multi-threaded, use of fork() may lead to deadlocks in the child.
  pid = os.fork()

[2026-04-29T22:15:08.385+0000] {standard_task_runner.py:72} INFO - Started process 477 to run task
[2026-04-29T22:15:08.386+0000] {standard_task_runner.py:104} INFO - Running: ['***', 'tasks', 'run', 'orders_kafka_to_s3', 'produce_orders', 'manual__2026-04-29T22:15:06.437363+00:00', '--job-id', '9', '--raw', '--subdir', 'DAGS_FOLDER/main.py', '--cfg-path', '/tmp/tmpa_cqvck3']
[2026-04-29T22:15:08.388+0000] {standard_task_runner.py:105} INFO - Job 9: Subtask produce_orders
[2026-04-29T22:15:08.525+0000] {task_command.py:467} INFO - Running <TaskInstance: orders_kafka_to_s3.produce_orders manual__2026-04-29T22:15:06.437363+00:00 [running]> on host cbb37d954d9e
[2026-04-29T22:15:08.676+0000] {taskinstance.py:3134} INFO - Exporting env vars: AIRFLOW_CTX_DAG_OWNER='kafka_streaming' AIRFLOW_CTX_DAG_ID='orders_kafka_to_s3' AIRFLOW_CTX_TASK_ID='produce_orders' AIRFLOW_CTX_EXECUTION_DATE='2026-04-29T22:15:06.437363+00:00' AIRFLOW_CTX_TRY_NUMBER='1' AIRFLOW_CTX_DAG_RUN_ID='manual__2026-04-29T22:15:06.437363+00:00'
[2026-04-29T22:15:08.680+0000] {taskinstance.py:732} INFO - ::endgroup::
[2026-04-29T22:15:08.719+0000] {producer.py:98} INFO - Producer starting at offset 4 — will send 8 rows
[2026-04-29T22:15:08.805+0000] {crypto.py:82} WARNING - empty cryptography key - values will not be stored encrypted.
[2026-04-29T22:15:08.816+0000] {producer.py:147} INFO - Producer done. Rows sent: 0  |  Next offset: 4
[2026-04-29T22:15:08.819+0000] {python.py:240} INFO - Done. Returned value was: {'rows_sent': 0, 'next_offset': 4}
[2026-04-29T22:15:08.857+0000] {taskinstance.py:341} INFO - ::group::Post task execution logs
[2026-04-29T22:15:08.859+0000] {taskinstance.py:353} INFO - Marking task as SUCCESS. dag_id=orders_kafka_to_s3, task_id=produce_orders, run_id=manual__2026-04-29T22:15:06.437363+00:00, execution_date=20260429T221506, start_date=20260429T221508, end_date=20260429T221508
[2026-04-29T22:15:08.966+0000] {local_task_job_runner.py:266} INFO - Task exited with return code 0
[2026-04-29T22:15:08.982+0000] {local_task_job_runner.py:245} INFO - ::endgroup::
