[2026-04-30T10:00:56.604+0000] {local_task_job_runner.py:123} INFO - ::group::Pre task execution logs
[2026-04-30T10:00:56.640+0000] {taskinstance.py:2614} INFO - Dependencies all met for dep_context=non-requeueable deps ti=<TaskInstance: orders_kafka_to_s3.consume_orders manual__2026-04-30T10:00:46.680385+00:00 [queued]>
[2026-04-30T10:00:56.661+0000] {taskinstance.py:2614} INFO - Dependencies all met for dep_context=requeueable deps ti=<TaskInstance: orders_kafka_to_s3.consume_orders manual__2026-04-30T10:00:46.680385+00:00 [queued]>
[2026-04-30T10:00:56.662+0000] {taskinstance.py:2867} INFO - Starting attempt 1 of 1
[2026-04-30T10:00:56.684+0000] {taskinstance.py:2890} INFO - Executing <Task(PythonOperator): consume_orders> on 2026-04-30 10:00:46.680385+00:00
[2026-04-30T10:00:56.694+0000] {warnings.py:112} WARNING - /home/***/.local/lib/python3.12/site-packages/***/task/task_runner/standard_task_runner.py:70: DeprecationWarning: This process (pid=1467) is multi-threaded, use of fork() may lead to deadlocks in the child.
  pid = os.fork()

[2026-04-30T10:00:56.697+0000] {standard_task_runner.py:72} INFO - Started process 1468 to run task
[2026-04-30T10:00:56.698+0000] {standard_task_runner.py:104} INFO - Running: ['***', 'tasks', 'run', 'orders_kafka_to_s3', 'consume_orders', 'manual__2026-04-30T10:00:46.680385+00:00', '--job-id', '16', '--raw', '--subdir', 'DAGS_FOLDER/main.py', '--cfg-path', '/tmp/tmpyw8w993d']
[2026-04-30T10:00:56.700+0000] {standard_task_runner.py:105} INFO - Job 16: Subtask consume_orders
[2026-04-30T10:00:56.786+0000] {task_command.py:467} INFO - Running <TaskInstance: orders_kafka_to_s3.consume_orders manual__2026-04-30T10:00:46.680385+00:00 [running]> on host 2060b8b3abe6
[2026-04-30T10:00:56.921+0000] {taskinstance.py:3134} INFO - Exporting env vars: AIRFLOW_CTX_DAG_OWNER='kafka_streaming' AIRFLOW_CTX_DAG_ID='orders_kafka_to_s3' AIRFLOW_CTX_TASK_ID='consume_orders' AIRFLOW_CTX_EXECUTION_DATE='2026-04-30T10:00:46.680385+00:00' AIRFLOW_CTX_TRY_NUMBER='1' AIRFLOW_CTX_DAG_RUN_ID='manual__2026-04-30T10:00:46.680385+00:00'
[2026-04-30T10:00:56.923+0000] {taskinstance.py:732} INFO - ::endgroup::
[2026-04-30T10:00:56.975+0000] {base.py:84} INFO - Retrieving connection 'aws_default'
[2026-04-30T10:00:57.591+0000] {consumer.py:177} INFO - Consumer started. batch_size=8  batch_timeout=30s  idle_exit=30s
[2026-04-30T10:01:00.886+0000] {consumer.py:213} INFO - Flushing batch #0000 (8 rows) — size
[2026-04-30T10:01:04.101+0000] {consumer.py:145} ERROR - S3 upload failed for batch #0000: An error occurred (AccessDenied) when calling the PutObject operation: User: arn:aws:iam::081653452945:user/kafka-s3-connect is not authorized to perform: s3:PutObject on resource: "arn:aws:s3:::streamstore-081653452945-ap-south-1-an/streamstore/year=2026/month=04/day=30/batch_20260430_100100_0000.csv" because no identity-based policy allows the s3:PutObject action
[2026-04-30T10:01:04.102+0000] {consumer.py:224} WARNING - Retaining batch — will retry on next flush.
[2026-04-30T10:01:05.110+0000] {consumer.py:213} INFO - Flushing batch #0000 (8 rows) — size
[2026-04-30T10:01:09.009+0000] {consumer.py:145} ERROR - S3 upload failed for batch #0000: An error occurred (AccessDenied) when calling the PutObject operation: User: arn:aws:iam::081653452945:user/kafka-s3-connect is not authorized to perform: s3:PutObject on resource: "arn:aws:s3:::streamstore-081653452945-ap-south-1-an/streamstore/year=2026/month=04/day=30/batch_20260430_100105_0000.csv" because no identity-based policy allows the s3:PutObject action
[2026-04-30T10:01:09.010+0000] {consumer.py:224} WARNING - Retaining batch — will retry on next flush.
[2026-04-30T10:01:10.014+0000] {consumer.py:213} INFO - Flushing batch #0000 (8 rows) — size
[2026-04-30T10:01:11.916+0000] {consumer.py:145} ERROR - S3 upload failed for batch #0000: An error occurred (AccessDenied) when calling the PutObject operation: User: arn:aws:iam::081653452945:user/kafka-s3-connect is not authorized to perform: s3:PutObject on resource: "arn:aws:s3:::streamstore-081653452945-ap-south-1-an/streamstore/year=2026/month=04/day=30/batch_20260430_100110_0000.csv" because no identity-based policy allows the s3:PutObject action
[2026-04-30T10:01:11.918+0000] {consumer.py:224} WARNING - Retaining batch — will retry on next flush.
[2026-04-30T10:01:11.919+0000] {consumer.py:229} ERROR - Dropping batch after repeated S3 failures
[2026-04-30T10:01:29.985+0000] {consumer.py:204} INFO - Idle for 30s — exiting.
[2026-04-30T10:01:30.009+0000] {consumer.py:248} INFO - Consumer done. rows=0  files=0
[2026-04-30T10:01:30.016+0000] {python.py:240} INFO - Done. Returned value was: {'total_rows': 0, 'total_files': 0}
[2026-04-30T10:01:30.073+0000] {taskinstance.py:341} INFO - ::group::Post task execution logs
[2026-04-30T10:01:30.074+0000] {taskinstance.py:353} INFO - Marking task as SUCCESS. dag_id=orders_kafka_to_s3, task_id=consume_orders, run_id=manual__2026-04-30T10:00:46.680385+00:00, execution_date=20260430T100046, start_date=20260430T100056, end_date=20260430T100130
[2026-04-30T10:01:31.854+0000] {local_task_job_runner.py:266} INFO - Task exited with return code 0
[2026-04-30T10:01:31.875+0000] {taskinstance.py:3901} INFO - 0 downstream tasks scheduled from follow-on schedule check
[2026-04-30T10:01:31.880+0000] {local_task_job_runner.py:245} INFO - ::endgroup::
