[2026-05-08T00:03:18.360+0000] {local_task_job_runner.py:123} INFO - ::group::Pre task execution logs
[2026-05-08T00:03:18.430+0000] {taskinstance.py:2614} INFO - Dependencies all met for dep_context=non-requeueable deps ti=<TaskInstance: kafka_to_s3.data_quality_checks scheduled__2026-05-07T00:00:00+00:00 [queued]>
[2026-05-08T00:03:18.460+0000] {taskinstance.py:2614} INFO - Dependencies all met for dep_context=requeueable deps ti=<TaskInstance: kafka_to_s3.data_quality_checks scheduled__2026-05-07T00:00:00+00:00 [queued]>
[2026-05-08T00:03:18.461+0000] {taskinstance.py:2867} INFO - Starting attempt 1 of 1
[2026-05-08T00:03:18.497+0000] {taskinstance.py:2890} INFO - Executing <Task(PythonOperator): data_quality_checks> on 2026-05-07 00:00:00+00:00
[2026-05-08T00:03:18.517+0000] {warnings.py:112} WARNING - /home/***/.local/lib/python3.12/site-packages/***/task/task_runner/standard_task_runner.py:70: DeprecationWarning: This process (pid=4131) is multi-threaded, use of fork() may lead to deadlocks in the child.
  pid = os.fork()

[2026-05-08T00:03:18.522+0000] {standard_task_runner.py:72} INFO - Started process 4132 to run task
[2026-05-08T00:03:18.522+0000] {standard_task_runner.py:104} INFO - Running: ['***', 'tasks', 'run', 'kafka_to_s3', 'data_quality_checks', 'scheduled__2026-05-07T00:00:00+00:00', '--job-id', '184', '--raw', '--subdir', 'DAGS_FOLDER/main.py', '--cfg-path', '/tmp/tmpc5kqkxcj']
[2026-05-08T00:03:18.525+0000] {standard_task_runner.py:105} INFO - Job 184: Subtask data_quality_checks
[2026-05-08T00:03:18.669+0000] {task_command.py:467} INFO - Running <TaskInstance: kafka_to_s3.data_quality_checks scheduled__2026-05-07T00:00:00+00:00 [running]> on host d50ffedd74f8
[2026-05-08T00:03:18.885+0000] {taskinstance.py:3134} INFO - Exporting env vars: AIRFLOW_CTX_DAG_OWNER='kafka_streaming' AIRFLOW_CTX_DAG_ID='kafka_to_s3' AIRFLOW_CTX_TASK_ID='data_quality_checks' AIRFLOW_CTX_EXECUTION_DATE='2026-05-07T00:00:00+00:00' AIRFLOW_CTX_TRY_NUMBER='1' AIRFLOW_CTX_DAG_RUN_ID='scheduled__2026-05-07T00:00:00+00:00'
[2026-05-08T00:03:18.887+0000] {taskinstance.py:732} INFO - ::endgroup::
[2026-05-08T00:03:18.968+0000] {base.py:84} INFO - Retrieving connection 'redshift_conn'
[2026-05-08T00:03:21.557+0000] {sql.py:511} INFO - Running statement: 
            SELECT COUNT(*)
            FROM (
                SELECT transaction
                FROM stream_schema.fct_order
                GROUP BY transaction
                HAVING COUNT(*) > 1
            ) t
        , parameters: None
[2026-05-08T00:03:22.383+0000] {sql.py:520} INFO - Rows affected: 1
[2026-05-08T00:03:22.390+0000] {warnings.py:112} WARNING - /home/***/.local/lib/python3.12/site-packages/***/providers/common/sql/hooks/sql.py:470: DeprecationWarning: Import of fetch_one_handler from the '***.providers.common.sql.hooks' module is deprecated and will
be removed in the future. Please import it from '***.providers.common.sql.hooks.handlers'.
  result = self._make_common_data_structure(handler(cur))

[2026-05-08T00:03:22.399+0000] {warnings.py:112} WARNING - /home/***/.local/lib/python3.12/site-packages/***/providers/common/sql/hooks/sql.py:471: DeprecationWarning: Import of return_single_query_results from the '***.providers.common.sql.hooks' module is deprecated and will
be removed in the future. Please import it from '***.providers.common.sql.hooks.handlers'.
  if return_single_query_results(sql, return_last, split_statements):

[2026-05-08T00:03:22.797+0000] {warnings.py:112} WARNING - /home/***/.local/lib/python3.12/site-packages/***/providers/common/sql/hooks/sql.py:486: DeprecationWarning: Import of return_single_query_results from the '***.providers.common.sql.hooks' module is deprecated and will
be removed in the future. Please import it from '***.providers.common.sql.hooks.handlers'.
  if return_single_query_results(sql, return_last, split_statements):

[2026-05-08T00:03:22.798+0000] {dbt_layers.py:65} INFO - 
            SELECT COUNT(*)
            FROM (
                SELECT transaction
                FROM stream_schema.fct_order
                GROUP BY transaction
                HAVING COUNT(*) > 1
            ) t
        : 0
[2026-05-08T00:03:24.872+0000] {sql.py:511} INFO - Running statement: 
            SELECT COUNT(*)
            FROM stream_schema.dim_customer
            WHERE country NOT IN ('US', 'UK', 'Canada', 'France', 'Denmark', 'Australia')
        , parameters: None
[2026-05-08T00:03:25.584+0000] {sql.py:520} INFO - Rows affected: 1
[2026-05-08T00:03:25.902+0000] {dbt_layers.py:65} INFO - 
            SELECT COUNT(*)
            FROM stream_schema.dim_customer
            WHERE country NOT IN ('US', 'UK', 'Canada', 'France', 'Denmark', 'Australia')
        : 0
[2026-05-08T00:03:27.947+0000] {sql.py:511} INFO - Running statement: 
            SELECT COUNT(*)
            FROM stream_schema.fct_order
            WHERE quantity < 0
        , parameters: None
[2026-05-08T00:03:28.592+0000] {sql.py:520} INFO - Rows affected: 1
[2026-05-08T00:03:28.858+0000] {dbt_layers.py:65} INFO - 
            SELECT COUNT(*)
            FROM stream_schema.fct_order
            WHERE quantity < 0
        : 0
[2026-05-08T00:03:28.860+0000] {python.py:240} INFO - Done. Returned value was: None
[2026-05-08T00:03:28.892+0000] {taskinstance.py:341} INFO - ::group::Post task execution logs
[2026-05-08T00:03:28.893+0000] {taskinstance.py:353} INFO - Marking task as SUCCESS. dag_id=kafka_to_s3, task_id=data_quality_checks, run_id=scheduled__2026-05-07T00:00:00+00:00, execution_date=20260507T000000, start_date=20260508T000318, end_date=20260508T000328
[2026-05-08T00:03:29.012+0000] {local_task_job_runner.py:266} INFO - Task exited with return code 0
[2026-05-08T00:03:29.050+0000] {taskinstance.py:3901} INFO - 0 downstream tasks scheduled from follow-on schedule check
[2026-05-08T00:03:29.057+0000] {local_task_job_runner.py:245} INFO - ::endgroup::
