[2026-05-01T21:46:14.572+0000] {local_task_job_runner.py:123} INFO - ::group::Pre task execution logs
[2026-05-01T21:46:14.603+0000] {taskinstance.py:2614} INFO - Dependencies all met for dep_context=non-requeueable deps ti=<TaskInstance: orders_kafka_to_s3.load_orders_to_redshift manual__2026-05-01T21:45:29.005492+00:00 [queued]>
[2026-05-01T21:46:14.620+0000] {taskinstance.py:2614} INFO - Dependencies all met for dep_context=requeueable deps ti=<TaskInstance: orders_kafka_to_s3.load_orders_to_redshift manual__2026-05-01T21:45:29.005492+00:00 [queued]>
[2026-05-01T21:46:14.621+0000] {taskinstance.py:2867} INFO - Starting attempt 1 of 1
[2026-05-01T21:46:14.640+0000] {taskinstance.py:2890} INFO - Executing <Task(PythonOperator): load_orders_to_redshift> on 2026-05-01 21:45:29.005492+00:00
[2026-05-01T21:46:14.652+0000] {warnings.py:112} WARNING - /home/***/.local/lib/python3.12/site-packages/***/task/task_runner/standard_task_runner.py:70: DeprecationWarning: This process (pid=6926) is multi-threaded, use of fork() may lead to deadlocks in the child.
  pid = os.fork()

[2026-05-01T21:46:14.658+0000] {standard_task_runner.py:72} INFO - Started process 6927 to run task
[2026-05-01T21:46:14.656+0000] {standard_task_runner.py:104} INFO - Running: ['***', 'tasks', 'run', 'orders_kafka_to_s3', 'load_orders_to_redshift', 'manual__2026-05-01T21:45:29.005492+00:00', '--job-id', '62', '--raw', '--subdir', 'DAGS_FOLDER/main.py', '--cfg-path', '/tmp/tmpwtlceaoq']
[2026-05-01T21:46:14.659+0000] {standard_task_runner.py:105} INFO - Job 62: Subtask load_orders_to_redshift
[2026-05-01T21:46:14.779+0000] {task_command.py:467} INFO - Running <TaskInstance: orders_kafka_to_s3.load_orders_to_redshift manual__2026-05-01T21:45:29.005492+00:00 [running]> on host cc69f44e695c
[2026-05-01T21:46:14.912+0000] {taskinstance.py:3134} INFO - Exporting env vars: AIRFLOW_CTX_DAG_OWNER='kafka_streaming' AIRFLOW_CTX_DAG_ID='orders_kafka_to_s3' AIRFLOW_CTX_TASK_ID='load_orders_to_redshift' AIRFLOW_CTX_EXECUTION_DATE='2026-05-01T21:45:29.005492+00:00' AIRFLOW_CTX_TRY_NUMBER='1' AIRFLOW_CTX_DAG_RUN_ID='manual__2026-05-01T21:45:29.005492+00:00'
[2026-05-01T21:46:14.914+0000] {taskinstance.py:732} INFO - ::endgroup::
[2026-05-01T21:46:14.938+0000] {redshift_loader.py:23} INFO - Step 1: Connecting to Redshift...
[2026-05-01T21:46:17.759+0000] {redshift_loader.py:33} INFO - Connected to Redshift successfully
[2026-05-01T21:46:17.760+0000] {redshift_loader.py:49} INFO - Step 2: Creating table if not exists...
[2026-05-01T21:46:28.668+0000] {logging_mixin.py:190} INFO - ✔ Table ensured
[2026-05-01T21:46:28.671+0000] {redshift_loader.py:56} INFO - Table ensured successfully
[2026-05-01T21:46:28.673+0000] {redshift_loader.py:74} INFO - Step 3: Copying data from S3 to Redshift...
[2026-05-01T21:46:31.629+0000] {logging_mixin.py:190} INFO - ✔ COPY completed successfully from S3 to Redshift
[2026-05-01T21:46:31.631+0000] {redshift_loader.py:81} INFO - COPY completed successfully
[2026-05-01T21:46:31.632+0000] {redshift_loader.py:94} INFO - Redshift connection closed
[2026-05-01T21:46:31.634+0000] {python.py:240} INFO - Done. Returned value was: None
[2026-05-01T21:46:31.665+0000] {taskinstance.py:341} INFO - ::group::Post task execution logs
[2026-05-01T21:46:31.666+0000] {taskinstance.py:353} INFO - Marking task as SUCCESS. dag_id=orders_kafka_to_s3, task_id=load_orders_to_redshift, run_id=manual__2026-05-01T21:45:29.005492+00:00, execution_date=20260501T214529, start_date=20260501T214614, end_date=20260501T214631
[2026-05-01T21:46:31.744+0000] {local_task_job_runner.py:266} INFO - Task exited with return code 0
[2026-05-01T21:46:31.764+0000] {taskinstance.py:3901} INFO - 0 downstream tasks scheduled from follow-on schedule check
[2026-05-01T21:46:31.767+0000] {local_task_job_runner.py:245} INFO - ::endgroup::
