[2026-05-07T17:21:29.092+0000] {local_task_job_runner.py:123} INFO - ::group::Pre task execution logs
[2026-05-07T17:21:29.114+0000] {taskinstance.py:2614} INFO - Dependencies all met for dep_context=non-requeueable deps ti=<TaskInstance: kafka_to_s3.produce_data manual__2026-05-07T17:21:25.697507+00:00 [queued]>
[2026-05-07T17:21:29.125+0000] {taskinstance.py:2614} INFO - Dependencies all met for dep_context=requeueable deps ti=<TaskInstance: kafka_to_s3.produce_data manual__2026-05-07T17:21:25.697507+00:00 [queued]>
[2026-05-07T17:21:29.126+0000] {taskinstance.py:2867} INFO - Starting attempt 1 of 1
[2026-05-07T17:21:29.147+0000] {taskinstance.py:2890} INFO - Executing <Task(PythonOperator): produce_data> on 2026-05-07 17:21:25.697507+00:00
[2026-05-07T17:21:29.163+0000] {warnings.py:112} WARNING - /home/***/.local/lib/python3.12/site-packages/***/task/task_runner/standard_task_runner.py:70: DeprecationWarning: This process (pid=66) is multi-threaded, use of fork() may lead to deadlocks in the child.
  pid = os.fork()

[2026-05-07T17:21:29.171+0000] {standard_task_runner.py:72} INFO - Started process 67 to run task
[2026-05-07T17:21:29.169+0000] {standard_task_runner.py:104} INFO - Running: ['***', 'tasks', 'run', 'kafka_to_s3', 'produce_data', 'manual__2026-05-07T17:21:25.697507+00:00', '--job-id', '149', '--raw', '--subdir', 'DAGS_FOLDER/main.py', '--cfg-path', '/tmp/tmpf1kd_0xn']
[2026-05-07T17:21:29.175+0000] {standard_task_runner.py:105} INFO - Job 149: Subtask produce_data
[2026-05-07T17:21:29.378+0000] {task_command.py:467} INFO - Running <TaskInstance: kafka_to_s3.produce_data manual__2026-05-07T17:21:25.697507+00:00 [running]> on host d50ffedd74f8
[2026-05-07T17:21:29.620+0000] {taskinstance.py:3134} INFO - Exporting env vars: AIRFLOW_CTX_DAG_OWNER='kafka_streaming' AIRFLOW_CTX_DAG_ID='kafka_to_s3' AIRFLOW_CTX_TASK_ID='produce_data' AIRFLOW_CTX_EXECUTION_DATE='2026-05-07T17:21:25.697507+00:00' AIRFLOW_CTX_TRY_NUMBER='1' AIRFLOW_CTX_DAG_RUN_ID='manual__2026-05-07T17:21:25.697507+00:00'
[2026-05-07T17:21:29.621+0000] {taskinstance.py:732} INFO - ::endgroup::
[2026-05-07T17:21:29.711+0000] {producer.py:98} INFO - Producer starting at offset 360 — will send 8 rows
[2026-05-07T17:21:32.018+0000] {producer.py:83} INFO - Delivered to stream_store_topic [0]
[2026-05-07T17:21:32.019+0000] {producer.py:83} INFO - Delivered to stream_store_topic [0]
[2026-05-07T17:21:32.020+0000] {producer.py:83} INFO - Delivered to stream_store_topic [0]
[2026-05-07T17:21:32.021+0000] {producer.py:83} INFO - Delivered to stream_store_topic [0]
[2026-05-07T17:21:32.022+0000] {producer.py:83} INFO - Delivered to stream_store_topic [0]
[2026-05-07T17:21:32.023+0000] {producer.py:83} INFO - Delivered to stream_store_topic [0]
[2026-05-07T17:21:32.024+0000] {producer.py:83} INFO - Delivered to stream_store_topic [0]
[2026-05-07T17:21:32.024+0000] {producer.py:83} INFO - Delivered to stream_store_topic [0]
[2026-05-07T17:21:32.037+0000] {crypto.py:82} WARNING - empty cryptography key - values will not be stored encrypted.
[2026-05-07T17:21:32.045+0000] {producer.py:145} INFO - Producer done. Rows sent: 8  |  Next offset: 368
[2026-05-07T17:21:32.048+0000] {python.py:240} INFO - Done. Returned value was: {'rows_sent': 8, 'next_offset': 368}
[2026-05-07T17:21:32.088+0000] {taskinstance.py:341} INFO - ::group::Post task execution logs
[2026-05-07T17:21:32.090+0000] {taskinstance.py:353} INFO - Marking task as SUCCESS. dag_id=kafka_to_s3, task_id=produce_data, run_id=manual__2026-05-07T17:21:25.697507+00:00, execution_date=20260507T172125, start_date=20260507T172129, end_date=20260507T172132
[2026-05-07T17:21:32.174+0000] {local_task_job_runner.py:266} INFO - Task exited with return code 0
[2026-05-07T17:21:32.265+0000] {taskinstance.py:3901} INFO - 1 downstream tasks scheduled from follow-on schedule check
[2026-05-07T17:21:32.271+0000] {local_task_job_runner.py:245} INFO - ::endgroup::
