[2026-05-04T07:39:38.956+0000] {local_task_job_runner.py:123} INFO - ::group::Pre task execution logs
[2026-05-04T07:39:38.998+0000] {taskinstance.py:2614} INFO - Dependencies all met for dep_context=non-requeueable deps ti=<TaskInstance: orders_kafka_to_s3.produce_orders manual__2026-05-04T07:39:36.593666+00:00 [queued]>
[2026-05-04T07:39:39.017+0000] {taskinstance.py:2614} INFO - Dependencies all met for dep_context=requeueable deps ti=<TaskInstance: orders_kafka_to_s3.produce_orders manual__2026-05-04T07:39:36.593666+00:00 [queued]>
[2026-05-04T07:39:39.018+0000] {taskinstance.py:2867} INFO - Starting attempt 1 of 1
[2026-05-04T07:39:39.073+0000] {taskinstance.py:2890} INFO - Executing <Task(PythonOperator): produce_orders> on 2026-05-04 07:39:36.593666+00:00
[2026-05-04T07:39:39.096+0000] {warnings.py:112} WARNING - /home/***/.local/lib/python3.12/site-packages/***/task/task_runner/standard_task_runner.py:70: DeprecationWarning: This process (pid=1817) is multi-threaded, use of fork() may lead to deadlocks in the child.
  pid = os.fork()

[2026-05-04T07:39:39.107+0000] {standard_task_runner.py:72} INFO - Started process 1818 to run task
[2026-05-04T07:39:39.105+0000] {standard_task_runner.py:104} INFO - Running: ['***', 'tasks', 'run', 'orders_kafka_to_s3', 'produce_orders', 'manual__2026-05-04T07:39:36.593666+00:00', '--job-id', '89', '--raw', '--subdir', 'DAGS_FOLDER/main.py', '--cfg-path', '/tmp/tmpl_ykswkm']
[2026-05-04T07:39:39.110+0000] {standard_task_runner.py:105} INFO - Job 89: Subtask produce_orders
[2026-05-04T07:39:39.241+0000] {task_command.py:467} INFO - Running <TaskInstance: orders_kafka_to_s3.produce_orders manual__2026-05-04T07:39:36.593666+00:00 [running]> on host 3e44dd26e004
[2026-05-04T07:39:39.381+0000] {taskinstance.py:3134} INFO - Exporting env vars: AIRFLOW_CTX_DAG_OWNER='kafka_streaming' AIRFLOW_CTX_DAG_ID='orders_kafka_to_s3' AIRFLOW_CTX_TASK_ID='produce_orders' AIRFLOW_CTX_EXECUTION_DATE='2026-05-04T07:39:36.593666+00:00' AIRFLOW_CTX_TRY_NUMBER='1' AIRFLOW_CTX_DAG_RUN_ID='manual__2026-05-04T07:39:36.593666+00:00'
[2026-05-04T07:39:39.382+0000] {taskinstance.py:732} INFO - ::endgroup::
[2026-05-04T07:39:39.422+0000] {producer.py:98} INFO - Producer starting at offset 232 — will send 8 rows
[2026-05-04T07:39:40.439+0000] {producer.py:83} INFO - Delivered to stream_store_topic [0]
[2026-05-04T07:39:40.441+0000] {producer.py:83} INFO - Delivered to stream_store_topic [0]
[2026-05-04T07:39:40.442+0000] {producer.py:83} INFO - Delivered to stream_store_topic [0]
[2026-05-04T07:39:40.444+0000] {producer.py:83} INFO - Delivered to stream_store_topic [0]
[2026-05-04T07:39:40.445+0000] {producer.py:83} INFO - Delivered to stream_store_topic [0]
[2026-05-04T07:39:40.447+0000] {producer.py:83} INFO - Delivered to stream_store_topic [0]
[2026-05-04T07:39:40.450+0000] {producer.py:83} INFO - Delivered to stream_store_topic [0]
[2026-05-04T07:39:40.453+0000] {producer.py:83} INFO - Delivered to stream_store_topic [0]
[2026-05-04T07:39:40.471+0000] {crypto.py:82} WARNING - empty cryptography key - values will not be stored encrypted.
[2026-05-04T07:39:40.483+0000] {producer.py:145} INFO - Producer done. Rows sent: 8  |  Next offset: 240
[2026-05-04T07:39:40.487+0000] {python.py:240} INFO - Done. Returned value was: {'rows_sent': 8, 'next_offset': 240}
[2026-05-04T07:39:40.555+0000] {taskinstance.py:341} INFO - ::group::Post task execution logs
[2026-05-04T07:39:40.557+0000] {taskinstance.py:353} INFO - Marking task as SUCCESS. dag_id=orders_kafka_to_s3, task_id=produce_orders, run_id=manual__2026-05-04T07:39:36.593666+00:00, execution_date=20260504T073936, start_date=20260504T073938, end_date=20260504T073940
[2026-05-04T07:39:43.884+0000] {local_task_job_runner.py:266} INFO - Task exited with return code 0
[2026-05-04T07:39:43.924+0000] {taskinstance.py:3901} INFO - 0 downstream tasks scheduled from follow-on schedule check
[2026-05-04T07:39:43.931+0000] {local_task_job_runner.py:245} INFO - ::endgroup::
