[2026-04-30T18:31:26.214+0000] {local_task_job_runner.py:123} INFO - ::group::Pre task execution logs
[2026-04-30T18:31:26.316+0000] {taskinstance.py:2614} INFO - Dependencies all met for dep_context=non-requeueable deps ti=<TaskInstance: orders_kafka_to_s3.produce_orders manual__2026-04-30T18:31:17.352646+00:00 [queued]>
[2026-04-30T18:31:26.357+0000] {taskinstance.py:2614} INFO - Dependencies all met for dep_context=requeueable deps ti=<TaskInstance: orders_kafka_to_s3.produce_orders manual__2026-04-30T18:31:17.352646+00:00 [queued]>
[2026-04-30T18:31:26.358+0000] {taskinstance.py:2867} INFO - Starting attempt 1 of 1
[2026-04-30T18:31:26.416+0000] {taskinstance.py:2890} INFO - Executing <Task(PythonOperator): produce_orders> on 2026-04-30 18:31:17.352646+00:00
[2026-04-30T18:31:26.456+0000] {standard_task_runner.py:104} INFO - Running: ['***', 'tasks', 'run', 'orders_kafka_to_s3', 'produce_orders', 'manual__2026-04-30T18:31:17.352646+00:00', '--job-id', '26', '--raw', '--subdir', 'DAGS_FOLDER/main.py', '--cfg-path', '/tmp/tmph_ddgvyz']
[2026-04-30T18:31:26.441+0000] {warnings.py:112} WARNING - /home/***/.local/lib/python3.12/site-packages/***/task/task_runner/standard_task_runner.py:70: DeprecationWarning: This process (pid=880) is multi-threaded, use of fork() may lead to deadlocks in the child.
  pid = os.fork()

[2026-04-30T18:31:26.472+0000] {standard_task_runner.py:105} INFO - Job 26: Subtask produce_orders
[2026-04-30T18:31:26.474+0000] {standard_task_runner.py:72} INFO - Started process 881 to run task
[2026-04-30T18:31:26.664+0000] {task_command.py:467} INFO - Running <TaskInstance: orders_kafka_to_s3.produce_orders manual__2026-04-30T18:31:17.352646+00:00 [running]> on host 3e097463e953
[2026-04-30T18:31:26.926+0000] {taskinstance.py:3134} INFO - Exporting env vars: AIRFLOW_CTX_DAG_OWNER='kafka_streaming' AIRFLOW_CTX_DAG_ID='orders_kafka_to_s3' AIRFLOW_CTX_TASK_ID='produce_orders' AIRFLOW_CTX_EXECUTION_DATE='2026-04-30T18:31:17.352646+00:00' AIRFLOW_CTX_TRY_NUMBER='1' AIRFLOW_CTX_DAG_RUN_ID='manual__2026-04-30T18:31:17.352646+00:00'
[2026-04-30T18:31:26.929+0000] {taskinstance.py:732} INFO - ::endgroup::
[2026-04-30T18:31:27.009+0000] {producer.py:98} INFO - Producer starting at offset 72 — will send 8 rows
[2026-04-30T18:31:27.308+0000] {producer.py:83} INFO - Delivered to orders_topic [0]
[2026-04-30T18:31:27.310+0000] {producer.py:83} INFO - Delivered to orders_topic [0]
[2026-04-30T18:31:27.311+0000] {producer.py:83} INFO - Delivered to orders_topic [0]
[2026-04-30T18:31:27.312+0000] {producer.py:83} INFO - Delivered to orders_topic [0]
[2026-04-30T18:31:27.313+0000] {producer.py:83} INFO - Delivered to orders_topic [0]
[2026-04-30T18:31:27.313+0000] {producer.py:83} INFO - Delivered to orders_topic [0]
[2026-04-30T18:31:27.314+0000] {producer.py:83} INFO - Delivered to orders_topic [0]
[2026-04-30T18:31:27.315+0000] {producer.py:83} INFO - Delivered to orders_topic [0]
[2026-04-30T18:31:27.334+0000] {crypto.py:82} WARNING - empty cryptography key - values will not be stored encrypted.
[2026-04-30T18:31:27.348+0000] {producer.py:145} INFO - Producer done. Rows sent: 8  |  Next offset: 80
[2026-04-30T18:31:27.354+0000] {python.py:240} INFO - Done. Returned value was: {'rows_sent': 8, 'next_offset': 80}
[2026-04-30T18:31:27.423+0000] {taskinstance.py:341} INFO - ::group::Post task execution logs
[2026-04-30T18:31:27.426+0000] {taskinstance.py:353} INFO - Marking task as SUCCESS. dag_id=orders_kafka_to_s3, task_id=produce_orders, run_id=manual__2026-04-30T18:31:17.352646+00:00, execution_date=20260430T183117, start_date=20260430T183126, end_date=20260430T183127
[2026-04-30T18:31:27.557+0000] {local_task_job_runner.py:266} INFO - Task exited with return code 0
[2026-04-30T18:31:27.592+0000] {local_task_job_runner.py:245} INFO - ::endgroup::
