[2026-05-06T11:49:59.338+0000] {local_task_job_runner.py:123} INFO - ::group::Pre task execution logs
[2026-05-06T11:49:59.398+0000] {taskinstance.py:2614} INFO - Dependencies all met for dep_context=non-requeueable deps ti=<TaskInstance: kafka_to_s3.consume_data manual__2026-05-06T11:49:48.282815+00:00 [queued]>
[2026-05-06T11:49:59.422+0000] {taskinstance.py:2614} INFO - Dependencies all met for dep_context=requeueable deps ti=<TaskInstance: kafka_to_s3.consume_data manual__2026-05-06T11:49:48.282815+00:00 [queued]>
[2026-05-06T11:49:59.424+0000] {taskinstance.py:2867} INFO - Starting attempt 1 of 1
[2026-05-06T11:49:59.454+0000] {taskinstance.py:2890} INFO - Executing <Task(PythonOperator): consume_data> on 2026-05-06 11:49:48.282815+00:00
[2026-05-06T11:49:59.467+0000] {warnings.py:112} WARNING - /home/***/.local/lib/python3.12/site-packages/***/task/task_runner/standard_task_runner.py:70: DeprecationWarning: This process (pid=113) is multi-threaded, use of fork() may lead to deadlocks in the child.
  pid = os.fork()

[2026-05-06T11:49:59.472+0000] {standard_task_runner.py:72} INFO - Started process 114 to run task
[2026-05-06T11:49:59.474+0000] {standard_task_runner.py:104} INFO - Running: ['***', 'tasks', 'run', 'kafka_to_s3', 'consume_data', 'manual__2026-05-06T11:49:48.282815+00:00', '--job-id', '129', '--raw', '--subdir', 'DAGS_FOLDER/main.py', '--cfg-path', '/tmp/tmpty162tbd']
[2026-05-06T11:49:59.479+0000] {standard_task_runner.py:105} INFO - Job 129: Subtask consume_data
[2026-05-06T11:49:59.602+0000] {task_command.py:467} INFO - Running <TaskInstance: kafka_to_s3.consume_data manual__2026-05-06T11:49:48.282815+00:00 [running]> on host aed342af3888
[2026-05-06T11:50:00.356+0000] {taskinstance.py:3134} INFO - Exporting env vars: AIRFLOW_CTX_DAG_OWNER='kafka_streaming' AIRFLOW_CTX_DAG_ID='kafka_to_s3' AIRFLOW_CTX_TASK_ID='consume_data' AIRFLOW_CTX_EXECUTION_DATE='2026-05-06T11:49:48.282815+00:00' AIRFLOW_CTX_TRY_NUMBER='1' AIRFLOW_CTX_DAG_RUN_ID='manual__2026-05-06T11:49:48.282815+00:00'
[2026-05-06T11:50:00.364+0000] {taskinstance.py:732} INFO - ::endgroup::
[2026-05-06T11:50:00.471+0000] {base.py:84} INFO - Retrieving connection 'aws_default'
[2026-05-06T11:50:01.423+0000] {consumer.py:186} INFO - Consumer started. batch_size=8  batch_timeout=30s  idle_exit=30s
[2026-05-06T11:50:09.274+0000] {consumer.py:222} INFO - Flushing batch #0000 (8 rows) — size
[2026-05-06T11:50:15.696+0000] {consumer.py:150} INFO - ✔ Batch #0000 → s3://streamstore-081653452945-ap-south-1-an/streamstore/year_2026_month_05_day_06_batch_20260506_115009_0000.csv  (8 rows, 0.7 KB)
[2026-05-06T11:50:40.726+0000] {consumer.py:213} INFO - Idle for 30s — exiting.
[2026-05-06T11:50:40.830+0000] {consumer.py:257} INFO - Consumer done. rows=8  files=1
[2026-05-06T11:50:40.894+0000] {python.py:240} INFO - Done. Returned value was: {'total_rows': 8, 'total_files': 1}
[2026-05-06T11:50:41.079+0000] {taskinstance.py:341} INFO - ::group::Post task execution logs
[2026-05-06T11:50:41.082+0000] {taskinstance.py:353} INFO - Marking task as SUCCESS. dag_id=kafka_to_s3, task_id=consume_data, run_id=manual__2026-05-06T11:49:48.282815+00:00, execution_date=20260506T114948, start_date=20260506T114959, end_date=20260506T115041
[2026-05-06T11:50:41.358+0000] {local_task_job_runner.py:266} INFO - Task exited with return code 0
[2026-05-06T11:50:41.530+0000] {taskinstance.py:3901} INFO - 1 downstream tasks scheduled from follow-on schedule check
[2026-05-06T11:50:41.545+0000] {local_task_job_runner.py:245} INFO - ::endgroup::
