[2026-05-07T22:49:03.699+0000] {local_task_job_runner.py:123} INFO - ::group::Pre task execution logs
[2026-05-07T22:49:03.744+0000] {taskinstance.py:2614} INFO - Dependencies all met for dep_context=non-requeueable deps ti=<TaskInstance: kafka_to_s3.produce_data manual__2026-05-07T22:48:58.350619+00:00 [queued]>
[2026-05-07T22:49:03.759+0000] {taskinstance.py:2614} INFO - Dependencies all met for dep_context=requeueable deps ti=<TaskInstance: kafka_to_s3.produce_data manual__2026-05-07T22:48:58.350619+00:00 [queued]>
[2026-05-07T22:49:03.760+0000] {taskinstance.py:2867} INFO - Starting attempt 1 of 1
[2026-05-07T22:49:03.782+0000] {taskinstance.py:2890} INFO - Executing <Task(PythonOperator): produce_data> on 2026-05-07 22:48:58.350619+00:00
[2026-05-07T22:49:03.792+0000] {warnings.py:112} WARNING - /home/***/.local/lib/python3.12/site-packages/***/task/task_runner/standard_task_runner.py:70: DeprecationWarning: This process (pid=3099) is multi-threaded, use of fork() may lead to deadlocks in the child.
  pid = os.fork()

[2026-05-07T22:49:03.797+0000] {standard_task_runner.py:104} INFO - Running: ['***', 'tasks', 'run', 'kafka_to_s3', 'produce_data', 'manual__2026-05-07T22:48:58.350619+00:00', '--job-id', '171', '--raw', '--subdir', 'DAGS_FOLDER/main.py', '--cfg-path', '/tmp/tmpyy9e5a2c']
[2026-05-07T22:49:03.799+0000] {standard_task_runner.py:72} INFO - Started process 3100 to run task
[2026-05-07T22:49:03.799+0000] {standard_task_runner.py:105} INFO - Job 171: Subtask produce_data
[2026-05-07T22:49:03.903+0000] {task_command.py:467} INFO - Running <TaskInstance: kafka_to_s3.produce_data manual__2026-05-07T22:48:58.350619+00:00 [running]> on host d50ffedd74f8
[2026-05-07T22:49:04.129+0000] {taskinstance.py:3134} INFO - Exporting env vars: AIRFLOW_CTX_DAG_OWNER='kafka_streaming' AIRFLOW_CTX_DAG_ID='kafka_to_s3' AIRFLOW_CTX_TASK_ID='produce_data' AIRFLOW_CTX_EXECUTION_DATE='2026-05-07T22:48:58.350619+00:00' AIRFLOW_CTX_TRY_NUMBER='1' AIRFLOW_CTX_DAG_RUN_ID='manual__2026-05-07T22:48:58.350619+00:00'
[2026-05-07T22:49:04.142+0000] {taskinstance.py:732} INFO - ::endgroup::
[2026-05-07T22:49:04.251+0000] {producer.py:98} INFO - Producer starting at offset 400 — will send 8 rows
[2026-05-07T22:49:04.640+0000] {producer.py:83} INFO - Delivered to stream_store_topic [0]
[2026-05-07T22:49:04.642+0000] {producer.py:83} INFO - Delivered to stream_store_topic [0]
[2026-05-07T22:49:04.644+0000] {producer.py:83} INFO - Delivered to stream_store_topic [0]
[2026-05-07T22:49:04.644+0000] {producer.py:83} INFO - Delivered to stream_store_topic [0]
[2026-05-07T22:49:04.645+0000] {producer.py:83} INFO - Delivered to stream_store_topic [0]
[2026-05-07T22:49:04.646+0000] {producer.py:83} INFO - Delivered to stream_store_topic [0]
[2026-05-07T22:49:04.647+0000] {producer.py:83} INFO - Delivered to stream_store_topic [0]
[2026-05-07T22:49:04.648+0000] {producer.py:83} INFO - Delivered to stream_store_topic [0]
[2026-05-07T22:49:04.666+0000] {crypto.py:82} WARNING - empty cryptography key - values will not be stored encrypted.
[2026-05-07T22:49:04.680+0000] {producer.py:145} INFO - Producer done. Rows sent: 8  |  Next offset: 408
[2026-05-07T22:49:04.685+0000] {python.py:240} INFO - Done. Returned value was: {'rows_sent': 8, 'next_offset': 408}
[2026-05-07T22:49:04.732+0000] {taskinstance.py:341} INFO - ::group::Post task execution logs
[2026-05-07T22:49:04.733+0000] {taskinstance.py:353} INFO - Marking task as SUCCESS. dag_id=kafka_to_s3, task_id=produce_data, run_id=manual__2026-05-07T22:48:58.350619+00:00, execution_date=20260507T224858, start_date=20260507T224903, end_date=20260507T224904
[2026-05-07T22:49:04.831+0000] {local_task_job_runner.py:266} INFO - Task exited with return code 0
[2026-05-07T22:49:04.942+0000] {taskinstance.py:3901} INFO - 1 downstream tasks scheduled from follow-on schedule check
[2026-05-07T22:49:04.949+0000] {local_task_job_runner.py:245} INFO - ::endgroup::
