[2026-05-06T11:00:22.212+0000] {local_task_job_runner.py:123} INFO - ::group::Pre task execution logs
[2026-05-06T11:00:22.244+0000] {taskinstance.py:2614} INFO - Dependencies all met for dep_context=non-requeueable deps ti=<TaskInstance: kafka_to_s3.consume_data scheduled__2026-05-04T00:00:00+00:00 [queued]>
[2026-05-06T11:00:22.259+0000] {taskinstance.py:2614} INFO - Dependencies all met for dep_context=requeueable deps ti=<TaskInstance: kafka_to_s3.consume_data scheduled__2026-05-04T00:00:00+00:00 [queued]>
[2026-05-06T11:00:22.260+0000] {taskinstance.py:2867} INFO - Starting attempt 1 of 1
[2026-05-06T11:00:22.286+0000] {taskinstance.py:2890} INFO - Executing <Task(PythonOperator): consume_data> on 2026-05-04 00:00:00+00:00
[2026-05-06T11:00:22.302+0000] {warnings.py:112} WARNING - /home/***/.local/lib/python3.12/site-packages/***/task/task_runner/standard_task_runner.py:70: DeprecationWarning: This process (pid=63) is multi-threaded, use of fork() may lead to deadlocks in the child.
  pid = os.fork()

[2026-05-06T11:00:22.307+0000] {standard_task_runner.py:72} INFO - Started process 64 to run task
[2026-05-06T11:00:22.307+0000] {standard_task_runner.py:104} INFO - Running: ['***', 'tasks', 'run', 'kafka_to_s3', 'consume_data', 'scheduled__2026-05-04T00:00:00+00:00', '--job-id', '121', '--raw', '--subdir', 'DAGS_FOLDER/main.py', '--cfg-path', '/tmp/tmpj9sx_xdr']
[2026-05-06T11:00:22.310+0000] {standard_task_runner.py:105} INFO - Job 121: Subtask consume_data
[2026-05-06T11:00:22.430+0000] {task_command.py:467} INFO - Running <TaskInstance: kafka_to_s3.consume_data scheduled__2026-05-04T00:00:00+00:00 [running]> on host 47a7c2fa7922
[2026-05-06T11:00:22.278+0000] {taskinstance.py:3134} INFO - Exporting env vars: AIRFLOW_CTX_DAG_OWNER='kafka_streaming' AIRFLOW_CTX_DAG_ID='kafka_to_s3' AIRFLOW_CTX_TASK_ID='consume_data' AIRFLOW_CTX_EXECUTION_DATE='2026-05-04T00:00:00+00:00' AIRFLOW_CTX_TRY_NUMBER='1' AIRFLOW_CTX_DAG_RUN_ID='scheduled__2026-05-04T00:00:00+00:00'
[2026-05-06T11:00:22.280+0000] {taskinstance.py:732} INFO - ::endgroup::
[2026-05-06T11:00:22.319+0000] {base.py:84} INFO - Retrieving connection 'aws_default'
[2026-05-06T11:00:24.231+0000] {consumer.py:186} INFO - Consumer started. batch_size=8  batch_timeout=30s  idle_exit=30s
[2026-05-06T11:00:32.366+0000] {consumer.py:222} INFO - Flushing batch #0000 (8 rows) — size
[2026-05-06T11:00:38.804+0000] {consumer.py:150} INFO - ✔ Batch #0000 → s3://streamstore-081653452945-ap-south-1-an/streamstore/year_2026_month_05_day_06_batch_20260506_110032_0000.csv  (8 rows, 0.7 KB)
[2026-05-06T11:00:38.809+0000] {consumer.py:222} INFO - Flushing batch #0001 (8 rows) — size
[2026-05-06T11:00:39.684+0000] {consumer.py:150} INFO - ✔ Batch #0001 → s3://streamstore-081653452945-ap-south-1-an/streamstore/year_2026_month_05_day_06_batch_20260506_110038_0001.csv  (8 rows, 0.7 KB)
[2026-05-06T11:01:11.068+0000] {consumer.py:213} INFO - Idle for 30s — exiting.
[2026-05-06T11:01:11.095+0000] {consumer.py:257} INFO - Consumer done. rows=16  files=2
[2026-05-06T11:01:11.118+0000] {python.py:240} INFO - Done. Returned value was: {'total_rows': 16, 'total_files': 2}
[2026-05-06T11:01:11.186+0000] {taskinstance.py:341} INFO - ::group::Post task execution logs
[2026-05-06T11:01:11.190+0000] {taskinstance.py:353} INFO - Marking task as SUCCESS. dag_id=kafka_to_s3, task_id=consume_data, run_id=scheduled__2026-05-04T00:00:00+00:00, execution_date=20260504T000000, start_date=20260506T110022, end_date=20260506T110111
[2026-05-06T11:01:11.298+0000] {local_task_job_runner.py:266} INFO - Task exited with return code 0
[2026-05-06T11:01:11.337+0000] {dagrun.py:977} ERROR - Failed to get task for ti <TaskInstance: kafka_to_s3.run_dbt_pipeline scheduled__2026-05-04T00:00:00+00:00 [None]>. Marking it as removed.
[2026-05-06T11:01:11.343+0000] {dagrun.py:977} ERROR - Failed to get task for ti <TaskInstance: kafka_to_s3.run_data_quality_checks scheduled__2026-05-04T00:00:00+00:00 [None]>. Marking it as removed.
[2026-05-06T11:01:11.363+0000] {taskinstance.py:3901} INFO - 1 downstream tasks scheduled from follow-on schedule check
[2026-05-06T11:01:11.366+0000] {local_task_job_runner.py:245} INFO - ::endgroup::
