[2026-05-07T23:00:16.308+0000] {local_task_job_runner.py:123} INFO - ::group::Pre task execution logs
[2026-05-07T23:00:16.334+0000] {taskinstance.py:2614} INFO - Dependencies all met for dep_context=non-requeueable deps ti=<TaskInstance: kafka_to_s3.run_data_quality_checks manual__2026-05-07T22:57:10.939692+00:00 [queued]>
[2026-05-07T23:00:16.346+0000] {taskinstance.py:2614} INFO - Dependencies all met for dep_context=requeueable deps ti=<TaskInstance: kafka_to_s3.run_data_quality_checks manual__2026-05-07T22:57:10.939692+00:00 [queued]>
[2026-05-07T23:00:16.347+0000] {taskinstance.py:2867} INFO - Starting attempt 1 of 1
[2026-05-07T23:00:16.363+0000] {taskinstance.py:2890} INFO - Executing <Task(PythonOperator): run_data_quality_checks> on 2026-05-07 22:57:10.939692+00:00
[2026-05-07T23:00:16.373+0000] {warnings.py:112} WARNING - /home/***/.local/lib/python3.12/site-packages/***/task/task_runner/standard_task_runner.py:70: DeprecationWarning: This process (pid=3348) is multi-threaded, use of fork() may lead to deadlocks in the child.
  pid = os.fork()

[2026-05-07T23:00:16.376+0000] {standard_task_runner.py:104} INFO - Running: ['***', 'tasks', 'run', 'kafka_to_s3', 'run_data_quality_checks', 'manual__2026-05-07T22:57:10.939692+00:00', '--job-id', '179', '--raw', '--subdir', 'DAGS_FOLDER/main.py', '--cfg-path', '/tmp/tmp129k685v']
[2026-05-07T23:00:16.377+0000] {standard_task_runner.py:72} INFO - Started process 3349 to run task
[2026-05-07T23:00:16.378+0000] {standard_task_runner.py:105} INFO - Job 179: Subtask run_data_quality_checks
[2026-05-07T23:00:16.468+0000] {task_command.py:467} INFO - Running <TaskInstance: kafka_to_s3.run_data_quality_checks manual__2026-05-07T22:57:10.939692+00:00 [running]> on host d50ffedd74f8
[2026-05-07T23:00:17.039+0000] {taskinstance.py:3134} INFO - Exporting env vars: AIRFLOW_CTX_DAG_OWNER='kafka_streaming' AIRFLOW_CTX_DAG_ID='kafka_to_s3' AIRFLOW_CTX_TASK_ID='run_data_quality_checks' AIRFLOW_CTX_EXECUTION_DATE='2026-05-07T22:57:10.939692+00:00' AIRFLOW_CTX_TRY_NUMBER='1' AIRFLOW_CTX_DAG_RUN_ID='manual__2026-05-07T22:57:10.939692+00:00'
[2026-05-07T23:00:17.041+0000] {taskinstance.py:732} INFO - ::endgroup::
[2026-05-07T23:00:17.082+0000] {base.py:84} INFO - Retrieving connection 'redshift_conn'
[2026-05-07T23:00:19.328+0000] {sql.py:511} INFO - Running statement: 
            SELECT COUNT(*)
            FROM (
                SELECT transaction
                FROM stream_schema.fct_order
                GROUP BY transaction
                HAVING COUNT(*) > 1
            ) t
        , parameters: None
[2026-05-07T23:00:20.236+0000] {sql.py:520} INFO - Rows affected: 1
[2026-05-07T23:00:20.241+0000] {warnings.py:112} WARNING - /home/***/.local/lib/python3.12/site-packages/***/providers/common/sql/hooks/sql.py:470: DeprecationWarning: Import of fetch_one_handler from the '***.providers.common.sql.hooks' module is deprecated and will
be removed in the future. Please import it from '***.providers.common.sql.hooks.handlers'.
  result = self._make_common_data_structure(handler(cur))

[2026-05-07T23:00:20.262+0000] {warnings.py:112} WARNING - /home/***/.local/lib/python3.12/site-packages/***/providers/common/sql/hooks/sql.py:471: DeprecationWarning: Import of return_single_query_results from the '***.providers.common.sql.hooks' module is deprecated and will
be removed in the future. Please import it from '***.providers.common.sql.hooks.handlers'.
  if return_single_query_results(sql, return_last, split_statements):

[2026-05-07T23:00:20.541+0000] {warnings.py:112} WARNING - /home/***/.local/lib/python3.12/site-packages/***/providers/common/sql/hooks/sql.py:486: DeprecationWarning: Import of return_single_query_results from the '***.providers.common.sql.hooks' module is deprecated and will
be removed in the future. Please import it from '***.providers.common.sql.hooks.handlers'.
  if return_single_query_results(sql, return_last, split_statements):

[2026-05-07T23:00:20.544+0000] {dbt_layers.py:65} INFO - duplicate_transaction: 0
[2026-05-07T23:00:23.089+0000] {sql.py:511} INFO - Running statement: 
            SELECT COUNT(*)
            FROM stream_schema.dim_customer
            WHERE country NOT IN ('US', 'UK', 'Canada', 'France', 'Denmark', 'Australia')
        , parameters: None
[2026-05-07T23:00:23.841+0000] {sql.py:520} INFO - Rows affected: 1
[2026-05-07T23:00:24.217+0000] {dbt_layers.py:65} INFO - invalid_country: 0
[2026-05-07T23:00:26.467+0000] {sql.py:511} INFO - Running statement: 
            SELECT COUNT(*)
            FROM stream_schema.fct_order
            WHERE quantity < 0
        , parameters: None
[2026-05-07T23:00:27.197+0000] {sql.py:520} INFO - Rows affected: 1
[2026-05-07T23:00:27.588+0000] {dbt_layers.py:65} INFO - negative_quantity: 0
[2026-05-07T23:00:27.590+0000] {python.py:240} INFO - Done. Returned value was: None
[2026-05-07T23:00:27.619+0000] {taskinstance.py:341} INFO - ::group::Post task execution logs
[2026-05-07T23:00:27.621+0000] {taskinstance.py:353} INFO - Marking task as SUCCESS. dag_id=kafka_to_s3, task_id=run_data_quality_checks, run_id=manual__2026-05-07T22:57:10.939692+00:00, execution_date=20260507T225710, start_date=20260507T230016, end_date=20260507T230027
[2026-05-07T23:00:27.737+0000] {local_task_job_runner.py:266} INFO - Task exited with return code 0
[2026-05-07T23:00:27.774+0000] {taskinstance.py:3901} INFO - 0 downstream tasks scheduled from follow-on schedule check
[2026-05-07T23:00:27.779+0000] {local_task_job_runner.py:245} INFO - ::endgroup::
