[2026-05-08T00:00:57.109+0000] {local_task_job_runner.py:123} INFO - ::group::Pre task execution logs
[2026-05-08T00:00:57.141+0000] {taskinstance.py:2614} INFO - Dependencies all met for dep_context=non-requeueable deps ti=<TaskInstance: kafka_to_s3.dbt_transformations scheduled__2026-05-07T00:00:00+00:00 [queued]>
[2026-05-08T00:00:57.154+0000] {taskinstance.py:2614} INFO - Dependencies all met for dep_context=requeueable deps ti=<TaskInstance: kafka_to_s3.dbt_transformations scheduled__2026-05-07T00:00:00+00:00 [queued]>
[2026-05-08T00:00:57.155+0000] {taskinstance.py:2867} INFO - Starting attempt 1 of 1
[2026-05-08T00:00:57.174+0000] {taskinstance.py:2890} INFO - Executing <Task(PythonOperator): dbt_transformations> on 2026-05-07 00:00:00+00:00
[2026-05-08T00:00:57.183+0000] {warnings.py:112} WARNING - /home/***/.local/lib/python3.12/site-packages/***/task/task_runner/standard_task_runner.py:70: DeprecationWarning: This process (pid=4061) is multi-threaded, use of fork() may lead to deadlocks in the child.
  pid = os.fork()

[2026-05-08T00:00:57.186+0000] {standard_task_runner.py:72} INFO - Started process 4062 to run task
[2026-05-08T00:00:57.186+0000] {standard_task_runner.py:104} INFO - Running: ['***', 'tasks', 'run', 'kafka_to_s3', 'dbt_transformations', 'scheduled__2026-05-07T00:00:00+00:00', '--job-id', '183', '--raw', '--subdir', 'DAGS_FOLDER/main.py', '--cfg-path', '/tmp/tmpswqg39lk']
[2026-05-08T00:00:57.188+0000] {standard_task_runner.py:105} INFO - Job 183: Subtask dbt_transformations
[2026-05-08T00:00:57.271+0000] {task_command.py:467} INFO - Running <TaskInstance: kafka_to_s3.dbt_transformations scheduled__2026-05-07T00:00:00+00:00 [running]> on host d50ffedd74f8
[2026-05-08T00:00:58.015+0000] {taskinstance.py:3134} INFO - Exporting env vars: AIRFLOW_CTX_DAG_OWNER='kafka_streaming' AIRFLOW_CTX_DAG_ID='kafka_to_s3' AIRFLOW_CTX_TASK_ID='dbt_transformations' AIRFLOW_CTX_EXECUTION_DATE='2026-05-07T00:00:00+00:00' AIRFLOW_CTX_TRY_NUMBER='1' AIRFLOW_CTX_DAG_RUN_ID='scheduled__2026-05-07T00:00:00+00:00'
[2026-05-08T00:00:58.018+0000] {taskinstance.py:732} INFO - ::endgroup::
[2026-05-08T00:01:36.142+0000] {dbt_layers.py:27} INFO - [0m00:01:03  Running with dbt=1.8.9
[0m00:01:03  [[33mWARNING[0m]: Deprecated functionality
The `log-path` config in `dbt_project.yml` has been deprecated, and will no
longer be supported in a future version of dbt-core. If you wish to write dbt
logs to a custom directory, please use the --log-path CLI flag or DBT_LOG_PATH
env var instead.
[0m00:01:03  [[33mWARNING[0m]: Deprecated functionality
The `target-path` config in `dbt_project.yml` has been deprecated, and will no
longer be supported in a future version of dbt-core. If you wish to write dbt
artifacts to a custom directory, please use the --target-path CLI flag or
DBT_TARGET_PATH env var instead.
[0m00:01:04  Registered adapter: redshift=1.8.1
[0m00:01:05  Found 5 models, 499 macros
[0m00:01:05  
[0m00:01:20  Concurrency: 4 threads (target='dev')
[0m00:01:20  
[0m00:01:20  1 of 1 START sql view model stream_schema.stream_store_raw ..................... [RUN]
[0m00:01:29  1 of 1 OK created sql view model stream_schema.stream_store_raw ................ [[32mSUCCESS[0m in 9.45s]
[0m00:01:34  
[0m00:01:34  Finished running 1 view model in 0 hours 0 minutes and 29.20 seconds (29.20s).
[0m00:01:34  
[0m00:01:34  [32mCompleted successfully[0m
[0m00:01:34  
[0m00:01:34  Done. PASS=1 WARN=0 ERROR=0 SKIP=0 TOTAL=1

[2026-05-08T00:02:17.190+0000] {dbt_layers.py:27} INFO - [0m00:01:44  Running with dbt=1.8.9
[0m00:01:44  [[33mWARNING[0m]: Deprecated functionality
The `log-path` config in `dbt_project.yml` has been deprecated, and will no
longer be supported in a future version of dbt-core. If you wish to write dbt
logs to a custom directory, please use the --log-path CLI flag or DBT_LOG_PATH
env var instead.
[0m00:01:44  [[33mWARNING[0m]: Deprecated functionality
The `target-path` config in `dbt_project.yml` has been deprecated, and will no
longer be supported in a future version of dbt-core. If you wish to write dbt
artifacts to a custom directory, please use the --target-path CLI flag or
DBT_TARGET_PATH env var instead.
[0m00:01:45  Registered adapter: redshift=1.8.1
[0m00:01:46  Found 5 models, 499 macros
[0m00:01:46  
[0m00:01:59  Concurrency: 4 threads (target='dev')
[0m00:01:59  
[0m00:01:59  1 of 1 START sql table model stream_schema.stream_store_stg .................... [RUN]
[0m00:02:11  1 of 1 OK created sql table model stream_schema.stream_store_stg ............... [[32mSUCCESS[0m in 12.11s]
[0m00:02:15  
[0m00:02:15  Finished running 1 table model in 0 hours 0 minutes and 28.98 seconds (28.98s).
[0m00:02:15  
[0m00:02:15  [32mCompleted successfully[0m
[0m00:02:15  
[0m00:02:15  Done. PASS=1 WARN=0 ERROR=0 SKIP=0 TOTAL=1

[2026-05-08T00:03:10.595+0000] {dbt_layers.py:27} INFO - [0m00:02:25  Running with dbt=1.8.9
[0m00:02:26  [[33mWARNING[0m]: Deprecated functionality
The `log-path` config in `dbt_project.yml` has been deprecated, and will no
longer be supported in a future version of dbt-core. If you wish to write dbt
logs to a custom directory, please use the --log-path CLI flag or DBT_LOG_PATH
env var instead.
[0m00:02:26  [[33mWARNING[0m]: Deprecated functionality
The `target-path` config in `dbt_project.yml` has been deprecated, and will no
longer be supported in a future version of dbt-core. If you wish to write dbt
artifacts to a custom directory, please use the --target-path CLI flag or
DBT_TARGET_PATH env var instead.
[0m00:02:28  Registered adapter: redshift=1.8.1
[0m00:02:31  Found 5 models, 499 macros
[0m00:02:31  
[0m00:02:46  Concurrency: 4 threads (target='dev')
[0m00:02:46  
[0m00:02:46  1 of 3 START sql table model stream_schema.dim_customer ........................ [RUN]
[0m00:02:46  2 of 3 START sql table model stream_schema.dim_product ......................... [RUN]
[0m00:02:46  3 of 3 START sql table model stream_schema.fct_order ........................... [RUN]
[0m00:03:03  3 of 3 OK created sql table model stream_schema.fct_order ...................... [[32mSUCCESS[0m in 16.98s]
[0m00:03:03  1 of 3 OK created sql table model stream_schema.dim_customer ................... [[32mSUCCESS[0m in 17.01s]
[0m00:03:03  2 of 3 OK created sql table model stream_schema.dim_product .................... [[32mSUCCESS[0m in 17.02s]
[0m00:03:08  
[0m00:03:08  Finished running 3 table models in 0 hours 0 minutes and 37.06 seconds (37.06s).
[0m00:03:08  
[0m00:03:08  [32mCompleted successfully[0m
[0m00:03:08  
[0m00:03:08  Done. PASS=3 WARN=0 ERROR=0 SKIP=0 TOTAL=3

[2026-05-08T00:03:10.599+0000] {python.py:240} INFO - Done. Returned value was: None
[2026-05-08T00:03:10.705+0000] {taskinstance.py:341} INFO - ::group::Post task execution logs
[2026-05-08T00:03:10.709+0000] {taskinstance.py:353} INFO - Marking task as SUCCESS. dag_id=kafka_to_s3, task_id=dbt_transformations, run_id=scheduled__2026-05-07T00:00:00+00:00, execution_date=20260507T000000, start_date=20260508T000057, end_date=20260508T000310
[2026-05-08T00:03:11.100+0000] {local_task_job_runner.py:266} INFO - Task exited with return code 0
[2026-05-08T00:03:11.164+0000] {taskinstance.py:3901} INFO - 0 downstream tasks scheduled from follow-on schedule check
[2026-05-08T00:03:11.171+0000] {local_task_job_runner.py:245} INFO - ::endgroup::
