[2026-05-04T07:47:51.426+0000] {local_task_job_runner.py:123} INFO - ::group::Pre task execution logs
[2026-05-04T07:47:51.457+0000] {taskinstance.py:2614} INFO - Dependencies all met for dep_context=non-requeueable deps ti=<TaskInstance: orders_kafka_to_s3.load_orders_to_redshift manual__2026-05-04T07:47:11.295565+00:00 [queued]>
[2026-05-04T07:47:51.471+0000] {taskinstance.py:2614} INFO - Dependencies all met for dep_context=requeueable deps ti=<TaskInstance: orders_kafka_to_s3.load_orders_to_redshift manual__2026-05-04T07:47:11.295565+00:00 [queued]>
[2026-05-04T07:47:51.472+0000] {taskinstance.py:2867} INFO - Starting attempt 1 of 1
[2026-05-04T07:47:51.498+0000] {taskinstance.py:2890} INFO - Executing <Task(PythonOperator): load_orders_to_redshift> on 2026-05-04 07:47:11.295565+00:00
[2026-05-04T07:47:51.513+0000] {warnings.py:112} WARNING - /home/***/.local/lib/python3.12/site-packages/***/task/task_runner/standard_task_runner.py:70: DeprecationWarning: This process (pid=1944) is multi-threaded, use of fork() may lead to deadlocks in the child.
  pid = os.fork()

[2026-05-04T07:47:51.519+0000] {standard_task_runner.py:72} INFO - Started process 1945 to run task
[2026-05-04T07:47:51.520+0000] {standard_task_runner.py:104} INFO - Running: ['***', 'tasks', 'run', 'orders_kafka_to_s3', 'load_orders_to_redshift', 'manual__2026-05-04T07:47:11.295565+00:00', '--job-id', '94', '--raw', '--subdir', 'DAGS_FOLDER/main.py', '--cfg-path', '/tmp/tmpvgzc89jq']
[2026-05-04T07:47:51.525+0000] {standard_task_runner.py:105} INFO - Job 94: Subtask load_orders_to_redshift
[2026-05-04T07:47:51.626+0000] {task_command.py:467} INFO - Running <TaskInstance: orders_kafka_to_s3.load_orders_to_redshift manual__2026-05-04T07:47:11.295565+00:00 [running]> on host 3e44dd26e004
[2026-05-04T07:47:51.780+0000] {taskinstance.py:3134} INFO - Exporting env vars: AIRFLOW_CTX_DAG_OWNER='kafka_streaming' AIRFLOW_CTX_DAG_ID='orders_kafka_to_s3' AIRFLOW_CTX_TASK_ID='load_orders_to_redshift' AIRFLOW_CTX_EXECUTION_DATE='2026-05-04T07:47:11.295565+00:00' AIRFLOW_CTX_TRY_NUMBER='1' AIRFLOW_CTX_DAG_RUN_ID='manual__2026-05-04T07:47:11.295565+00:00'
[2026-05-04T07:47:51.782+0000] {taskinstance.py:732} INFO - ::endgroup::
[2026-05-04T07:47:51.804+0000] {redshift_loader.py:25} INFO - Step 1: Connecting to Redshift...
[2026-05-04T07:47:51.818+0000] {base.py:84} INFO - Retrieving connection 'redshift_conn'
[2026-05-04T07:47:55.198+0000] {redshift_loader.py:46} INFO - Connected to Redshift successfully
[2026-05-04T07:47:55.200+0000] {redshift_loader.py:80} INFO - Step 2: Creating table if not exists...
[2026-05-04T07:47:56.787+0000] {logging_mixin.py:190} INFO - ✔ Table ensured
[2026-05-04T07:47:56.788+0000] {redshift_loader.py:87} INFO - Table ensured successfully
[2026-05-04T07:47:56.809+0000] {redshift_loader.py:108} INFO - Step 3: Copying data from S3 to Redshift...
[2026-05-04T07:47:58.111+0000] {redshift_loader.py:118} ERROR - Pipeline failed: Load into table 'stream_store_raw' failed.  Check 'sys_load_error_detail' system table for details.

[2026-05-04T07:47:58.495+0000] {logging_mixin.py:190} INFO - ❌ Pipeline failed: Load into table 'stream_store_raw' failed.  Check 'sys_load_error_detail' system table for details.
[2026-05-04T07:47:58.498+0000] {redshift_loader.py:128} INFO - Redshift connection closed
[2026-05-04T07:47:58.501+0000] {taskinstance.py:3313} ERROR - Task failed with exception
Traceback (most recent call last):
  File "/home/airflow/.local/lib/python3.12/site-packages/airflow/models/taskinstance.py", line 763, in _execute_task
    result = _execute_callable(context=context, **execute_callable_kwargs)
             ^^^^^^^^^^^^^^^^^^^^^^^^^^^^^^^^^^^^^^^^^^^^^^^^^^^^^^^^^^^^^
  File "/home/airflow/.local/lib/python3.12/site-packages/airflow/models/taskinstance.py", line 734, in _execute_callable
    return ExecutionCallableRunner(
           ^^^^^^^^^^^^^^^^^^^^^^^^
  File "/home/airflow/.local/lib/python3.12/site-packages/airflow/utils/operator_helpers.py", line 252, in run
    return self.func(*args, **kwargs)
           ^^^^^^^^^^^^^^^^^^^^^^^^^^
  File "/home/airflow/.local/lib/python3.12/site-packages/airflow/models/baseoperator.py", line 424, in wrapper
    return func(self, *args, **kwargs)
           ^^^^^^^^^^^^^^^^^^^^^^^^^^^
  File "/home/airflow/.local/lib/python3.12/site-packages/airflow/operators/python.py", line 238, in execute
    return_value = self.execute_callable()
                   ^^^^^^^^^^^^^^^^^^^^^^^
  File "/home/airflow/.local/lib/python3.12/site-packages/airflow/operators/python.py", line 256, in execute_callable
    return runner.run(*self.op_args, **self.op_kwargs)
           ^^^^^^^^^^^^^^^^^^^^^^^^^^^^^^^^^^^^^^^^^^^
  File "/home/airflow/.local/lib/python3.12/site-packages/airflow/utils/operator_helpers.py", line 252, in run
    return self.func(*args, **kwargs)
           ^^^^^^^^^^^^^^^^^^^^^^^^^^
  File "/opt/airflow/services/redshift_loader.py", line 111, in load_data_from_s3_to_redshift
    cur.execute(copy_sql)
psycopg2.errors.InternalError_: Load into table 'stream_store_raw' failed.  Check 'sys_load_error_detail' system table for details.

[2026-05-04T07:47:58.526+0000] {taskinstance.py:1226} INFO - Marking task as FAILED. dag_id=orders_kafka_to_s3, task_id=load_orders_to_redshift, run_id=manual__2026-05-04T07:47:11.295565+00:00, execution_date=20260504T074711, start_date=20260504T074751, end_date=20260504T074758
[2026-05-04T07:47:58.571+0000] {taskinstance.py:341} INFO - ::group::Post task execution logs
[2026-05-04T07:47:58.572+0000] {standard_task_runner.py:124} ERROR - Failed to execute job 94 for task load_orders_to_redshift (Load into table 'stream_store_raw' failed.  Check 'sys_load_error_detail' system table for details.
; 1945)
Traceback (most recent call last):
  File "/home/airflow/.local/lib/python3.12/site-packages/airflow/task/task_runner/standard_task_runner.py", line 117, in _start_by_fork
    ret = args.func(args, dag=self.dag)
          ^^^^^^^^^^^^^^^^^^^^^^^^^^^^^
  File "/home/airflow/.local/lib/python3.12/site-packages/airflow/cli/cli_config.py", line 49, in command
    return func(*args, **kwargs)
           ^^^^^^^^^^^^^^^^^^^^^
  File "/home/airflow/.local/lib/python3.12/site-packages/airflow/utils/cli.py", line 116, in wrapper
    return f(*args, **kwargs)
           ^^^^^^^^^^^^^^^^^^
  File "/home/airflow/.local/lib/python3.12/site-packages/airflow/cli/commands/task_command.py", line 483, in task_run
    task_return_code = _run_task_by_selected_method(args, _dag, ti)
                       ^^^^^^^^^^^^^^^^^^^^^^^^^^^^^^^^^^^^^^^^^^^^
  File "/home/airflow/.local/lib/python3.12/site-packages/airflow/cli/commands/task_command.py", line 256, in _run_task_by_selected_method
    return _run_raw_task(args, ti)
           ^^^^^^^^^^^^^^^^^^^^^^^
  File "/home/airflow/.local/lib/python3.12/site-packages/airflow/cli/commands/task_command.py", line 341, in _run_raw_task
    return ti._run_raw_task(
           ^^^^^^^^^^^^^^^^^
  File "/home/airflow/.local/lib/python3.12/site-packages/airflow/utils/session.py", line 97, in wrapper
    return func(*args, session=session, **kwargs)
           ^^^^^^^^^^^^^^^^^^^^^^^^^^^^^^^^^^^^^^
  File "/home/airflow/.local/lib/python3.12/site-packages/airflow/models/taskinstance.py", line 3006, in _run_raw_task
    return _run_raw_task(
           ^^^^^^^^^^^^^^
  File "/home/airflow/.local/lib/python3.12/site-packages/airflow/models/taskinstance.py", line 274, in _run_raw_task
    TaskInstance._execute_task_with_callbacks(
  File "/home/airflow/.local/lib/python3.12/site-packages/airflow/models/taskinstance.py", line 3161, in _execute_task_with_callbacks
    result = self._execute_task(context, task_orig)
             ^^^^^^^^^^^^^^^^^^^^^^^^^^^^^^^^^^^^^^
  File "/home/airflow/.local/lib/python3.12/site-packages/airflow/models/taskinstance.py", line 3185, in _execute_task
    return _execute_task(self, context, task_orig)
           ^^^^^^^^^^^^^^^^^^^^^^^^^^^^^^^^^^^^^^^
  File "/home/airflow/.local/lib/python3.12/site-packages/airflow/models/taskinstance.py", line 763, in _execute_task
    result = _execute_callable(context=context, **execute_callable_kwargs)
             ^^^^^^^^^^^^^^^^^^^^^^^^^^^^^^^^^^^^^^^^^^^^^^^^^^^^^^^^^^^^^
  File "/home/airflow/.local/lib/python3.12/site-packages/airflow/models/taskinstance.py", line 734, in _execute_callable
    return ExecutionCallableRunner(
           ^^^^^^^^^^^^^^^^^^^^^^^^
  File "/home/airflow/.local/lib/python3.12/site-packages/airflow/utils/operator_helpers.py", line 252, in run
    return self.func(*args, **kwargs)
           ^^^^^^^^^^^^^^^^^^^^^^^^^^
  File "/home/airflow/.local/lib/python3.12/site-packages/airflow/models/baseoperator.py", line 424, in wrapper
    return func(self, *args, **kwargs)
           ^^^^^^^^^^^^^^^^^^^^^^^^^^^
  File "/home/airflow/.local/lib/python3.12/site-packages/airflow/operators/python.py", line 238, in execute
    return_value = self.execute_callable()
                   ^^^^^^^^^^^^^^^^^^^^^^^
  File "/home/airflow/.local/lib/python3.12/site-packages/airflow/operators/python.py", line 256, in execute_callable
    return runner.run(*self.op_args, **self.op_kwargs)
           ^^^^^^^^^^^^^^^^^^^^^^^^^^^^^^^^^^^^^^^^^^^
  File "/home/airflow/.local/lib/python3.12/site-packages/airflow/utils/operator_helpers.py", line 252, in run
    return self.func(*args, **kwargs)
           ^^^^^^^^^^^^^^^^^^^^^^^^^^
  File "/opt/airflow/services/redshift_loader.py", line 111, in load_data_from_s3_to_redshift
    cur.execute(copy_sql)
psycopg2.errors.InternalError_: Load into table 'stream_store_raw' failed.  Check 'sys_load_error_detail' system table for details.

[2026-05-04T07:47:58.634+0000] {local_task_job_runner.py:266} INFO - Task exited with return code 1
[2026-05-04T07:47:58.657+0000] {taskinstance.py:3901} INFO - 0 downstream tasks scheduled from follow-on schedule check
[2026-05-04T07:47:58.660+0000] {local_task_job_runner.py:245} INFO - ::endgroup::
