[2026-04-30T00:50:57.053+0000] {local_task_job_runner.py:123} INFO - ::group::Pre task execution logs
[2026-04-30T00:50:57.078+0000] {taskinstance.py:2614} INFO - Dependencies all met for dep_context=non-requeueable deps ti=<TaskInstance: orders_kafka_to_s3.produce_orders manual__2026-04-30T00:50:55.177329+00:00 [queued]>
[2026-04-30T00:50:57.092+0000] {taskinstance.py:2614} INFO - Dependencies all met for dep_context=requeueable deps ti=<TaskInstance: orders_kafka_to_s3.produce_orders manual__2026-04-30T00:50:55.177329+00:00 [queued]>
[2026-04-30T00:50:57.093+0000] {taskinstance.py:2867} INFO - Starting attempt 1 of 1
[2026-04-30T00:50:57.116+0000] {taskinstance.py:2890} INFO - Executing <Task(PythonOperator): produce_orders> on 2026-04-30 00:50:55.177329+00:00
[2026-04-30T00:50:57.128+0000] {warnings.py:112} WARNING - /home/***/.local/lib/python3.12/site-packages/***/task/task_runner/standard_task_runner.py:70: DeprecationWarning: This process (pid=144) is multi-threaded, use of fork() may lead to deadlocks in the child.
  pid = os.fork()

[2026-04-30T00:50:57.132+0000] {standard_task_runner.py:72} INFO - Started process 145 to run task
[2026-04-30T00:50:57.133+0000] {standard_task_runner.py:104} INFO - Running: ['***', 'tasks', 'run', 'orders_kafka_to_s3', 'produce_orders', 'manual__2026-04-30T00:50:55.177329+00:00', '--job-id', '4', '--raw', '--subdir', 'DAGS_FOLDER/main.py', '--cfg-path', '/tmp/tmp46dckc8d']
[2026-04-30T00:50:57.137+0000] {standard_task_runner.py:105} INFO - Job 4: Subtask produce_orders
[2026-04-30T00:50:57.259+0000] {task_command.py:467} INFO - Running <TaskInstance: orders_kafka_to_s3.produce_orders manual__2026-04-30T00:50:55.177329+00:00 [running]> on host ae6d1dd9ab05
[2026-04-30T00:50:57.422+0000] {taskinstance.py:3134} INFO - Exporting env vars: AIRFLOW_CTX_DAG_OWNER='kafka_streaming' AIRFLOW_CTX_DAG_ID='orders_kafka_to_s3' AIRFLOW_CTX_TASK_ID='produce_orders' AIRFLOW_CTX_EXECUTION_DATE='2026-04-30T00:50:55.177329+00:00' AIRFLOW_CTX_TRY_NUMBER='1' AIRFLOW_CTX_DAG_RUN_ID='manual__2026-04-30T00:50:55.177329+00:00'
[2026-04-30T00:50:57.428+0000] {taskinstance.py:732} INFO - ::endgroup::
[2026-04-30T00:50:57.668+0000] {producer.py:98} INFO - Producer starting at offset 0 — will send 8 rows
[2026-04-30T00:55:39.909+0000] {producer.py:81} ERROR - Delivery failed: KafkaError{code=_MSG_TIMED_OUT,val=-192,str="Local: Message timed out"}
[2026-04-30T00:55:39.914+0000] {producer.py:81} ERROR - Delivery failed: KafkaError{code=_MSG_TIMED_OUT,val=-192,str="Local: Message timed out"}
[2026-04-30T00:55:39.917+0000] {producer.py:81} ERROR - Delivery failed: KafkaError{code=_MSG_TIMED_OUT,val=-192,str="Local: Message timed out"}
[2026-04-30T00:55:39.920+0000] {producer.py:81} ERROR - Delivery failed: KafkaError{code=_MSG_TIMED_OUT,val=-192,str="Local: Message timed out"}
[2026-04-30T00:55:39.922+0000] {producer.py:81} ERROR - Delivery failed: KafkaError{code=_MSG_TIMED_OUT,val=-192,str="Local: Message timed out"}
[2026-04-30T00:55:39.925+0000] {producer.py:81} ERROR - Delivery failed: KafkaError{code=_MSG_TIMED_OUT,val=-192,str="Local: Message timed out"}
[2026-04-30T00:55:39.929+0000] {producer.py:81} ERROR - Delivery failed: KafkaError{code=_MSG_TIMED_OUT,val=-192,str="Local: Message timed out"}
[2026-04-30T00:55:39.932+0000] {producer.py:81} ERROR - Delivery failed: KafkaError{code=_MSG_TIMED_OUT,val=-192,str="Local: Message timed out"}
[2026-04-30T00:55:39.987+0000] {crypto.py:82} WARNING - empty cryptography key - values will not be stored encrypted.
[2026-04-30T00:55:40.013+0000] {producer.py:147} INFO - Producer done. Rows sent: 8  |  Next offset: 8
[2026-04-30T00:55:40.017+0000] {python.py:240} INFO - Done. Returned value was: {'rows_sent': 8, 'next_offset': 8}
[2026-04-30T00:55:40.110+0000] {taskinstance.py:341} INFO - ::group::Post task execution logs
[2026-04-30T00:55:40.111+0000] {taskinstance.py:353} INFO - Marking task as SUCCESS. dag_id=orders_kafka_to_s3, task_id=produce_orders, run_id=manual__2026-04-30T00:50:55.177329+00:00, execution_date=20260430T005055, start_date=20260430T005057, end_date=20260430T005540
[2026-04-30T00:55:40.193+0000] {local_task_job_runner.py:266} INFO - Task exited with return code 0
[2026-04-30T00:55:40.263+0000] {taskinstance.py:3901} INFO - 1 downstream tasks scheduled from follow-on schedule check
[2026-04-30T00:55:40.268+0000] {local_task_job_runner.py:245} INFO - ::endgroup::
