[2026-05-04T08:04:31.837+0000] {local_task_job_runner.py:123} INFO - ::group::Pre task execution logs
[2026-05-04T08:04:31.866+0000] {taskinstance.py:2614} INFO - Dependencies all met for dep_context=non-requeueable deps ti=<TaskInstance: kafka_to_s3.produce_data manual__2026-05-04T08:04:30.697682+00:00 [queued]>
[2026-05-04T08:04:31.885+0000] {taskinstance.py:2614} INFO - Dependencies all met for dep_context=requeueable deps ti=<TaskInstance: kafka_to_s3.produce_data manual__2026-05-04T08:04:30.697682+00:00 [queued]>
[2026-05-04T08:04:31.886+0000] {taskinstance.py:2867} INFO - Starting attempt 1 of 1
[2026-05-04T08:04:31.921+0000] {taskinstance.py:2890} INFO - Executing <Task(PythonOperator): produce_data> on 2026-05-04 08:04:30.697682+00:00
[2026-05-04T08:04:31.930+0000] {warnings.py:112} WARNING - /home/***/.local/lib/python3.12/site-packages/***/task/task_runner/standard_task_runner.py:70: DeprecationWarning: This process (pid=2193) is multi-threaded, use of fork() may lead to deadlocks in the child.
  pid = os.fork()

[2026-05-04T08:04:31.933+0000] {standard_task_runner.py:72} INFO - Started process 2194 to run task
[2026-05-04T08:04:31.934+0000] {standard_task_runner.py:104} INFO - Running: ['***', 'tasks', 'run', 'kafka_to_s3', 'produce_data', 'manual__2026-05-04T08:04:30.697682+00:00', '--job-id', '101', '--raw', '--subdir', 'DAGS_FOLDER/main.py', '--cfg-path', '/tmp/tmp6iwvfjqt']
[2026-05-04T08:04:31.937+0000] {standard_task_runner.py:105} INFO - Job 101: Subtask produce_data
[2026-05-04T08:04:32.047+0000] {task_command.py:467} INFO - Running <TaskInstance: kafka_to_s3.produce_data manual__2026-05-04T08:04:30.697682+00:00 [running]> on host 3e44dd26e004
[2026-05-04T08:04:32.249+0000] {taskinstance.py:3134} INFO - Exporting env vars: AIRFLOW_CTX_DAG_OWNER='kafka_streaming' AIRFLOW_CTX_DAG_ID='kafka_to_s3' AIRFLOW_CTX_TASK_ID='produce_data' AIRFLOW_CTX_EXECUTION_DATE='2026-05-04T08:04:30.697682+00:00' AIRFLOW_CTX_TRY_NUMBER='1' AIRFLOW_CTX_DAG_RUN_ID='manual__2026-05-04T08:04:30.697682+00:00'
[2026-05-04T08:04:32.252+0000] {taskinstance.py:732} INFO - ::endgroup::
[2026-05-04T08:04:32.314+0000] {producer.py:98} INFO - Producer starting at offset 264 — will send 8 rows
[2026-05-04T08:04:33.337+0000] {producer.py:83} INFO - Delivered to stream_store_topic [0]
[2026-05-04T08:04:33.338+0000] {producer.py:83} INFO - Delivered to stream_store_topic [0]
[2026-05-04T08:04:33.340+0000] {producer.py:83} INFO - Delivered to stream_store_topic [0]
[2026-05-04T08:04:33.341+0000] {producer.py:83} INFO - Delivered to stream_store_topic [0]
[2026-05-04T08:04:33.342+0000] {producer.py:83} INFO - Delivered to stream_store_topic [0]
[2026-05-04T08:04:33.343+0000] {producer.py:83} INFO - Delivered to stream_store_topic [0]
[2026-05-04T08:04:33.345+0000] {producer.py:83} INFO - Delivered to stream_store_topic [0]
[2026-05-04T08:04:33.346+0000] {producer.py:83} INFO - Delivered to stream_store_topic [0]
[2026-05-04T08:04:33.362+0000] {crypto.py:82} WARNING - empty cryptography key - values will not be stored encrypted.
[2026-05-04T08:04:33.373+0000] {producer.py:145} INFO - Producer done. Rows sent: 8  |  Next offset: 272
[2026-05-04T08:04:33.375+0000] {python.py:240} INFO - Done. Returned value was: {'rows_sent': 8, 'next_offset': 272}
[2026-05-04T08:04:33.432+0000] {taskinstance.py:341} INFO - ::group::Post task execution logs
[2026-05-04T08:04:33.433+0000] {taskinstance.py:353} INFO - Marking task as SUCCESS. dag_id=kafka_to_s3, task_id=produce_data, run_id=manual__2026-05-04T08:04:30.697682+00:00, execution_date=20260504T080430, start_date=20260504T080431, end_date=20260504T080433
[2026-05-04T08:04:33.521+0000] {local_task_job_runner.py:266} INFO - Task exited with return code 0
[2026-05-04T08:04:33.571+0000] {taskinstance.py:3901} INFO - 1 downstream tasks scheduled from follow-on schedule check
[2026-05-04T08:04:33.574+0000] {local_task_job_runner.py:245} INFO - ::endgroup::
