[2026-05-08T00:00:11.672+0000] {local_task_job_runner.py:123} INFO - ::group::Pre task execution logs
[2026-05-08T00:00:11.711+0000] {taskinstance.py:2614} INFO - Dependencies all met for dep_context=non-requeueable deps ti=<TaskInstance: kafka_to_s3.consume_data scheduled__2026-05-07T00:00:00+00:00 [queued]>
[2026-05-08T00:00:11.727+0000] {taskinstance.py:2614} INFO - Dependencies all met for dep_context=requeueable deps ti=<TaskInstance: kafka_to_s3.consume_data scheduled__2026-05-07T00:00:00+00:00 [queued]>
[2026-05-08T00:00:11.729+0000] {taskinstance.py:2867} INFO - Starting attempt 1 of 1
[2026-05-08T00:00:11.752+0000] {taskinstance.py:2890} INFO - Executing <Task(PythonOperator): consume_data> on 2026-05-07 00:00:00+00:00
[2026-05-08T00:00:11.767+0000] {warnings.py:112} WARNING - /home/***/.local/lib/python3.12/site-packages/***/task/task_runner/standard_task_runner.py:70: DeprecationWarning: This process (pid=4044) is multi-threaded, use of fork() may lead to deadlocks in the child.
  pid = os.fork()

[2026-05-08T00:00:11.770+0000] {standard_task_runner.py:72} INFO - Started process 4045 to run task
[2026-05-08T00:00:11.771+0000] {standard_task_runner.py:104} INFO - Running: ['***', 'tasks', 'run', 'kafka_to_s3', 'consume_data', 'scheduled__2026-05-07T00:00:00+00:00', '--job-id', '181', '--raw', '--subdir', 'DAGS_FOLDER/main.py', '--cfg-path', '/tmp/tmpqcu1l4f5']
[2026-05-08T00:00:11.773+0000] {standard_task_runner.py:105} INFO - Job 181: Subtask consume_data
[2026-05-08T00:00:11.864+0000] {task_command.py:467} INFO - Running <TaskInstance: kafka_to_s3.consume_data scheduled__2026-05-07T00:00:00+00:00 [running]> on host d50ffedd74f8
[2026-05-08T00:00:12.019+0000] {taskinstance.py:3134} INFO - Exporting env vars: AIRFLOW_CTX_DAG_OWNER='kafka_streaming' AIRFLOW_CTX_DAG_ID='kafka_to_s3' AIRFLOW_CTX_TASK_ID='consume_data' AIRFLOW_CTX_EXECUTION_DATE='2026-05-07T00:00:00+00:00' AIRFLOW_CTX_TRY_NUMBER='1' AIRFLOW_CTX_DAG_RUN_ID='scheduled__2026-05-07T00:00:00+00:00'
[2026-05-08T00:00:12.022+0000] {taskinstance.py:732} INFO - ::endgroup::
[2026-05-08T00:00:12.081+0000] {base.py:84} INFO - Retrieving connection 'aws_default'
[2026-05-08T00:00:12.945+0000] {consumer.py:176} INFO - Consumer started. batch_size=8  batch_timeout=30s  idle_exit=30s
[2026-05-08T00:00:16.371+0000] {consumer.py:212} INFO - Flushing batch #0000 (8 rows) — size
[2026-05-08T00:00:18.382+0000] {consumer.py:140} INFO - ✔ Batch #0000 → s3://streamstore-081653452945-ap-south-1-an/streamstore/year_2026_month_05_day_08_batch_20260508_000016_0000.csv  (8 rows, 0.7 KB)
[2026-05-08T00:00:47.512+0000] {consumer.py:203} INFO - Idle for 30s — exiting.
[2026-05-08T00:00:47.533+0000] {consumer.py:247} INFO - Consumer done. rows=8  files=1
[2026-05-08T00:00:47.544+0000] {python.py:240} INFO - Done. Returned value was: {'total_rows': 8, 'total_files': 1}
[2026-05-08T00:00:47.573+0000] {taskinstance.py:341} INFO - ::group::Post task execution logs
[2026-05-08T00:00:47.574+0000] {taskinstance.py:353} INFO - Marking task as SUCCESS. dag_id=kafka_to_s3, task_id=consume_data, run_id=scheduled__2026-05-07T00:00:00+00:00, execution_date=20260507T000000, start_date=20260508T000011, end_date=20260508T000047
[2026-05-08T00:00:47.667+0000] {local_task_job_runner.py:266} INFO - Task exited with return code 0
[2026-05-08T00:00:47.702+0000] {taskinstance.py:3901} INFO - 1 downstream tasks scheduled from follow-on schedule check
[2026-05-08T00:00:47.705+0000] {local_task_job_runner.py:245} INFO - ::endgroup::
