[2026-04-30T17:30:51.386+0000] {local_task_job_runner.py:123} INFO - ::group::Pre task execution logs
[2026-04-30T17:30:51.411+0000] {taskinstance.py:2614} INFO - Dependencies all met for dep_context=non-requeueable deps ti=<TaskInstance: orders_kafka_to_s3.produce_orders manual__2026-04-30T17:30:48.002790+00:00 [queued]>
[2026-04-30T17:30:51.423+0000] {taskinstance.py:2614} INFO - Dependencies all met for dep_context=requeueable deps ti=<TaskInstance: orders_kafka_to_s3.produce_orders manual__2026-04-30T17:30:48.002790+00:00 [queued]>
[2026-04-30T17:30:51.424+0000] {taskinstance.py:2867} INFO - Starting attempt 1 of 1
[2026-04-30T17:30:51.443+0000] {taskinstance.py:2890} INFO - Executing <Task(PythonOperator): produce_orders> on 2026-04-30 17:30:48.002790+00:00
[2026-04-30T17:30:51.456+0000] {warnings.py:112} WARNING - /home/***/.local/lib/python3.12/site-packages/***/task/task_runner/standard_task_runner.py:70: DeprecationWarning: This process (pid=85) is multi-threaded, use of fork() may lead to deadlocks in the child.
  pid = os.fork()

[2026-04-30T17:30:51.461+0000] {standard_task_runner.py:72} INFO - Started process 86 to run task
[2026-04-30T17:30:51.461+0000] {standard_task_runner.py:104} INFO - Running: ['***', 'tasks', 'run', 'orders_kafka_to_s3', 'produce_orders', 'manual__2026-04-30T17:30:48.002790+00:00', '--job-id', '23', '--raw', '--subdir', 'DAGS_FOLDER/main.py', '--cfg-path', '/tmp/tmpie6r4u8i']
[2026-04-30T17:30:51.464+0000] {standard_task_runner.py:105} INFO - Job 23: Subtask produce_orders
[2026-04-30T17:30:51.604+0000] {task_command.py:467} INFO - Running <TaskInstance: orders_kafka_to_s3.produce_orders manual__2026-04-30T17:30:48.002790+00:00 [running]> on host 3e097463e953
[2026-04-30T17:30:51.755+0000] {taskinstance.py:3134} INFO - Exporting env vars: AIRFLOW_CTX_DAG_OWNER='kafka_streaming' AIRFLOW_CTX_DAG_ID='orders_kafka_to_s3' AIRFLOW_CTX_TASK_ID='produce_orders' AIRFLOW_CTX_EXECUTION_DATE='2026-04-30T17:30:48.002790+00:00' AIRFLOW_CTX_TRY_NUMBER='1' AIRFLOW_CTX_DAG_RUN_ID='manual__2026-04-30T17:30:48.002790+00:00'
[2026-04-30T17:30:51.757+0000] {taskinstance.py:732} INFO - ::endgroup::
[2026-04-30T17:30:51.833+0000] {producer.py:98} INFO - Producer starting at offset 64 — will send 8 rows
[2026-04-30T17:30:54.197+0000] {producer.py:83} INFO - Delivered to orders_topic [0]
[2026-04-30T17:30:54.198+0000] {producer.py:83} INFO - Delivered to orders_topic [0]
[2026-04-30T17:30:54.199+0000] {producer.py:83} INFO - Delivered to orders_topic [0]
[2026-04-30T17:30:54.199+0000] {producer.py:83} INFO - Delivered to orders_topic [0]
[2026-04-30T17:30:54.201+0000] {producer.py:83} INFO - Delivered to orders_topic [0]
[2026-04-30T17:30:54.202+0000] {producer.py:83} INFO - Delivered to orders_topic [0]
[2026-04-30T17:30:54.203+0000] {producer.py:83} INFO - Delivered to orders_topic [0]
[2026-04-30T17:30:54.204+0000] {producer.py:83} INFO - Delivered to orders_topic [0]
[2026-04-30T17:30:54.218+0000] {crypto.py:82} WARNING - empty cryptography key - values will not be stored encrypted.
[2026-04-30T17:30:54.228+0000] {producer.py:145} INFO - Producer done. Rows sent: 8  |  Next offset: 72
[2026-04-30T17:30:54.235+0000] {python.py:240} INFO - Done. Returned value was: {'rows_sent': 8, 'next_offset': 72}
[2026-04-30T17:30:54.308+0000] {taskinstance.py:341} INFO - ::group::Post task execution logs
[2026-04-30T17:30:54.309+0000] {taskinstance.py:353} INFO - Marking task as SUCCESS. dag_id=orders_kafka_to_s3, task_id=produce_orders, run_id=manual__2026-04-30T17:30:48.002790+00:00, execution_date=20260430T173048, start_date=20260430T173051, end_date=20260430T173054
[2026-04-30T17:30:54.398+0000] {local_task_job_runner.py:266} INFO - Task exited with return code 0
[2026-04-30T17:30:54.472+0000] {taskinstance.py:3901} INFO - 1 downstream tasks scheduled from follow-on schedule check
[2026-04-30T17:30:54.476+0000] {local_task_job_runner.py:245} INFO - ::endgroup::
